Archive member included because of file (symbol)

C:\Program Files (x86)\VEX Robotics\VEXcode Pro V5\sdk/vexv5\libv5rt.a(v5_startup.c.obj)
                              (vexStartup)
C:\Program Files (x86)\VEX Robotics\VEXcode Pro V5\sdk/vexv5\libv5rt.a(v5_util.c.obj)
                              C:\Program Files (x86)\VEX Robotics\VEXcode Pro V5\sdk/vexv5\libv5rt.a(v5_startup.c.obj) (vexStdlibVersionLinked)
C:\Program Files (x86)\VEX Robotics\VEXcode Pro V5\sdk/vexv5\libv5rt.a(v5_apijump.c.obj)
                              C:\Program Files (x86)\VEX Robotics\VEXcode Pro V5\sdk/vexv5\libv5rt.a(v5_startup.c.obj) (vexPrivateApiEnable)
C:\Program Files (x86)\VEX Robotics\VEXcode Pro V5\sdk/vexv5\libv5rt.a(v5_apiversions.c.obj)
                              C:\Program Files (x86)\VEX Robotics\VEXcode Pro V5\sdk/vexv5\libv5rt.a(v5_apijump.c.obj) (vexSystemVersion)
C:\Program Files (x86)\VEX Robotics\VEXcode Pro V5\sdk/vexv5\libv5rt.a(vex_global.cpp.obj)
                              build/src/main.o (vex::wait(double, vex::timeUnits))
C:\Program Files (x86)\VEX Robotics\VEXcode Pro V5\sdk/vexv5\libv5rt.a(vex_motor.cpp.obj)
                              build/src/robot-config.o (vex::motor::~motor())
C:\Program Files (x86)\VEX Robotics\VEXcode Pro V5\sdk/vexv5\libv5rt.a(vex_imu.cpp.obj)
                              build/src/main.o (vex::inertial::setHeading(double, vex::rotationUnits))
C:\Program Files (x86)\VEX Robotics\VEXcode Pro V5\sdk/vexv5\libv5rt.a(vex_optical.cpp.obj)
                              build/src/robot-config.o (vex::optical::~optical())
C:\Program Files (x86)\VEX Robotics\VEXcode Pro V5\sdk/vexv5\libv5rt.a(vex_distance.cpp.obj)
                              build/src/robot-config.o (vex::distance::~distance())
C:\Program Files (x86)\VEX Robotics\VEXcode Pro V5\sdk/vexv5\libv5rt.a(vex_controller.cpp.obj)
                              build/src/robot-config.o (vex::controller::~controller())
C:\Program Files (x86)\VEX Robotics\VEXcode Pro V5\sdk/vexv5\libv5rt.a(vex_task.cpp.obj)
                              build/src/main.o (vex::task::task())
C:\Program Files (x86)\VEX Robotics\VEXcode Pro V5\sdk/vexv5\libv5rt.a(vex_thread.cpp.obj)
                              C:\Program Files (x86)\VEX Robotics\VEXcode Pro V5\sdk/vexv5\libv5rt.a(vex_global.cpp.obj) (vex::this_thread::sleep_for(unsigned long))
C:\Program Files (x86)\VEX Robotics\VEXcode Pro V5\sdk/vexv5\libv5rt.a(vex_event.cpp.obj)
                              C:\Program Files (x86)\VEX Robotics\VEXcode Pro V5\sdk/vexv5\libv5rt.a(vex_imu.cpp.obj) (vex::event::init(unsigned long, unsigned long, void (*)()))
C:\Program Files (x86)\VEX Robotics\VEXcode Pro V5\sdk/vexv5\libv5rt.a(vex_mevent.cpp.obj)
                              C:\Program Files (x86)\VEX Robotics\VEXcode Pro V5\sdk/vexv5\libv5rt.a(vex_controller.cpp.obj) (vex::mevent::mevent(unsigned long, unsigned long))
C:\Program Files (x86)\VEX Robotics\VEXcode Pro V5\sdk/vexv5\libv5rt.a(vex_brain.cpp.obj)
                              build/src/main.o (vex::brain::lcd::setFont(vex::fontType))
C:\Program Files (x86)\VEX Robotics\VEXcode Pro V5\sdk/vexv5\libv5rt.a(vex_competition.cpp.obj)
                              build/src/main.o (vex::competition::competition())
C:\Program Files (x86)\VEX Robotics\VEXcode Pro V5\sdk/vexv5\libv5rt.a(vex_triport.cpp.obj)
                              build/src/robot-config.o (vex::triport::~triport())
C:\Program Files (x86)\VEX Robotics\VEXcode Pro V5\sdk/vexv5\libv5rt.a(vex_color.cpp.obj)
                              build/src/main.o (vex::color::~color())
C:\Program Files (x86)\VEX Robotics\VEXcode Pro V5\sdk/vexv5\libv5rt.a(vex_timer.cpp.obj)
                              build/src/main.o (vex::timer::~timer())
C:\Program Files (x86)\VEX Robotics\VEXcode Pro V5\sdk/vexv5\libv5rt.a(vex_motorgroup.cpp.obj)
                              build/src/robot-config.o (vex::motor_group::motor_group())
C:\Program Files (x86)\VEX Robotics\VEXcode Pro V5\sdk/vexv5\libv5rt.a(v5_apiuser.c.obj)
                              C:\Program Files (x86)\VEX Robotics\VEXcode Pro V5\sdk/vexv5\libv5rt.a(vex_triport.cpp.obj) (vexAdiPortConfigSet)
C:\Program Files (x86)\VEX Robotics\VEXcode Pro V5\sdk/vexv5\libv5rt.a(vex_device.cpp.obj)
                              C:\Program Files (x86)\VEX Robotics\VEXcode Pro V5\sdk/vexv5\libv5rt.a(vex_motor.cpp.obj) (vex::device::~device())
C:\Program Files (x86)\VEX Robotics\VEXcode Pro V5\sdk/vexv5/gcc/libs\libc.a(lib_a-aeabi_memclr.o)
                              build/src/main.o (__aeabi_memclr8)
C:\Program Files (x86)\VEX Robotics\VEXcode Pro V5\sdk/vexv5/gcc/libs\libc.a(lib_a-aeabi_memcpy.o)
                              build/src/main.o (__aeabi_memcpy8)
C:\Program Files (x86)\VEX Robotics\VEXcode Pro V5\sdk/vexv5/gcc/libs\libc.a(lib_a-aeabi_memmove-soft.o)
                              build/src/main.o (__aeabi_memmove8)
C:\Program Files (x86)\VEX Robotics\VEXcode Pro V5\sdk/vexv5/gcc/libs\libc.a(lib_a-aeabi_memset-soft.o)
[...]
Memory Configuration

Name             Origin             Length             Attributes
ps7_ddr_0_S_AXI_BASEADDR 0x03800000         0x04800000
*default*        0x00000000         0xffffffff

Linker script and memory map

                0x00002000                _STACK_SIZE = DEFINED (_STACK_SIZE)?_STACK_SIZE:0x2000
                0x00100000                _HEAP_SIZE = DEFINED (_HEAP_SIZE)?_HEAP_SIZE:0x100000
                0x00000400                _ABORT_STACK_SIZE = DEFINED (_ABORT_STACK_SIZE)?_ABORT_STACK_SIZE:0x400
                0x00000800                _SUPERVISOR_STACK_SIZE = DEFINED (_SUPERVISOR_STACK_SIZE)?_SUPERVISOR_STACK_SIZE:0x800
                0x00000400                _IRQ_STACK_SIZE = DEFINED (_IRQ_STACK_SIZE)?_IRQ_STACK_SIZE:0x400
                0x00000400                _FIQ_STACK_SIZE = DEFINED (_FIQ_STACK_SIZE)?_FIQ_STACK_SIZE:0x400
                0x00000400                _UNDEF_STACK_SIZE = DEFINED (_UNDEF_STACK_SIZE)?_UNDEF_STACK_SIZE:0x400

.text           0x03800000     0x87e8
 *(.vectors)
 *(.boot_data)
 .boot_data     0x03800000       0x20 C:\Program Files (x86)\VEX Robotics\VEXcode Pro V5\sdk/vexv5\libv5rt.a(v5_startup.c.obj)
                0x03800000                vexCodeSig
                0x00000020                . = 0x20
 *(.boot)
 .boot          0x03800020       0xbc C:\Program Files (x86)\VEX Robotics\VEXcode Pro V5\sdk/vexv5\libv5rt.a(v5_startup.c.obj)
                0x03800020                vexStartup
                0x03800100                . = ALIGN (0x40)
 *fill*         0x038000dc       0x24 
 *(.freertos_vectors)
 *(.text)
 .text          0x03800100       0x3a C:\Program Files (x86)\VEX Robotics\VEXcode Pro V5\sdk/vexv5/gcc/libs\libc.a(lib_a-aeabi_memmove-soft.o)
                0x03800100                __aeabi_memmove4
                0x03800100                __aeabi_memmove
                0x03800100                __aeabi_memmove8
 .text          0x0380013a       0x9a C:\Program Files (x86)\VEX Robotics\VEXcode Pro V5\sdk/vexv5/gcc/libs\libc.a(lib_a-aeabi_memset-soft.o)
                0x0380013a                __aeabi_memset8
                0x0380013a                __aeabi_memset
                0x0380013a                __aeabi_memset4
 *(.text.*)
 .text._Z11displayInfov
                0x038001d4      0x1b0 build/src/main.o
                0x038001d4                displayInfo()
 *fill*         0x03800384        0x4 
 .text._Z5drivev
                0x03800388      0x790 build/src/main.o
                0x03800388                drive()
 .text._Z15displayTrackingv
                0x03800b18      0x270 build/src/main.o
                0x03800b18                displayTracking()
 .text._Z16inertialAdjustedv
                0x03800d88       0x68 build/src/main.o
                0x03800d88                inertialAdjusted()
 .text._Z13startTrackingv
                0x03800df0      0x358 build/src/main.o
                0x03800df0                startTracking()
 .text._Z4Turndddd
                0x03801148      0x218 build/src/main.o
                0x03801148                Turn(double, double, double, double)
 .text._Z4moveSt9__va_listN3vex13directionTypeEiddd
                0x03801360      0xbf0 build/src/main.o
                0x03801360                move(std::__va_list, vex::directionType, int, double, double, double)
 .text._ZN6BezierC2Ev
                0x03801f50       0xd4 build/src/main.o
                0x03801f50                Bezier::Bezier()
 *fill*         0x03802024        0x4 
 .text._ZN6BezierC2E4PoseS0_ii
                0x03802028      0x268 build/src/main.o
                0x03802028                Bezier::Bezier(Pose, Pose, int, int)
 .text._ZN6Bezier10lengthleftEdd
                0x03802290       0xbc build/src/main.o
                0x03802290                Bezier::lengthleft(double, double)
 .text._ZN6Bezier14closestPointToE5Point
                0x0380234c      0x298 build/src/main.o
                0x0380234c                Bezier::closestPointTo(Point)
 .text._ZN6Bezier8getValueEd
                0x038025e4      0x138 build/src/main.o
                0x038025e4                Bezier::getValue(double)
 *fill*         0x0380271c        0x4 
 .text._ZN6Bezier8getAngleEd
                0x03802720       0xb8 build/src/main.o
                0x03802720                Bezier::getAngle(double)
 .text._ZN6Bezier7displayEi
                0x038027d8      0x140 build/src/main.o
                0x038027d8                Bezier::display(int)
 .text._Z4moveN3vex13directionTypeEiddz
                0x03802918       0x50 build/src/main.o
                0x03802918                move(vex::directionType, int, double, double, ...)
 .text._Z15parallelHandlerv
                0x03802968       0x88 build/src/main.o
                0x03802968                parallelHandler()
 .text._Z12moveParallelN3vex13directionTypeEidz
                0x038029f0       0x84 build/src/main.o
                0x038029f0                moveParallel(vex::directionType, int, double, ...)
 .text._Z12moveParallelN3vex13directionTypeEiddz
                0x03802a74       0x84 build/src/main.o
                0x03802a74                moveParallel(vex::directionType, int, double, double, ...)
 .text._Z10spinRollerbbd
                0x03802af8      0x3b0 build/src/main.o
                0x03802af8                spinRoller(bool, bool, double)
 .text._Z14trackDiscsShotv
                0x03802ea8       0xdc build/src/main.o
                0x03802ea8                trackDiscsShot()
 *fill*         0x03802f84        0x4 
 .text._Z16resetIntakeSpeedv
                0x03802f88       0x70 build/src/main.o
                0x03802f88                resetIntakeSpeed()
 .text._Z14maintain3Discsv
                0x03802ff8      0x22c build/src/main.o
                0x03802ff8                maintain3Discs()
 *fill*         0x03803224        0x4 
 .text._Z11flywheelPIDv
                0x03803228      0x440 build/src/main.o
                0x03803228                flywheelPID()
 .text._Z17waitWhileShootingd
                0x03803668       0xa8 build/src/main.o
                0x03803668                waitWhileShooting(double)
 .text._Z10rightSide9b
                0x03803710      0x8c8 build/src/main.o
                0x03803710                rightSide9(bool)
 .text._Z20calibrateLineSensorsv
                0x03803fd8      0x174 build/src/main.o
                0x03803fd8                calibrateLineSensors()
 .text._Z18calibrateIntertialv
                0x0380414c       0xe4 build/src/main.o
                0x0380414c                calibrateIntertial()
 .text._Z17colorSelectScreenv
                0x03804230      0x188 build/src/main.o
                0x03804230                colorSelectScreen()
 .text._Z9pre_autonv
                0x038043b8       0x44 build/src/main.o
                0x038043b8                pre_auton()
 .text._Z10autonomousv
                0x038043fc       0x50 build/src/main.o
                0x038043fc                autonomous()
 .text._Z11usercontrolv
                0x0380444c        0xc build/src/main.o
                0x0380444c                usercontrol()
 .text.main     0x03804458       0x68 build/src/main.o
                0x03804458                main
 .text._ZN6Bezier19binarySearchMinDistEiPdd5Point
                0x038044c0      0x20c build/src/main.o
                0x038044c0                Bezier::binarySearchMinDist(int, double*, double, Point)
 .text._ZNSt6vectorI5PointSaIS0_EE19_M_emplace_back_auxIJS0_EEEvDpOT_
                0x038046cc       0x8c build/src/main.o
                0x038046cc                void std::vector<Point, std::allocator<Point> >::_M_emplace_back_aux<Point>(Point&&)
 .text._ZNKSt6vectorI5PointSaIS0_EE12_M_check_lenEjPKc
                0x03804758       0x54 build/src/main.o
                0x03804758                std::vector<Point, std::allocator<Point> >::_M_check_len(unsigned int, char const*) const
 .text._ZNSt12_Vector_baseI5PointSaIS0_EE11_M_allocateEj
                0x038047ac       0x30 build/src/main.o
                0x038047ac                std::_Vector_base<Point, std::allocator<Point> >::_M_allocate(unsigned int)
 .text._GLOBAL__sub_I_main.cpp
                0x038047dc       0xa4 build/src/main.o
 .text._ZN3vex11motor_groupC2IJNS_5motorES2_EEERS2_DpRT_
                0x03804880       0x44 build/src/robot-config.o
                0x03804880                vex::motor_group::motor_group<vex::motor, vex::motor>(vex::motor&, vex::motor&, vex::motor&)
 .text._Z11vexcodeInitv
                0x038048c4        0x4 build/src/robot-config.o
                0x038048c4                vexcodeInit()
 .text._GLOBAL__sub_I_robot_config.cpp
                0x038048c8      0x52c build/src/robot-config.o
 .text.vexMain  0x03804df4       0xb0 C:\Program Files (x86)\VEX Robotics\VEXcode Pro V5\sdk/vexv5\libv5rt.a(v5_startup.c.obj)
                0x03804df4                vexMain
 .text.__vex_function_prolog
                0x03804ea4       0x18 C:\Program Files (x86)\VEX Robotics\VEXcode Pro V5\sdk/vexv5\libv5rt.a(v5_startup.c.obj)
                0x03804ea4                __vex_function_prolog
 .text._init    0x03804ebc        0x4 C:\Program Files (x86)\VEX Robotics\VEXcode Pro V5\sdk/vexv5\libv5rt.a(v5_startup.c.obj)
                0x03804ebc                _init
 .text._fini    0x03804ec0        0x4 C:\Program Files (x86)\VEX Robotics\VEXcode Pro V5\sdk/vexv5\libv5rt.a(v5_startup.c.obj)
                0x03804ec0                _fini
 .text.vexStdlibVersionLinked
                0x03804ec4        0xc C:\Program Files (x86)\VEX Robotics\VEXcode Pro V5\sdk/vexv5\libv5rt.a(v5_util.c.obj)
                0x03804ec4                vexStdlibVersionLinked
 .text.vexStdlibVersionVerify
                0x03804ed0       0x30 C:\Program Files (x86)\VEX Robotics\VEXcode Pro V5\sdk/vexv5\libv5rt.a(v5_util.c.obj)
                0x03804ed0                vexStdlibVersionVerify
 .text.vexPrivateApiEnable
                0x03804f00       0x10 C:\Program Files (x86)\VEX Robotics\VEXcode Pro V5\sdk/vexv5\libv5rt.a(v5_apijump.c.obj)
                0x03804f00                vexPrivateApiEnable
 .text.vexStdlibMismatchError
                0x03804f10       0x3c C:\Program Files (x86)\VEX Robotics\VEXcode Pro V5\sdk/vexv5\libv5rt.a(v5_apijump.c.obj)
                0x03804f10                vexStdlibMismatchError
 .text.vexTaskAdd
                0x03804f4c       0x10 C:\Program Files (x86)\VEX Robotics\VEXcode Pro V5\sdk/vexv5\libv5rt.a(v5_apijump.c.obj)
                0x03804f4c                vexTaskAdd
 .text.vexTasksRun
                0x03804f5c       0x10 C:\Program Files (x86)\VEX Robotics\VEXcode Pro V5\sdk/vexv5\libv5rt.a(v5_apijump.c.obj)
                0x03804f5c                vexTasksRun
 .text.vexTaskYield
                0x03804f6c       0x10 C:\Program Files (x86)\VEX Robotics\VEXcode Pro V5\sdk/vexv5\libv5rt.a(v5_apijump.c.obj)
                0x03804f6c                vexTaskYield
 .text.vexTaskCheckTimeslice
                0x03804f7c       0x10 C:\Program Files (x86)\VEX Robotics\VEXcode Pro V5\sdk/vexv5\libv5rt.a(v5_apijump.c.obj)
                0x03804f7c                vexTaskCheckTimeslice
 .text.vexTaskGetIndex
                0x03804f8c       0x10 C:\Program Files (x86)\VEX Robotics\VEXcode Pro V5\sdk/vexv5\libv5rt.a(v5_apijump.c.obj)
                0x03804f8c                vexTaskGetIndex
 .text.vexTaskSleep
                0x03804f9c       0x10 C:\Program Files (x86)\VEX Robotics\VEXcode Pro V5\sdk/vexv5\libv5rt.a(v5_apijump.c.obj)
                0x03804f9c                vexTaskSleep
 .text.vexTasksDump
                0x03804fac       0x1c C:\Program Files (x86)\VEX Robotics\VEXcode Pro V5\sdk/vexv5\libv5rt.a(v5_apijump.c.obj)
                0x03804fac                vexTasksDump
 .text.vexTaskGetTaskIndex
                0x03804fc8       0x10 C:\Program Files (x86)\VEX Robotics\VEXcode Pro V5\sdk/vexv5\libv5rt.a(v5_apijump.c.obj)
                0x03804fc8                vexTaskGetTaskIndex
 .text.vexTaskStopAll
                0x03804fd8       0x10 C:\Program Files (x86)\VEX Robotics\VEXcode Pro V5\sdk/vexv5\libv5rt.a(v5_apijump.c.obj)
                0x03804fd8                vexTaskStopAll
 .text.vexTaskRemoveAllUser
                0x03804fe8       0x34 C:\Program Files (x86)\VEX Robotics\VEXcode Pro V5\sdk/vexv5\libv5rt.a(v5_apijump.c.obj)
                0x03804fe8                vexTaskRemoveAllUser
 .text.vexTaskCompletionIdSet
                0x0380501c       0x10 C:\Program Files (x86)\VEX Robotics\VEXcode Pro V5\sdk/vexv5\libv5rt.a(v5_apijump.c.obj)
                0x0380501c                vexTaskCompletionIdSet
 .text.vexTaskStopWithId
                0x0380502c       0x10 C:\Program Files (x86)\VEX Robotics\VEXcode Pro V5\sdk/vexv5\libv5rt.a(v5_apijump.c.obj)
                0x0380502c                vexTaskStopWithId
 .text.vexTaskGetCallbackAndId
                0x0380503c       0x54 C:\Program Files (x86)\VEX Robotics\VEXcode Pro V5\sdk/vexv5\libv5rt.a(v5_apijump.c.obj)
                0x0380503c                vexTaskGetCallbackAndId
 .text.vexCriticalSection
                0x03805090       0x2c C:\Program Files (x86)\VEX Robotics\VEXcode Pro V5\sdk/vexv5\libv5rt.a(v5_apijump.c.obj)
                0x03805090                vexCriticalSection
 .text.vexEventAdd
                0x038050bc       0x34 C:\Program Files (x86)\VEX Robotics\VEXcode Pro V5\sdk/vexv5\libv5rt.a(v5_apijump.c.obj)
                0x038050bc                vexEventAdd
 .text.vexEventUserIndexGet
                0x038050f0       0x1c C:\Program Files (x86)\VEX Robotics\VEXcode Pro V5\sdk/vexv5\libv5rt.a(v5_apijump.c.obj)
                0x038050f0                vexEventUserIndexGet
 .text.vexEventAddWithArg
                0x0380510c       0x3c C:\Program Files (x86)\VEX Robotics\VEXcode Pro V5\sdk/vexv5\libv5rt.a(v5_apijump.c.obj)
                0x0380510c                vexEventAddWithArg
 .text.vexEventsCleanup
                0x03805148       0x2c C:\Program Files (x86)\VEX Robotics\VEXcode Pro V5\sdk/vexv5\libv5rt.a(v5_apijump.c.obj)
                0x03805148                vexEventsCleanup
 .text.vexDebug
                0x03805174       0x38 C:\Program Files (x86)\VEX Robotics\VEXcode Pro V5\sdk/vexv5\libv5rt.a(v5_apijump.c.obj)
                0x03805174                vexDebug
 .text.vex_sprintf
                0x038051ac       0x40 C:\Program Files (x86)\VEX Robotics\VEXcode Pro V5\sdk/vexv5\libv5rt.a(v5_apijump.c.obj)
                0x038051ac                vex_sprintf
 .text.vex_vsnprintf
                0x038051ec       0x3c C:\Program Files (x86)\VEX Robotics\VEXcode Pro V5\sdk/vexv5\libv5rt.a(v5_apijump.c.obj)
                0x038051ec                vex_vsnprintf
 .text.vexSystemTimeGet
                0x03805228       0x1c C:\Program Files (x86)\VEX Robotics\VEXcode Pro V5\sdk/vexv5\libv5rt.a(v5_apijump.c.obj)
                0x03805228                vexSystemTimeGet
 .text.vexSystemExitRequest
                0x03805244       0x1c C:\Program Files (x86)\VEX Robotics\VEXcode Pro V5\sdk/vexv5\libv5rt.a(v5_apijump.c.obj)
                0x03805244                vexSystemExitRequest
 .text.vexDeviceGetByIndex
                0x03805260       0x24 C:\Program Files (x86)\VEX Robotics\VEXcode Pro V5\sdk/vexv5\libv5rt.a(v5_apijump.c.obj)
                0x03805260                vexDeviceGetByIndex
 .text.vexControllerGet
                0x03805284       0x2c C:\Program Files (x86)\VEX Robotics\VEXcode Pro V5\sdk/vexv5\libv5rt.a(v5_apijump.c.obj)
                0x03805284                vexControllerGet
 .text.vexControllerTextSet
                0x038052b0       0x74 C:\Program Files (x86)\VEX Robotics\VEXcode Pro V5\sdk/vexv5\libv5rt.a(v5_apijump.c.obj)
                0x038052b0                vexControllerTextSet
 .text.vexDeviceAdiPortConfigSet
                0x03805324       0x34 C:\Program Files (x86)\VEX Robotics\VEXcode Pro V5\sdk/vexv5\libv5rt.a(v5_apijump.c.obj)
                0x03805324                vexDeviceAdiPortConfigSet
 .text.vexDeviceAdiPortConfigGet
                0x03805358       0x2c C:\Program Files (x86)\VEX Robotics\VEXcode Pro V5\sdk/vexv5\libv5rt.a(v5_apijump.c.obj)
                0x03805358                vexDeviceAdiPortConfigGet
 .text.vexDeviceAdiValueSet
                0x03805384       0x34 C:\Program Files (x86)\VEX Robotics\VEXcode Pro V5\sdk/vexv5\libv5rt.a(v5_apijump.c.obj)
                0x03805384                vexDeviceAdiValueSet
 .text.vexDeviceAdiValueGet
                0x038053b8       0x2c C:\Program Files (x86)\VEX Robotics\VEXcode Pro V5\sdk/vexv5\libv5rt.a(v5_apijump.c.obj)
                0x038053b8                vexDeviceAdiValueGet
 .text.vexDeviceMotorVelocitySet
                0x038053e4       0x2c C:\Program Files (x86)\VEX Robotics\VEXcode Pro V5\sdk/vexv5\libv5rt.a(v5_apijump.c.obj)
                0x038053e4                vexDeviceMotorVelocitySet
 .text.vexDeviceMotorVoltageSet
                0x03805410       0x2c C:\Program Files (x86)\VEX Robotics\VEXcode Pro V5\sdk/vexv5\libv5rt.a(v5_apijump.c.obj)
                0x03805410                vexDeviceMotorVoltageSet
 .text.vexDeviceMotorVelocityGet
                0x0380543c       0x24 C:\Program Files (x86)\VEX Robotics\VEXcode Pro V5\sdk/vexv5\libv5rt.a(v5_apijump.c.obj)
                0x0380543c                vexDeviceMotorVelocityGet
 .text.vexDeviceMotorActualVelocityGet
                0x03805460       0x24 C:\Program Files (x86)\VEX Robotics\VEXcode Pro V5\sdk/vexv5\libv5rt.a(v5_apijump.c.obj)
                0x03805460                vexDeviceMotorActualVelocityGet
 .text.vexDeviceMotorModeGet
                0x03805484       0x24 C:\Program Files (x86)\VEX Robotics\VEXcode Pro V5\sdk/vexv5\libv5rt.a(v5_apijump.c.obj)
                0x03805484                vexDeviceMotorModeGet
 .text.vexDeviceMotorTemperatureGet
                0x038054a8       0x24 C:\Program Files (x86)\VEX Robotics\VEXcode Pro V5\sdk/vexv5\libv5rt.a(v5_apijump.c.obj)
                0x038054a8                vexDeviceMotorTemperatureGet
 .text.vexDeviceMotorZeroPositionFlagGet
                0x038054cc       0x24 C:\Program Files (x86)\VEX Robotics\VEXcode Pro V5\sdk/vexv5\libv5rt.a(v5_apijump.c.obj)
                0x038054cc                vexDeviceMotorZeroPositionFlagGet
 .text.vexDeviceMotorReverseFlagSet
                0x038054f0       0x2c C:\Program Files (x86)\VEX Robotics\VEXcode Pro V5\sdk/vexv5\libv5rt.a(v5_apijump.c.obj)
                0x038054f0                vexDeviceMotorReverseFlagSet
 .text.vexDeviceMotorEncoderUnitsSet
                0x0380551c       0x2c C:\Program Files (x86)\VEX Robotics\VEXcode Pro V5\sdk/vexv5\libv5rt.a(v5_apijump.c.obj)
                0x0380551c                vexDeviceMotorEncoderUnitsSet
 .text.vexDeviceMotorBrakeModeSet
                0x03805548       0x2c C:\Program Files (x86)\VEX Robotics\VEXcode Pro V5\sdk/vexv5\libv5rt.a(v5_apijump.c.obj)
                0x03805548                vexDeviceMotorBrakeModeSet
 .text.vexDeviceMotorPositionSet
                0x03805574       0x34 C:\Program Files (x86)\VEX Robotics\VEXcode Pro V5\sdk/vexv5\libv5rt.a(v5_apijump.c.obj)
                0x03805574                vexDeviceMotorPositionSet
 .text.vexDeviceMotorRelativeTargetSet
                0x038055a8       0x3c C:\Program Files (x86)\VEX Robotics\VEXcode Pro V5\sdk/vexv5\libv5rt.a(v5_apijump.c.obj)
                0x038055a8                vexDeviceMotorRelativeTargetSet
 .text.vexDeviceMotorGearingSet
                0x038055e4       0x2c C:\Program Files (x86)\VEX Robotics\VEXcode Pro V5\sdk/vexv5\libv5rt.a(v5_apijump.c.obj)
                0x038055e4                vexDeviceMotorGearingSet
 .text.vexDeviceMotorGearingGet
                0x03805610       0x24 C:\Program Files (x86)\VEX Robotics\VEXcode Pro V5\sdk/vexv5\libv5rt.a(v5_apijump.c.obj)
                0x03805610                vexDeviceMotorGearingGet
 .text.vexDeviceImuReset
                0x03805634       0x24 C:\Program Files (x86)\VEX Robotics\VEXcode Pro V5\sdk/vexv5\libv5rt.a(v5_apijump.c.obj)
                0x03805634                vexDeviceImuReset
 .text.vexDeviceImuHeadingGet
                0x03805658       0x24 C:\Program Files (x86)\VEX Robotics\VEXcode Pro V5\sdk/vexv5\libv5rt.a(v5_apijump.c.obj)
                0x03805658                vexDeviceImuHeadingGet
 .text.vexDeviceImuDegreesGet
                0x0380567c       0x24 C:\Program Files (x86)\VEX Robotics\VEXcode Pro V5\sdk/vexv5\libv5rt.a(v5_apijump.c.obj)
                0x0380567c                vexDeviceImuDegreesGet
 .text.vexDeviceImuStatusGet
                0x038056a0       0x24 C:\Program Files (x86)\VEX Robotics\VEXcode Pro V5\sdk/vexv5\libv5rt.a(v5_apijump.c.obj)
                0x038056a0                vexDeviceImuStatusGet
 .text.vexDeviceOpticalHueGet
                0x038056c4       0x24 C:\Program Files (x86)\VEX Robotics\VEXcode Pro V5\sdk/vexv5\libv5rt.a(v5_apijump.c.obj)
                0x038056c4                vexDeviceOpticalHueGet
 .text.vexDeviceOpticalProximityGet
                0x038056e8       0x24 C:\Program Files (x86)\VEX Robotics\VEXcode Pro V5\sdk/vexv5\libv5rt.a(v5_apijump.c.obj)
                0x038056e8                vexDeviceOpticalProximityGet
 .text.vexDeviceOpticalLedPwmSet
                0x0380570c       0x2c C:\Program Files (x86)\VEX Robotics\VEXcode Pro V5\sdk/vexv5\libv5rt.a(v5_apijump.c.obj)
                0x0380570c                vexDeviceOpticalLedPwmSet
 .text.vexDeviceOpticalGestureEnable
                0x03805738       0x24 C:\Program Files (x86)\VEX Robotics\VEXcode Pro V5\sdk/vexv5\libv5rt.a(v5_apijump.c.obj)
                0x03805738                vexDeviceOpticalGestureEnable
 .text.vexDeviceOpticalGestureDisable
                0x0380575c       0x24 C:\Program Files (x86)\VEX Robotics\VEXcode Pro V5\sdk/vexv5\libv5rt.a(v5_apijump.c.obj)
                0x0380575c                vexDeviceOpticalGestureDisable
 .text.vexDeviceOpticalProximityThreshold
                0x03805780       0x2c C:\Program Files (x86)\VEX Robotics\VEXcode Pro V5\sdk/vexv5\libv5rt.a(v5_apijump.c.obj)
                0x03805780                vexDeviceOpticalProximityThreshold
 .text.vexDeviceDistanceDistanceGet
                0x038057ac       0x24 C:\Program Files (x86)\VEX Robotics\VEXcode Pro V5\sdk/vexv5\libv5rt.a(v5_apijump.c.obj)
                0x038057ac                vexDeviceDistanceDistanceGet
 .text.vexDisplayForegroundColor
                0x038057d0       0x24 C:\Program Files (x86)\VEX Robotics\VEXcode Pro V5\sdk/vexv5\libv5rt.a(v5_apijump.c.obj)
                0x038057d0                vexDisplayForegroundColor
 .text.vexDisplayBackgroundColor
                0x038057f4       0x24 C:\Program Files (x86)\VEX Robotics\VEXcode Pro V5\sdk/vexv5\libv5rt.a(v5_apijump.c.obj)
                0x038057f4                vexDisplayBackgroundColor
 .text.vexDisplayBackgroundColorGet
                0x03805818       0x1c C:\Program Files (x86)\VEX Robotics\VEXcode Pro V5\sdk/vexv5\libv5rt.a(v5_apijump.c.obj)
                0x03805818                vexDisplayBackgroundColorGet
 .text.vexDisplayPixelSet
                0x03805834       0x38 C:\Program Files (x86)\VEX Robotics\VEXcode Pro V5\sdk/vexv5\libv5rt.a(v5_apijump.c.obj)
                0x03805834                vexDisplayPixelSet
 .text.vexDisplayLineDraw
                0x0380586c       0x4c C:\Program Files (x86)\VEX Robotics\VEXcode Pro V5\sdk/vexv5\libv5rt.a(v5_apijump.c.obj)
                0x0380586c                vexDisplayLineDraw
 .text.vexDisplayRectDraw
                0x038058b8       0x4c C:\Program Files (x86)\VEX Robotics\VEXcode Pro V5\sdk/vexv5\libv5rt.a(v5_apijump.c.obj)
                0x038058b8                vexDisplayRectDraw
 .text.vexDisplayRectClear
                0x03805904       0x4c C:\Program Files (x86)\VEX Robotics\VEXcode Pro V5\sdk/vexv5\libv5rt.a(v5_apijump.c.obj)
                0x03805904                vexDisplayRectClear
 .text.vexDisplayCircleDraw
                0x03805950       0x40 C:\Program Files (x86)\VEX Robotics\VEXcode Pro V5\sdk/vexv5\libv5rt.a(v5_apijump.c.obj)
                0x03805950                vexDisplayCircleDraw
 .text.vexDisplayCircleClear
                0x03805990       0x40 C:\Program Files (x86)\VEX Robotics\VEXcode Pro V5\sdk/vexv5\libv5rt.a(v5_apijump.c.obj)
                0x03805990                vexDisplayCircleClear
 .text.vexDisplayVPrintf
                0x038059d0       0x50 C:\Program Files (x86)\VEX Robotics\VEXcode Pro V5\sdk/vexv5\libv5rt.a(v5_apijump.c.obj)
                0x038059d0                vexDisplayVPrintf
 .text.vexDisplayTextReference
                0x03805a20       0x24 C:\Program Files (x86)\VEX Robotics\VEXcode Pro V5\sdk/vexv5\libv5rt.a(v5_apijump.c.obj)
                0x03805a20                vexDisplayTextReference
 .text.vexDisplayTextSize
                0x03805a44       0x2c C:\Program Files (x86)\VEX Robotics\VEXcode Pro V5\sdk/vexv5\libv5rt.a(v5_apijump.c.obj)
                0x03805a44                vexDisplayTextSize
 .text.vexDisplayFontNamedSet
                0x03805a70       0x24 C:\Program Files (x86)\VEX Robotics\VEXcode Pro V5\sdk/vexv5\libv5rt.a(v5_apijump.c.obj)
                0x03805a70                vexDisplayFontNamedSet
 .text.vexDisplayStringWidthGet
                0x03805a94       0x24 C:\Program Files (x86)\VEX Robotics\VEXcode Pro V5\sdk/vexv5\libv5rt.a(v5_apijump.c.obj)
                0x03805a94                vexDisplayStringWidthGet
 .text.vexDisplayPenSizeGet
                0x03805ab8       0x1c C:\Program Files (x86)\VEX Robotics\VEXcode Pro V5\sdk/vexv5\libv5rt.a(v5_apijump.c.obj)
                0x03805ab8                vexDisplayPenSizeGet
 .text.vexSystemStdlibImpureDataAddr
                0x03805ad4       0x28 C:\Program Files (x86)\VEX Robotics\VEXcode Pro V5\sdk/vexv5\libv5rt.a(v5_apijump.c.obj)
                0x03805ad4                vexSystemStdlibImpureDataAddr
 .text.vexSystemStdlibImpureDataSize
                0x03805afc       0x28 C:\Program Files (x86)\VEX Robotics\VEXcode Pro V5\sdk/vexv5\libv5rt.a(v5_apijump.c.obj)
                0x03805afc                vexSystemStdlibImpureDataSize
 .text.vexSystemSaveUserData
                0x03805b24       0x3c C:\Program Files (x86)\VEX Robotics\VEXcode Pro V5\sdk/vexv5\libv5rt.a(v5_apijump.c.obj)
                0x03805b24                vexSystemSaveUserData
 .text.vexTouchDataGet
                0x03805b60       0x10 C:\Program Files (x86)\VEX Robotics\VEXcode Pro V5\sdk/vexv5\libv5rt.a(v5_apijump.c.obj)
                0x03805b60                vexTouchDataGet
 .text.vexDisplayThemeIdGet
                0x03805b70       0x38 C:\Program Files (x86)\VEX Robotics\VEXcode Pro V5\sdk/vexv5\libv5rt.a(v5_apijump.c.obj)
                0x03805b70                vexDisplayThemeIdGet
 .text.vexDeviceEventMaskSet
                0x03805ba8       0x48 C:\Program Files (x86)\VEX Robotics\VEXcode Pro V5\sdk/vexv5\libv5rt.a(v5_apijump.c.obj)
                0x03805ba8                vexDeviceEventMaskSet
 .text.vexDeviceEventMaskGet
                0x03805bf0       0x3c C:\Program Files (x86)\VEX Robotics\VEXcode Pro V5\sdk/vexv5\libv5rt.a(v5_apijump.c.obj)
                0x03805bf0                vexDeviceEventMaskGet
 .text.vexSystemVersion
                0x03805c2c       0x10 C:\Program Files (x86)\VEX Robotics\VEXcode Pro V5\sdk/vexv5\libv5rt.a(v5_apiversions.c.obj)
                0x03805c2c                vexSystemVersion
 .text.vexStdlibVersion
                0x03805c3c       0x10 C:\Program Files (x86)\VEX Robotics\VEXcode Pro V5\sdk/vexv5\libv5rt.a(v5_apiversions.c.obj)
                0x03805c3c                vexStdlibVersion
 *fill*         0x03805c4c        0x4 
 .text._ZN3vex4waitEdNS_9timeUnitsE
                0x03805c50       0x30 C:\Program Files (x86)\VEX Robotics\VEXcode Pro V5\sdk/vexv5\libv5rt.a(vex_global.cpp.obj)
                0x03805c50                vex::wait(double, vex::timeUnits)
 .text._ZN3vex5motorD2Ev
                0x03805c80       0x20 C:\Program Files (x86)\VEX Robotics\VEXcode Pro V5\sdk/vexv5\libv5rt.a(vex_motor.cpp.obj)
                0x03805c80                vex::motor::~motor()
                0x03805c80                vex::motor::~motor()
 .text._ZN3vex5motorD0Ev
                0x03805ca0       0x1c C:\Program Files (x86)\VEX Robotics\VEXcode Pro V5\sdk/vexv5\libv5rt.a(vex_motor.cpp.obj)
                0x03805ca0                vex::motor::~motor()
 .text._ZN3vex5motor9installedEv
                0x03805cbc       0x18 C:\Program Files (x86)\VEX Robotics\VEXcode Pro V5\sdk/vexv5\libv5rt.a(vex_motor.cpp.obj)
                0x03805cbc                vex::motor::installed()
 .text._ZN3vex5motor15defaultStoppingENS_9brakeTypeE
                0x03805cd4       0x30 C:\Program Files (x86)\VEX Robotics\VEXcode Pro V5\sdk/vexv5\libv5rt.a(vex_motor.cpp.obj)
                0x03805cd4                vex::motor::defaultStopping(vex::brakeType)
 .text._ZN3vex5motorC2El
                0x03805d04       0x78 C:\Program Files (x86)\VEX Robotics\VEXcode Pro V5\sdk/vexv5\libv5rt.a(vex_motor.cpp.obj)
                0x03805d04                vex::motor::motor(long)
                0x03805d04                vex::motor::motor(long)
 .text._ZN3vex5motorC2ElNS_11gearSettingEb
                0x03805d7c       0x34 C:\Program Files (x86)\VEX Robotics\VEXcode Pro V5\sdk/vexv5\libv5rt.a(vex_motor.cpp.obj)
                0x03805d7c                vex::motor::motor(long, vex::gearSetting, bool)
                0x03805d7c                vex::motor::motor(long, vex::gearSetting, bool)
 .text._ZN3vex5motor4spinENS_13directionTypeEdNS_12voltageUnitsE
                0x03805db0       0x50 C:\Program Files (x86)\VEX Robotics\VEXcode Pro V5\sdk/vexv5\libv5rt.a(vex_motor.cpp.obj)
                0x03805db0                vex::motor::spin(vex::directionType, double, vex::voltageUnits)
 .text._ZN3vex5motor14isSpinningModeEv
                0x03805e00       0x48 C:\Program Files (x86)\VEX Robotics\VEXcode Pro V5\sdk/vexv5\libv5rt.a(vex_motor.cpp.obj)
                0x03805e00                vex::motor::isSpinningMode()
 .text._ZN3vex5motor4stopENS_9brakeTypeE
                0x03805e48       0x30 C:\Program Files (x86)\VEX Robotics\VEXcode Pro V5\sdk/vexv5\libv5rt.a(vex_motor.cpp.obj)
                0x03805e48                vex::motor::stop(vex::brakeType)
 .text._ZN3vex5motor4stopEv
                0x03805e78        0x8 C:\Program Files (x86)\VEX Robotics\VEXcode Pro V5\sdk/vexv5\libv5rt.a(vex_motor.cpp.obj)
                0x03805e78                vex::motor::stop()
 .text._ZN3vex5motor11temperatureENS_16temperatureUnitsE
                0x03805e80       0x40 C:\Program Files (x86)\VEX Robotics\VEXcode Pro V5\sdk/vexv5\libv5rt.a(vex_motor.cpp.obj)
                0x03805e80                vex::motor::temperature(vex::temperatureUnits)
 .text._ZN3vex5motor16velocityToScaledEdNS_13velocityUnitsE
                0x03805ec0       0x5c C:\Program Files (x86)\VEX Robotics\VEXcode Pro V5\sdk/vexv5\libv5rt.a(vex_motor.cpp.obj)
                0x03805ec0                vex::motor::velocityToScaled(double, vex::velocityUnits)
 .text._ZN3vex5motor8velocityENS_13velocityUnitsE
                0x03805f1c       0x30 C:\Program Files (x86)\VEX Robotics\VEXcode Pro V5\sdk/vexv5\libv5rt.a(vex_motor.cpp.obj)
                0x03805f1c                vex::motor::velocity(vex::velocityUnits)
 .text._ZN3vex5motor5valueEv
                0x03805f4c       0x1c C:\Program Files (x86)\VEX Robotics\VEXcode Pro V5\sdk/vexv5\libv5rt.a(vex_motor.cpp.obj)
                0x03805f4c                vex::motor::value()
 .text._ZN3vex5motor16scaledToVelocityEdNS_13velocityUnitsE
                0x03805f68       0xa4 C:\Program Files (x86)\VEX Robotics\VEXcode Pro V5\sdk/vexv5\libv5rt.a(vex_motor.cpp.obj)
                0x03805f68                vex::motor::scaledToVelocity(double, vex::velocityUnits)
 .text._ZN3vex5motor4spinENS_13directionTypeEdNS_13velocityUnitsE
                0x0380600c       0x5c C:\Program Files (x86)\VEX Robotics\VEXcode Pro V5\sdk/vexv5\libv5rt.a(vex_motor.cpp.obj)
                0x0380600c                vex::motor::spin(vex::directionType, double, vex::velocityUnits)
 .text._ZN3vex5motor16setRotationUnitsENS_13rotationUnitsE
                0x03806068       0x1c C:\Program Files (x86)\VEX Robotics\VEXcode Pro V5\sdk/vexv5\libv5rt.a(vex_motor.cpp.obj)
                0x03806068                vex::motor::setRotationUnits(vex::rotationUnits)
 .text._ZN3vex5motor9rotateForEdNS_13rotationUnitsEdNS_13velocityUnitsEb
                0x03806084       0xf4 C:\Program Files (x86)\VEX Robotics\VEXcode Pro V5\sdk/vexv5\libv5rt.a(vex_motor.cpp.obj)
                0x03806084                vex::motor::rotateFor(double, vex::rotationUnits, double, vex::velocityUnits, bool)
 .text._ZN3vex5motor9rotateForENS_13directionTypeEdNS_13rotationUnitsEdNS_13velocityUnitsEb
                0x03806178       0x34 C:\Program Files (x86)\VEX Robotics\VEXcode Pro V5\sdk/vexv5\libv5rt.a(vex_motor.cpp.obj)
                0x03806178                vex::motor::rotateFor(vex::directionType, double, vex::rotationUnits, double, vex::velocityUnits, bool)
 .text._ZN3vex5motor14startRotateForENS_13directionTypeEdNS_13rotationUnitsEdNS_13velocityUnitsE
                0x038061ac       0x34 C:\Program Files (x86)\VEX Robotics\VEXcode Pro V5\sdk/vexv5\libv5rt.a(vex_motor.cpp.obj)
                0x038061ac                vex::motor::startRotateFor(vex::directionType, double, vex::rotationUnits, double, vex::velocityUnits)
 .text._ZN3vex8inertial11getTurnTypeEv
                0x038061e0        0x8 C:\Program Files (x86)\VEX Robotics\VEXcode Pro V5\sdk/vexv5\libv5rt.a(vex_imu.cpp.obj)
                0x038061e0                vex::inertial::getTurnType()
 .text._ZThn16_N3vex8inertial11getTurnTypeEv
                0x038061e8        0x8 C:\Program Files (x86)\VEX Robotics\VEXcode Pro V5\sdk/vexv5\libv5rt.a(vex_imu.cpp.obj)
                0x038061e8                non-virtual thunk to vex::inertial::getTurnType()
 .text._ZN3vex8inertial10setHeadingEdNS_13rotationUnitsE
                0x038061f0       0x58 C:\Program Files (x86)\VEX Robotics\VEXcode Pro V5\sdk/vexv5\libv5rt.a(vex_imu.cpp.obj)
                0x038061f0                vex::inertial::setHeading(double, vex::rotationUnits)
 .text._ZThn16_N3vex8inertial10setHeadingEdNS_13rotationUnitsE
                0x03806248        0x8 C:\Program Files (x86)\VEX Robotics\VEXcode Pro V5\sdk/vexv5\libv5rt.a(vex_imu.cpp.obj)
                0x03806248                non-virtual thunk to vex::inertial::setHeading(double, vex::rotationUnits)
 .text._ZN3vex8inertial11setRotationEdNS_13rotationUnitsE
                0x03806250       0x58 C:\Program Files (x86)\VEX Robotics\VEXcode Pro V5\sdk/vexv5\libv5rt.a(vex_imu.cpp.obj)
                0x03806250                vex::inertial::setRotation(double, vex::rotationUnits)
 .text._ZThn16_N3vex8inertial11setRotationEdNS_13rotationUnitsE
                0x038062a8        0x8 C:\Program Files (x86)\VEX Robotics\VEXcode Pro V5\sdk/vexv5\libv5rt.a(vex_imu.cpp.obj)
                0x038062a8                non-virtual thunk to vex::inertial::setRotation(double, vex::rotationUnits)
 .text._ZN3vex8inertialD2Ev
                0x038062b0       0x20 C:\Program Files (x86)\VEX Robotics\VEXcode Pro V5\sdk/vexv5\libv5rt.a(vex_imu.cpp.obj)
                0x038062b0                vex::inertial::~inertial()
                0x038062b0                vex::inertial::~inertial()
 .text._ZThn16_N3vex8inertialD1Ev
                0x038062d0        0x8 C:\Program Files (x86)\VEX Robotics\VEXcode Pro V5\sdk/vexv5\libv5rt.a(vex_imu.cpp.obj)
                0x038062d0                non-virtual thunk to vex::inertial::~inertial()
 .text._ZN3vex8inertialD0Ev
                0x038062d8       0x1c C:\Program Files (x86)\VEX Robotics\VEXcode Pro V5\sdk/vexv5\libv5rt.a(vex_imu.cpp.obj)
                0x038062d8                vex::inertial::~inertial()
 .text._ZThn16_N3vex8inertialD0Ev
                0x038062f4        0x8 C:\Program Files (x86)\VEX Robotics\VEXcode Pro V5\sdk/vexv5\libv5rt.a(vex_imu.cpp.obj)
                0x038062f4                non-virtual thunk to vex::inertial::~inertial()
 .text._ZN3vex8inertial9installedEv
                0x038062fc       0x18 C:\Program Files (x86)\VEX Robotics\VEXcode Pro V5\sdk/vexv5\libv5rt.a(vex_imu.cpp.obj)
                0x038062fc                vex::inertial::installed()
 .text._ZN3vex8inertial5angleENS_13rotationUnitsE
                0x03806314       0x6c C:\Program Files (x86)\VEX Robotics\VEXcode Pro V5\sdk/vexv5\libv5rt.a(vex_imu.cpp.obj)
                0x03806314                vex::inertial::angle(vex::rotationUnits)
 .text._ZThn16_N3vex8inertial5angleENS_13rotationUnitsE
                0x03806380        0x8 C:\Program Files (x86)\VEX Robotics\VEXcode Pro V5\sdk/vexv5\libv5rt.a(vex_imu.cpp.obj)
                0x03806380                non-virtual thunk to vex::inertial::angle(vex::rotationUnits)
 .text._ZN3vex8inertial7headingENS_13rotationUnitsE
                0x03806388        0x4 C:\Program Files (x86)\VEX Robotics\VEXcode Pro V5\sdk/vexv5\libv5rt.a(vex_imu.cpp.obj)
                0x03806388                vex::inertial::heading(vex::rotationUnits)
 .text._ZThn16_N3vex8inertial7headingENS_13rotationUnitsE
                0x0380638c        0x8 C:\Program Files (x86)\VEX Robotics\VEXcode Pro V5\sdk/vexv5\libv5rt.a(vex_imu.cpp.obj)
                0x0380638c                non-virtual thunk to vex::inertial::heading(vex::rotationUnits)
 .text._ZN3vex8inertial5valueEv
                0x03806394       0x1c C:\Program Files (x86)\VEX Robotics\VEXcode Pro V5\sdk/vexv5\libv5rt.a(vex_imu.cpp.obj)
                0x03806394                vex::inertial::value()
 .text._ZN3vex8inertial8rotationENS_13rotationUnitsE
                0x038063b0       0x48 C:\Program Files (x86)\VEX Robotics\VEXcode Pro V5\sdk/vexv5\libv5rt.a(vex_imu.cpp.obj)
                0x038063b0                vex::inertial::rotation(vex::rotationUnits)
 .text._ZThn16_N3vex8inertial8rotationENS_13rotationUnitsE
                0x038063f8        0x8 C:\Program Files (x86)\VEX Robotics\VEXcode Pro V5\sdk/vexv5\libv5rt.a(vex_imu.cpp.obj)
                0x038063f8                non-virtual thunk to vex::inertial::rotation(vex::rotationUnits)
 .text._ZN3vex8inertial13isCalibratingEv
                0x03806400       0x38 C:\Program Files (x86)\VEX Robotics\VEXcode Pro V5\sdk/vexv5\libv5rt.a(vex_imu.cpp.obj)
                0x03806400                vex::inertial::isCalibrating()
 .text._ZThn16_N3vex8inertial13isCalibratingEv
                0x03806438        0x8 C:\Program Files (x86)\VEX Robotics\VEXcode Pro V5\sdk/vexv5\libv5rt.a(vex_imu.cpp.obj)
                0x03806438                non-virtual thunk to vex::inertial::isCalibrating()
 .text._ZN3vex8inertialC2ElNS_8turnTypeE
                0x03806440       0x4c C:\Program Files (x86)\VEX Robotics\VEXcode Pro V5\sdk/vexv5\libv5rt.a(vex_imu.cpp.obj)
                0x03806440                vex::inertial::inertial(long, vex::turnType)
                0x03806440                vex::inertial::inertial(long, vex::turnType)
 .text._ZN3vex8inertial16startCalibrationEl
                0x0380648c       0x20 C:\Program Files (x86)\VEX Robotics\VEXcode Pro V5\sdk/vexv5\libv5rt.a(vex_imu.cpp.obj)
                0x0380648c                vex::inertial::startCalibration(long)
 .text._ZN3vex8inertial9calibrateEl
                0x038064ac        0xc C:\Program Files (x86)\VEX Robotics\VEXcode Pro V5\sdk/vexv5\libv5rt.a(vex_imu.cpp.obj)
                0x038064ac                vex::inertial::calibrate(long)
                0x038064b0                non-virtual thunk to vex::inertial::calibrate(long)
 .text._ZN3vex7opticalD2Ev
                0x038064b8       0x20 C:\Program Files (x86)\VEX Robotics\VEXcode Pro V5\sdk/vexv5\libv5rt.a(vex_optical.cpp.obj)
                0x038064b8                vex::optical::~optical()
                0x038064b8                vex::optical::~optical()
 .text._ZN3vex7opticalD0Ev
                0x038064d8       0x1c C:\Program Files (x86)\VEX Robotics\VEXcode Pro V5\sdk/vexv5\libv5rt.a(vex_optical.cpp.obj)
                0x038064d8                vex::optical::~optical()
 .text._ZN3vex7optical9installedEv
                0x038064f4       0x18 C:\Program Files (x86)\VEX Robotics\VEXcode Pro V5\sdk/vexv5\libv5rt.a(vex_optical.cpp.obj)
                0x038064f4                vex::optical::installed()
 .text._ZN3vex7optical3hueEv
                0x0380650c        0x8 C:\Program Files (x86)\VEX Robotics\VEXcode Pro V5\sdk/vexv5\libv5rt.a(vex_optical.cpp.obj)
                0x0380650c                vex::optical::hue()
 .text._ZN3vex7optical5valueEv
                0x03806514       0x18 C:\Program Files (x86)\VEX Robotics\VEXcode Pro V5\sdk/vexv5\libv5rt.a(vex_optical.cpp.obj)
                0x03806514                vex::optical::value()
 .text._ZN3vex7optical12isNearObjectEv
                0x0380652c       0x24 C:\Program Files (x86)\VEX Robotics\VEXcode Pro V5\sdk/vexv5\libv5rt.a(vex_optical.cpp.obj)
                0x0380652c                vex::optical::isNearObject()
 .text._ZN3vex7optical13setLightPowerElNS_12percentUnitsE
                0x03806550       0x2c C:\Program Files (x86)\VEX Robotics\VEXcode Pro V5\sdk/vexv5\libv5rt.a(vex_optical.cpp.obj)
                0x03806550                vex::optical::setLightPower(long, vex::percentUnits)
 .text._ZN3vex7optical13gestureEnableEv
                0x0380657c        0x8 C:\Program Files (x86)\VEX Robotics\VEXcode Pro V5\sdk/vexv5\libv5rt.a(vex_optical.cpp.obj)
                0x0380657c                vex::optical::gestureEnable()
 .text._ZN3vex7optical14gestureDisableEv
                0x03806584        0x8 C:\Program Files (x86)\VEX Robotics\VEXcode Pro V5\sdk/vexv5\libv5rt.a(vex_optical.cpp.obj)
                0x03806584                vex::optical::gestureDisable()
 .text._ZN3vex7opticalC2Elb
                0x0380658c       0x54 C:\Program Files (x86)\VEX Robotics\VEXcode Pro V5\sdk/vexv5\libv5rt.a(vex_optical.cpp.obj)
                0x0380658c                vex::optical::optical(long, bool)
                0x0380658c                vex::optical::optical(long, bool)
 .text._ZN3vex8distanceD2Ev
                0x038065e0       0x20 C:\Program Files (x86)\VEX Robotics\VEXcode Pro V5\sdk/vexv5\libv5rt.a(vex_distance.cpp.obj)
                0x038065e0                vex::distance::~distance()
                0x038065e0                vex::distance::~distance()
 .text._ZN3vex8distanceD0Ev
                0x03806600       0x1c C:\Program Files (x86)\VEX Robotics\VEXcode Pro V5\sdk/vexv5\libv5rt.a(vex_distance.cpp.obj)
                0x03806600                vex::distance::~distance()
 .text._ZN3vex8distance9installedEv
                0x0380661c       0x18 C:\Program Files (x86)\VEX Robotics\VEXcode Pro V5\sdk/vexv5\libv5rt.a(vex_distance.cpp.obj)
                0x0380661c                vex::distance::installed()
 .text._ZN3vex8distance5valueEv
                0x03806634        0x8 C:\Program Files (x86)\VEX Robotics\VEXcode Pro V5\sdk/vexv5\libv5rt.a(vex_distance.cpp.obj)
                0x03806634                vex::distance::value()
 .text._ZN3vex8distanceC2El
                0x0380663c       0x20 C:\Program Files (x86)\VEX Robotics\VEXcode Pro V5\sdk/vexv5\libv5rt.a(vex_distance.cpp.obj)
                0x0380663c                vex::distance::distance(long)
                0x0380663c                vex::distance::distance(long)
 .text._ZN3vex10controllerD2Ev
                0x0380665c        0x4 C:\Program Files (x86)\VEX Robotics\VEXcode Pro V5\sdk/vexv5\libv5rt.a(vex_controller.cpp.obj)
                0x0380665c                vex::controller::~controller()
                0x0380665c                vex::controller::~controller()
 .text._ZN3vex10controller5valueE19_V5_ControllerIndex
                0x03806660        0x8 C:\Program Files (x86)\VEX Robotics\VEXcode Pro V5\sdk/vexv5\libv5rt.a(vex_controller.cpp.obj)
                0x03806660                vex::controller::value(_V5_ControllerIndex)
 .text._ZNK3vex10controller6button8pressingEv
                0x03806668       0xc8 C:\Program Files (x86)\VEX Robotics\VEXcode Pro V5\sdk/vexv5\libv5rt.a(vex_controller.cpp.obj)
                0x03806668                vex::controller::button::pressing() const
 .text._ZNK3vex10controller6button21_buttonToPressedEventEv
                0x03806730       0x20 C:\Program Files (x86)\VEX Robotics\VEXcode Pro V5\sdk/vexv5\libv5rt.a(vex_controller.cpp.obj)
                0x03806730                vex::controller::button::_buttonToPressedEvent() const
 .text._ZNK3vex10controller6button22_buttonToReleasedEventEv
                0x03806750       0x20 C:\Program Files (x86)\VEX Robotics\VEXcode Pro V5\sdk/vexv5\libv5rt.a(vex_controller.cpp.obj)
                0x03806750                vex::controller::button::_buttonToReleasedEvent() const
 .text._ZN3vex10controller6buttonC2ENS0_11tButtonTypeEPS0_
                0x03806770       0x48 C:\Program Files (x86)\VEX Robotics\VEXcode Pro V5\sdk/vexv5\libv5rt.a(vex_controller.cpp.obj)
                0x03806770                vex::controller::button::button(vex::controller::tButtonType, vex::controller*)
                0x03806770                vex::controller::button::button(vex::controller::tButtonType, vex::controller*)
 .text._ZNK3vex10controller4axis5valueEv
                0x038067b8       0x58 C:\Program Files (x86)\VEX Robotics\VEXcode Pro V5\sdk/vexv5\libv5rt.a(vex_controller.cpp.obj)
                0x038067b8                vex::controller::axis::value() const
 .text._ZNK3vex10controller4axis8positionENS_12percentUnitsE
                0x03806810       0x1c C:\Program Files (x86)\VEX Robotics\VEXcode Pro V5\sdk/vexv5\libv5rt.a(vex_controller.cpp.obj)
                0x03806810                vex::controller::axis::position(vex::percentUnits) const
 .text._ZNK3vex10controller4axis23_joystickToChangedEventEv
                0x0380682c       0x20 C:\Program Files (x86)\VEX Robotics\VEXcode Pro V5\sdk/vexv5\libv5rt.a(vex_controller.cpp.obj)
                0x0380682c                vex::controller::axis::_joystickToChangedEvent() const
 .text._ZN3vex10controller4axisC2ENS0_9tAxisTypeEPS0_
                0x0380684c       0x2c C:\Program Files (x86)\VEX Robotics\VEXcode Pro V5\sdk/vexv5\libv5rt.a(vex_controller.cpp.obj)
                0x0380684c                vex::controller::axis::axis(vex::controller::tAxisType, vex::controller*)
                0x0380684c                vex::controller::axis::axis(vex::controller::tAxisType, vex::controller*)
 .text._ZN3vex10controllerC2ENS_14controllerTypeE
                0x03806878      0x16c C:\Program Files (x86)\VEX Robotics\VEXcode Pro V5\sdk/vexv5\libv5rt.a(vex_controller.cpp.obj)
                0x03806878                vex::controller::controller(vex::controllerType)
                0x03806878                vex::controller::controller(vex::controllerType)
 .text._ZN3vex10controller3lcd15getControllerIdEv
                0x038069e4       0x10 C:\Program Files (x86)\VEX Robotics\VEXcode Pro V5\sdk/vexv5\libv5rt.a(vex_controller.cpp.obj)
                0x038069e4                vex::controller::lcd::getControllerId()
 .text._ZN3vex10controller3lcd5printEPKcz
                0x038069f4       0x80 C:\Program Files (x86)\VEX Robotics\VEXcode Pro V5\sdk/vexv5\libv5rt.a(vex_controller.cpp.obj)
                0x038069f4                vex::controller::lcd::print(char const*, ...)
 .text._ZN3vex4taskC2Ev
                0x03806a74       0x28 C:\Program Files (x86)\VEX Robotics\VEXcode Pro V5\sdk/vexv5\libv5rt.a(vex_task.cpp.obj)
                0x03806a74                vex::task::task()
                0x03806a74                vex::task::task()
 .text._ZN3vex4taskC2EPFivE
                0x03806a9c       0x5c C:\Program Files (x86)\VEX Robotics\VEXcode Pro V5\sdk/vexv5\libv5rt.a(vex_task.cpp.obj)
                0x03806a9c                vex::task::task(int (*)())
                0x03806a9c                vex::task::task(int (*)())
 .text._ZN3vex4taskD2Ev
                0x03806af8        0x4 C:\Program Files (x86)\VEX Robotics\VEXcode Pro V5\sdk/vexv5\libv5rt.a(vex_task.cpp.obj)
                0x03806af8                vex::task::~task()
                0x03806af8                vex::task::~task()
 .text._ZN3vex4task4stopERKS0_
                0x03806afc       0x18 C:\Program Files (x86)\VEX Robotics\VEXcode Pro V5\sdk/vexv5\libv5rt.a(vex_task.cpp.obj)
                0x03806afc                vex::task::stop(vex::task const&)
 .text._ZN3vex4task4stopEPvi
                0x03806b14       0x1c C:\Program Files (x86)\VEX Robotics\VEXcode Pro V5\sdk/vexv5\libv5rt.a(vex_task.cpp.obj)
                0x03806b14                vex::task::stop(void*, int)
 .text._ZN3vex4task6_indexEPFivE
                0x03806b30       0x14 C:\Program Files (x86)\VEX Robotics\VEXcode Pro V5\sdk/vexv5\libv5rt.a(vex_task.cpp.obj)
                0x03806b30                vex::task::_index(int (*)())
 .text._ZN3vex4task8_stopAllEv
                0x03806b44       0x3c C:\Program Files (x86)\VEX Robotics\VEXcode Pro V5\sdk/vexv5\libv5rt.a(vex_task.cpp.obj)
                0x03806b44                vex::task::_stopAll()
 .text._ZN3vex11this_thread9sleep_forEm
                0x03806b80        0x4 C:\Program Files (x86)\VEX Robotics\VEXcode Pro V5\sdk/vexv5\libv5rt.a(vex_thread.cpp.obj)
                0x03806b80                vex::this_thread::sleep_for(unsigned long)
 .text._ZN3vex5event4initEmmPFvvE
                0x03806b84        0x4 C:\Program Files (x86)\VEX Robotics\VEXcode Pro V5\sdk/vexv5\libv5rt.a(vex_event.cpp.obj)
                0x03806b84                vex::event::init(unsigned long, unsigned long, void (*)())
 .text._ZN3vex5event4initEmmPFvPvES1_
                0x03806b88        0x4 C:\Program Files (x86)\VEX Robotics\VEXcode Pro V5\sdk/vexv5\libv5rt.a(vex_event.cpp.obj)
                0x03806b88                vex::event::init(unsigned long, unsigned long, void (*)(void*), void*)
 .text._ZN3vex5event9userindexEv
                0x03806b8c        0x4 C:\Program Files (x86)\VEX Robotics\VEXcode Pro V5\sdk/vexv5\libv5rt.a(vex_event.cpp.obj)
                0x03806b8c                vex::event::userindex()
 .text._ZZN3vex6meventC4EmmENUlvE_4_FUNEv
                0x03806b90        0x4 C:\Program Files (x86)\VEX Robotics\VEXcode Pro V5\sdk/vexv5\libv5rt.a(vex_mevent.cpp.obj)
 .text._ZN3vex6meventC2Emm
                0x03806b94       0x70 C:\Program Files (x86)\VEX Robotics\VEXcode Pro V5\sdk/vexv5\libv5rt.a(vex_mevent.cpp.obj)
                0x03806b94                vex::mevent::mevent(unsigned long, unsigned long)
                0x03806b94                vex::mevent::mevent(unsigned long, unsigned long)
 .text._ZN3vex5brain9_getIndexEv
                0x03806c04       0x10 C:\Program Files (x86)\VEX Robotics\VEXcode Pro V5\sdk/vexv5\libv5rt.a(vex_brain.cpp.obj)
                0x03806c04                vex::brain::_getIndex()
 .text._ZN3vex5brain3lcd9setCursorEll
                0x03806c14       0x44 C:\Program Files (x86)\VEX Robotics\VEXcode Pro V5\sdk/vexv5\libv5rt.a(vex_brain.cpp.obj)
                0x03806c14                vex::brain::lcd::setCursor(long, long)
 .text._ZN3vex5brain3lcd7setFontENS_8fontTypeE
                0x03806c58      0x23c C:\Program Files (x86)\VEX Robotics\VEXcode Pro V5\sdk/vexv5\libv5rt.a(vex_brain.cpp.obj)
                0x03806c58                vex::brain::lcd::setFont(vex::fontType)
 .text._ZN3vex5brain3lcdC2Ev
                0x03806e94       0x94 C:\Program Files (x86)\VEX Robotics\VEXcode Pro V5\sdk/vexv5\libv5rt.a(vex_brain.cpp.obj)
                0x03806e94                vex::brain::lcd::lcd()
                0x03806e94                vex::brain::lcd::lcd()
 .text._ZN3vex5brainC2Ev
                0x03806f28       0x3c C:\Program Files (x86)\VEX Robotics\VEXcode Pro V5\sdk/vexv5\libv5rt.a(vex_brain.cpp.obj)
                0x03806f28                vex::brain::brain()
                0x03806f28                vex::brain::brain()
 .text._ZN3vex5brain3lcd11setPenColorERKNS_5colorE
                0x03806f64       0x14 C:\Program Files (x86)\VEX Robotics\VEXcode Pro V5\sdk/vexv5\libv5rt.a(vex_brain.cpp.obj)
                0x03806f64                vex::brain::lcd::setPenColor(vex::color const&)
 .text._ZN3vex5brain3lcd7printAtEllPKcz
                0x03806f78       0x54 C:\Program Files (x86)\VEX Robotics\VEXcode Pro V5\sdk/vexv5\libv5rt.a(vex_brain.cpp.obj)
                0x03806f78                vex::brain::lcd::printAt(long, long, char const*, ...)
 .text._ZN3vex5brain3lcd12_clearScreenEm
                0x03806fcc       0x38 C:\Program Files (x86)\VEX Robotics\VEXcode Pro V5\sdk/vexv5\libv5rt.a(vex_brain.cpp.obj)
                0x03806fcc                vex::brain::lcd::_clearScreen(unsigned long)
 .text._ZN3vex5brain3lcd11clearScreenERKNS_5colorE
                0x03807004       0x20 C:\Program Files (x86)\VEX Robotics\VEXcode Pro V5\sdk/vexv5\libv5rt.a(vex_brain.cpp.obj)
                0x03807004                vex::brain::lcd::clearScreen(vex::color const&)
 .text._ZN3vex5brain3lcd11clearScreenEv
                0x03807024       0x2c C:\Program Files (x86)\VEX Robotics\VEXcode Pro V5\sdk/vexv5\libv5rt.a(vex_brain.cpp.obj)
                0x03807024                vex::brain::lcd::clearScreen()
 .text._ZN3vex5brain3lcd9drawPixelEii
                0x03807050       0x14 C:\Program Files (x86)\VEX Robotics\VEXcode Pro V5\sdk/vexv5\libv5rt.a(vex_brain.cpp.obj)
                0x03807050                vex::brain::lcd::drawPixel(int, int)
 .text._ZN3vex5brain3lcd8drawLineEiiii
                0x03807064      0x2c4 C:\Program Files (x86)\VEX Robotics\VEXcode Pro V5\sdk/vexv5\libv5rt.a(vex_brain.cpp.obj)
                0x03807064                vex::brain::lcd::drawLine(int, int, int, int)
 .text._ZN3vex5brain3lcd13drawRectangleEiiii
                0x03807328       0xdc C:\Program Files (x86)\VEX Robotics\VEXcode Pro V5\sdk/vexv5\libv5rt.a(vex_brain.cpp.obj)
                0x03807328                vex::brain::lcd::drawRectangle(int, int, int, int)
 .text._ZN3vex5brain3lcd14_drawRectangleEiiiim
                0x03807404       0x74 C:\Program Files (x86)\VEX Robotics\VEXcode Pro V5\sdk/vexv5\libv5rt.a(vex_brain.cpp.obj)
                0x03807404                vex::brain::lcd::_drawRectangle(int, int, int, int, unsigned long)
 .text._ZN3vex5brain3lcd13drawRectangleEiiiiRKNS_5colorE
                0x03807478       0x68 C:\Program Files (x86)\VEX Robotics\VEXcode Pro V5\sdk/vexv5\libv5rt.a(vex_brain.cpp.obj)
                0x03807478                vex::brain::lcd::drawRectangle(int, int, int, int, vex::color const&)
 .text._ZN3vex5brain3lcd10drawCircleEiii
                0x038074e0       0xa4 C:\Program Files (x86)\VEX Robotics\VEXcode Pro V5\sdk/vexv5\libv5rt.a(vex_brain.cpp.obj)
                0x038074e0                vex::brain::lcd::drawCircle(int, int, int)
 .text._ZN3vex5brain3lcd11_drawCircleEiiim
                0x03807584       0x60 C:\Program Files (x86)\VEX Robotics\VEXcode Pro V5\sdk/vexv5\libv5rt.a(vex_brain.cpp.obj)
                0x03807584                vex::brain::lcd::_drawCircle(int, int, int, unsigned long)
 .text._ZN3vex5brain3lcd10drawCircleEiiiRKNS_5colorE
                0x038075e4       0x60 C:\Program Files (x86)\VEX Robotics\VEXcode Pro V5\sdk/vexv5\libv5rt.a(vex_brain.cpp.obj)
                0x038075e4                vex::brain::lcd::drawCircle(int, int, int, vex::color const&)
 .text._ZN3vex5brain3lcd9xPositionEv
                0x03807644       0x24 C:\Program Files (x86)\VEX Robotics\VEXcode Pro V5\sdk/vexv5\libv5rt.a(vex_brain.cpp.obj)
                0x03807644                vex::brain::lcd::xPosition()
 .text._ZN3vex5brain3lcd9yPositionEv
                0x03807668       0x24 C:\Program Files (x86)\VEX Robotics\VEXcode Pro V5\sdk/vexv5\libv5rt.a(vex_brain.cpp.obj)
                0x03807668                vex::brain::lcd::yPosition()
 .text._ZN3vex5brain3lcd10rowToPixelEl
                0x0380768c       0x34 C:\Program Files (x86)\VEX Robotics\VEXcode Pro V5\sdk/vexv5\libv5rt.a(vex_brain.cpp.obj)
                0x0380768c                vex::brain::lcd::rowToPixel(long)
 .text._ZN3vex5brain3lcd5printEPKcz
                0x038076c0       0xb8 C:\Program Files (x86)\VEX Robotics\VEXcode Pro V5\sdk/vexv5\libv5rt.a(vex_brain.cpp.obj)
                0x038076c0                vex::brain::lcd::print(char const*, ...)
 .text._ZN3vex5brainD2Ev
                0x03807778       0x20 C:\Program Files (x86)\VEX Robotics\VEXcode Pro V5\sdk/vexv5\libv5rt.a(vex_brain.cpp.obj)
                0x03807778                vex::brain::~brain()
                0x03807778                vex::brain::~brain()
 .text._ZN3vex11competition8_disableEPv
                0x03807798       0xa4 C:\Program Files (x86)\VEX Robotics\VEXcode Pro V5\sdk/vexv5\libv5rt.a(vex_competition.cpp.obj)
                0x03807798                vex::competition::_disable(void*)
 .text._ZN3vex11competition11_autonomousEv
                0x0380783c       0x80 C:\Program Files (x86)\VEX Robotics\VEXcode Pro V5\sdk/vexv5\libv5rt.a(vex_competition.cpp.obj)
                0x0380783c                vex::competition::_autonomous()
 .text._ZN3vex11competition14_drivercontrolEv
                0x038078bc       0x80 C:\Program Files (x86)\VEX Robotics\VEXcode Pro V5\sdk/vexv5\libv5rt.a(vex_competition.cpp.obj)
                0x038078bc                vex::competition::_drivercontrol()
 .text._ZN3vex11competitionC2Ev
                0x0380793c      0x13c C:\Program Files (x86)\VEX Robotics\VEXcode Pro V5\sdk/vexv5\libv5rt.a(vex_competition.cpp.obj)
                0x0380793c                vex::competition::competition()
                0x0380793c                vex::competition::competition()
 .text._ZN3vex11competitionD2Ev
                0x03807a78        0x4 C:\Program Files (x86)\VEX Robotics\VEXcode Pro V5\sdk/vexv5\libv5rt.a(vex_competition.cpp.obj)
                0x03807a78                vex::competition::~competition()
                0x03807a78                vex::competition::~competition()
 .text._ZN3vex11competition10autonomousEPFvvE
                0x03807a7c       0x44 C:\Program Files (x86)\VEX Robotics\VEXcode Pro V5\sdk/vexv5\libv5rt.a(vex_competition.cpp.obj)
                0x03807a7c                vex::competition::autonomous(void (*)())
 .text._ZN3vex11competition13drivercontrolEPFvvE
                0x03807ac0       0x44 C:\Program Files (x86)\VEX Robotics\VEXcode Pro V5\sdk/vexv5\libv5rt.a(vex_competition.cpp.obj)
                0x03807ac0                vex::competition::drivercontrol(void (*)())
 .text._ZN3vex7triportD2Ev
                0x03807b04       0x38 C:\Program Files (x86)\VEX Robotics\VEXcode Pro V5\sdk/vexv5\libv5rt.a(vex_triport.cpp.obj)
                0x03807b04                vex::triport::~triport()
                0x03807b04                vex::triport::~triport()
 .text._ZN3vex7triportD0Ev
                0x03807b3c       0x1c C:\Program Files (x86)\VEX Robotics\VEXcode Pro V5\sdk/vexv5\libv5rt.a(vex_triport.cpp.obj)
                0x03807b3c                vex::triport::~triport()
 .text._ZN3vex7triport9installedEv
                0x03807b58       0x18 C:\Program Files (x86)\VEX Robotics\VEXcode Pro V5\sdk/vexv5\libv5rt.a(vex_triport.cpp.obj)
                0x03807b58                vex::triport::installed()
 .text._ZN3vex7triport4portC2ElPS0_
                0x03807b70       0x74 C:\Program Files (x86)\VEX Robotics\VEXcode Pro V5\sdk/vexv5\libv5rt.a(vex_triport.cpp.obj)
                0x03807b70                vex::triport::port::port(long, vex::triport*)
                0x03807b70                vex::triport::port::port(long, vex::triport*)
 .text._ZN3vex7triportC2El
                0x03807be4       0xf0 C:\Program Files (x86)\VEX Robotics\VEXcode Pro V5\sdk/vexv5\libv5rt.a(vex_triport.cpp.obj)
                0x03807be4                vex::triport::triport(long)
                0x03807be4                vex::triport::triport(long)
 .text._ZN3vex7triport4port4typeENS_11triportTypeE
                0x03807cd4       0x30 C:\Program Files (x86)\VEX Robotics\VEXcode Pro V5\sdk/vexv5\libv5rt.a(vex_triport.cpp.obj)
                0x03807cd4                vex::triport::port::type(vex::triportType)
 .text._ZN3vex7triport4port4typeEv
                0x03807d04       0x38 C:\Program Files (x86)\VEX Robotics\VEXcode Pro V5\sdk/vexv5\libv5rt.a(vex_triport.cpp.obj)
                0x03807d04                vex::triport::port::type()
 .text._ZN3vex7triport4port5valueEv
                0x03807d3c       0x14 C:\Program Files (x86)\VEX Robotics\VEXcode Pro V5\sdk/vexv5\libv5rt.a(vex_triport.cpp.obj)
                0x03807d3c                vex::triport::port::value()
 .text._ZN3vex7triport4port5valueEl
                0x03807d50       0x18 C:\Program Files (x86)\VEX Robotics\VEXcode Pro V5\sdk/vexv5\libv5rt.a(vex_triport.cpp.obj)
                0x03807d50                vex::triport::port::value(long)
 .text._ZN3vex7triport4port11setRotationEdNS_13rotationUnitsE
                0x03807d68       0x50 C:\Program Files (x86)\VEX Robotics\VEXcode Pro V5\sdk/vexv5\libv5rt.a(vex_triport.cpp.obj)
                0x03807d68                vex::triport::port::setRotation(double, vex::rotationUnits)
 .text._ZN3vex7triport4port13resetRotationEv
                0x03807db8       0x20 C:\Program Files (x86)\VEX Robotics\VEXcode Pro V5\sdk/vexv5\libv5rt.a(vex_triport.cpp.obj)
                0x03807db8                vex::triport::port::resetRotation()
 .text._ZN3vex7triport4port8rotationENS_13rotationUnitsE
                0x03807dd8       0x40 C:\Program Files (x86)\VEX Robotics\VEXcode Pro V5\sdk/vexv5\libv5rt.a(vex_triport.cpp.obj)
                0x03807dd8                vex::triport::port::rotation(vex::rotationUnits)
 .text._ZN3vex7triport4port14_convertAnalogENS_11analogUnitsE
                0x03807e18       0x58 C:\Program Files (x86)\VEX Robotics\VEXcode Pro V5\sdk/vexv5\libv5rt.a(vex_triport.cpp.obj)
                0x03807e18                vex::triport::port::_convertAnalog(vex::analogUnits)
 .text._ZN3vex11__trideviceC2ERNS_7triport4portENS_11triportTypeE
                0x03807e70       0x5c C:\Program Files (x86)\VEX Robotics\VEXcode Pro V5\sdk/vexv5\libv5rt.a(vex_triport.cpp.obj)
                0x03807e70                vex::__tridevice::__tridevice(vex::triport::port&, vex::triportType)
                0x03807e70                vex::__tridevice::__tridevice(vex::triport::port&, vex::triportType)
 .text._ZN3vex11__tridevice14_convertAnalogENS_11analogUnitsE
                0x03807ecc        0x8 C:\Program Files (x86)\VEX Robotics\VEXcode Pro V5\sdk/vexv5\libv5rt.a(vex_triport.cpp.obj)
                0x03807ecc                vex::__tridevice::_convertAnalog(vex::analogUnits)
 .text._ZN3vex11digital_outC2ERNS_7triport4portE
                0x03807ed4       0x18 C:\Program Files (x86)\VEX Robotics\VEXcode Pro V5\sdk/vexv5\libv5rt.a(vex_triport.cpp.obj)
                0x03807ed4                vex::digital_out::digital_out(vex::triport::port&)
                0x03807ed4                vex::digital_out::digital_out(vex::triport::port&)
 .text._ZN3vex11digital_outD2Ev
                0x03807eec        0x4 C:\Program Files (x86)\VEX Robotics\VEXcode Pro V5\sdk/vexv5\libv5rt.a(vex_triport.cpp.obj)
                0x03807eec                vex::digital_out::~digital_out()
                0x03807eec                vex::digital_out::~digital_out()
 .text._ZN3vex11digital_out3setEb
                0x03807ef0        0x8 C:\Program Files (x86)\VEX Robotics\VEXcode Pro V5\sdk/vexv5\libv5rt.a(vex_triport.cpp.obj)
                0x03807ef0                vex::digital_out::set(bool)
 .text._ZN3vex4lineC2ERNS_7triport4portE
                0x03807ef8       0x20 C:\Program Files (x86)\VEX Robotics\VEXcode Pro V5\sdk/vexv5\libv5rt.a(vex_triport.cpp.obj)
                0x03807ef8                vex::line::line(vex::triport::port&)
                0x03807ef8                vex::line::line(vex::triport::port&)
 .text._ZN3vex4lineD2Ev
                0x03807f18        0x4 C:\Program Files (x86)\VEX Robotics\VEXcode Pro V5\sdk/vexv5\libv5rt.a(vex_triport.cpp.obj)
                0x03807f18                vex::line::~line()
                0x03807f18                vex::line::~line()
 .text._ZN3vex4line12reflectivityENS_12percentUnitsE
                0x03807f1c       0x30 C:\Program Files (x86)\VEX Robotics\VEXcode Pro V5\sdk/vexv5\libv5rt.a(vex_triport.cpp.obj)
                0x03807f1c                vex::line::reflectivity(vex::percentUnits)
 .text._ZN3vex7encoderC2ERNS_7triport4portE
                0x03807f4c       0x20 C:\Program Files (x86)\VEX Robotics\VEXcode Pro V5\sdk/vexv5\libv5rt.a(vex_triport.cpp.obj)
                0x03807f4c                vex::encoder::encoder(vex::triport::port&)
                0x03807f4c                vex::encoder::encoder(vex::triport::port&)
 .text._ZN3vex7encoderD2Ev
                0x03807f6c        0x4 C:\Program Files (x86)\VEX Robotics\VEXcode Pro V5\sdk/vexv5\libv5rt.a(vex_triport.cpp.obj)
                0x03807f6c                vex::encoder::~encoder()
                0x03807f6c                vex::encoder::~encoder()
 .text._ZN3vex7encoder13resetRotationEv
                0x03807f70        0x8 C:\Program Files (x86)\VEX Robotics\VEXcode Pro V5\sdk/vexv5\libv5rt.a(vex_triport.cpp.obj)
                0x03807f70                vex::encoder::resetRotation()
 .text._ZN3vex7encoder8positionENS_13rotationUnitsE
                0x03807f78        0x8 C:\Program Files (x86)\VEX Robotics\VEXcode Pro V5\sdk/vexv5\libv5rt.a(vex_triport.cpp.obj)
                0x03807f78                vex::encoder::position(vex::rotationUnits)
 .text._ZN3vex5colorD2Ev
                0x03807f80        0x4 C:\Program Files (x86)\VEX Robotics\VEXcode Pro V5\sdk/vexv5\libv5rt.a(vex_color.cpp.obj)
                0x03807f80                vex::color::~color()
                0x03807f80                vex::color::~color()
 .text._ZN3vex5colorC2Ehhh
                0x03807f84       0x1c C:\Program Files (x86)\VEX Robotics\VEXcode Pro V5\sdk/vexv5\libv5rt.a(vex_color.cpp.obj)
                0x03807f84                vex::color::color(unsigned char, unsigned char, unsigned char)
                0x03807f84                vex::color::color(unsigned char, unsigned char, unsigned char)
 .text._ZNK3vex5colorcvmEv
                0x03807fa0        0x8 C:\Program Files (x86)\VEX Robotics\VEXcode Pro V5\sdk/vexv5\libv5rt.a(vex_color.cpp.obj)
                0x03807fa0                vex::color::operator unsigned long() const
 .text._ZNK3vex5color13isTransparentEv
                0x03807fa8        0x8 C:\Program Files (x86)\VEX Robotics\VEXcode Pro V5\sdk/vexv5\libv5rt.a(vex_color.cpp.obj)
                0x03807fa8                vex::color::isTransparent() const
 .text.startup._GLOBAL__sub_I__ZN3vex5color5blackE
                0x03807fb0      0x164 C:\Program Files (x86)\VEX Robotics\VEXcode Pro V5\sdk/vexv5\libv5rt.a(vex_color.cpp.obj)
 .text._ZN3vex5timerD2Ev
                0x03808114        0x4 C:\Program Files (x86)\VEX Robotics\VEXcode Pro V5\sdk/vexv5\libv5rt.a(vex_timer.cpp.obj)
                0x03808114                vex::timer::~timer()
                0x03808114                vex::timer::~timer()
 .text._ZN3vex5timer5clearEv
                0x03808118       0x1c C:\Program Files (x86)\VEX Robotics\VEXcode Pro V5\sdk/vexv5\libv5rt.a(vex_timer.cpp.obj)
                0x03808118                vex::timer::clear()
 .text._ZN3vex5timerC2Ev
                0x03808134       0x14 C:\Program Files (x86)\VEX Robotics\VEXcode Pro V5\sdk/vexv5\libv5rt.a(vex_timer.cpp.obj)
                0x03808134                vex::timer::timer()
                0x03808134                vex::timer::timer()
 .text._ZN3vex5timer5resetEv
                0x03808148        0x4 C:\Program Files (x86)\VEX Robotics\VEXcode Pro V5\sdk/vexv5\libv5rt.a(vex_timer.cpp.obj)
                0x03808148                vex::timer::reset()
 .text._ZNK3vex5timer4timeEv
                0x0380814c       0x1c C:\Program Files (x86)\VEX Robotics\VEXcode Pro V5\sdk/vexv5\libv5rt.a(vex_timer.cpp.obj)
                0x0380814c                vex::timer::time() const
 .text._ZNK3vex5timer4timeENS_9timeUnitsE
                0x03808168       0x40 C:\Program Files (x86)\VEX Robotics\VEXcode Pro V5\sdk/vexv5\libv5rt.a(vex_timer.cpp.obj)
                0x03808168                vex::timer::time(vex::timeUnits) const
 .text._ZNK3vex5timer5valueEv
                0x038081a8        0x8 C:\Program Files (x86)\VEX Robotics\VEXcode Pro V5\sdk/vexv5\libv5rt.a(vex_timer.cpp.obj)
                0x038081a8                vex::timer::value() const
 .text._ZN3vex11motor_group18motor_group_motorsC2Ev
                0x038081b0       0x28 C:\Program Files (x86)\VEX Robotics\VEXcode Pro V5\sdk/vexv5\libv5rt.a(vex_motorgroup.cpp.obj)
                0x038081b0                vex::motor_group::motor_group_motors::motor_group_motors()
                0x038081b0                vex::motor_group::motor_group_motors::motor_group_motors()
 .text._ZN3vex11motor_groupC2Ev
                0x038081d8       0x1c C:\Program Files (x86)\VEX Robotics\VEXcode Pro V5\sdk/vexv5\libv5rt.a(vex_motorgroup.cpp.obj)
                0x038081d8                vex::motor_group::motor_group()
                0x038081d8                vex::motor_group::motor_group()
 .text._ZN3vex11motor_groupD2Ev
                0x038081f4        0x4 C:\Program Files (x86)\VEX Robotics\VEXcode Pro V5\sdk/vexv5\libv5rt.a(vex_motorgroup.cpp.obj)
                0x038081f4                vex::motor_group::~motor_group()
                0x038081f4                vex::motor_group::~motor_group()
 .text._ZN3vex11motor_group9_addMotorERNS_5motorE
                0x038081f8       0x20 C:\Program Files (x86)\VEX Robotics\VEXcode Pro V5\sdk/vexv5\libv5rt.a(vex_motorgroup.cpp.obj)
                0x038081f8                vex::motor_group::_addMotor(vex::motor&)
 .text._ZN3vex11motor_group4spinENS_13directionTypeEdNS_12voltageUnitsE
                0x03808218       0x54 C:\Program Files (x86)\VEX Robotics\VEXcode Pro V5\sdk/vexv5\libv5rt.a(vex_motorgroup.cpp.obj)
                0x03808218                vex::motor_group::spin(vex::directionType, double, vex::voltageUnits)
 .text._ZN3vex11motor_group4stopENS_9brakeTypeE
                0x0380826c       0x38 C:\Program Files (x86)\VEX Robotics\VEXcode Pro V5\sdk/vexv5\libv5rt.a(vex_motorgroup.cpp.obj)
                0x0380826c                vex::motor_group::stop(vex::brakeType)
 .text.vexAdiPortConfigSet
                0x038082a4       0x28 C:\Program Files (x86)\VEX Robotics\VEXcode Pro V5\sdk/vexv5\libv5rt.a(v5_apiuser.c.obj)
                0x038082a4                vexAdiPortConfigSet
 .text.vexAdiPortConfigGet
                0x038082cc       0x28 C:\Program Files (x86)\VEX Robotics\VEXcode Pro V5\sdk/vexv5\libv5rt.a(v5_apiuser.c.obj)
                0x038082cc                vexAdiPortConfigGet
 .text.vexAdiValueSet
                0x038082f4       0x28 C:\Program Files (x86)\VEX Robotics\VEXcode Pro V5\sdk/vexv5\libv5rt.a(v5_apiuser.c.obj)
                0x038082f4                vexAdiValueSet
 .text.vexAdiValueGet
                0x0380831c       0x20 C:\Program Files (x86)\VEX Robotics\VEXcode Pro V5\sdk/vexv5\libv5rt.a(v5_apiuser.c.obj)
                0x0380831c                vexAdiValueGet
 .text.vexMotorVelocitySet
                0x0380833c       0x20 C:\Program Files (x86)\VEX Robotics\VEXcode Pro V5\sdk/vexv5\libv5rt.a(v5_apiuser.c.obj)
                0x0380833c                vexMotorVelocitySet
 .text.vexMotorVoltageSet
                0x0380835c       0x20 C:\Program Files (x86)\VEX Robotics\VEXcode Pro V5\sdk/vexv5\libv5rt.a(v5_apiuser.c.obj)
                0x0380835c                vexMotorVoltageSet
 .text.vexMotorVelocityGet
                0x0380837c       0x18 C:\Program Files (x86)\VEX Robotics\VEXcode Pro V5\sdk/vexv5\libv5rt.a(v5_apiuser.c.obj)
                0x0380837c                vexMotorVelocityGet
 .text.vexMotorActualVelocityGet
                0x03808394       0x24 C:\Program Files (x86)\VEX Robotics\VEXcode Pro V5\sdk/vexv5\libv5rt.a(v5_apiuser.c.obj)
                0x03808394                vexMotorActualVelocityGet
 .text.vexMotorModeGet
                0x038083b8       0x18 C:\Program Files (x86)\VEX Robotics\VEXcode Pro V5\sdk/vexv5\libv5rt.a(v5_apiuser.c.obj)
                0x038083b8                vexMotorModeGet
 .text.vexMotorTemperatureGet
                0x038083d0       0x24 C:\Program Files (x86)\VEX Robotics\VEXcode Pro V5\sdk/vexv5\libv5rt.a(v5_apiuser.c.obj)
                0x038083d0                vexMotorTemperatureGet
 .text.vexMotorZeroPositionFlagGet
                0x038083f4       0x18 C:\Program Files (x86)\VEX Robotics\VEXcode Pro V5\sdk/vexv5\libv5rt.a(v5_apiuser.c.obj)
                0x038083f4                vexMotorZeroPositionFlagGet
 .text.vexMotorReverseFlagSet
                0x0380840c       0x20 C:\Program Files (x86)\VEX Robotics\VEXcode Pro V5\sdk/vexv5\libv5rt.a(v5_apiuser.c.obj)
                0x0380840c                vexMotorReverseFlagSet
 .text.vexMotorEncoderUnitsSet
                0x0380842c       0x20 C:\Program Files (x86)\VEX Robotics\VEXcode Pro V5\sdk/vexv5\libv5rt.a(v5_apiuser.c.obj)
                0x0380842c                vexMotorEncoderUnitsSet
 .text.vexMotorBrakeModeSet
                0x0380844c       0x20 C:\Program Files (x86)\VEX Robotics\VEXcode Pro V5\sdk/vexv5\libv5rt.a(v5_apiuser.c.obj)
                0x0380844c                vexMotorBrakeModeSet
 .text.vexMotorPositionSet
                0x0380846c       0x28 C:\Program Files (x86)\VEX Robotics\VEXcode Pro V5\sdk/vexv5\libv5rt.a(v5_apiuser.c.obj)
                0x0380846c                vexMotorPositionSet
 .text.vexMotorRelativeTargetSet
                0x03808494       0x30 C:\Program Files (x86)\VEX Robotics\VEXcode Pro V5\sdk/vexv5\libv5rt.a(v5_apiuser.c.obj)
                0x03808494                vexMotorRelativeTargetSet
 .text.vexMotorGearingSet
                0x038084c4       0x20 C:\Program Files (x86)\VEX Robotics\VEXcode Pro V5\sdk/vexv5\libv5rt.a(v5_apiuser.c.obj)
                0x038084c4                vexMotorGearingSet
 .text.vexMotorGearingGet
                0x038084e4       0x18 C:\Program Files (x86)\VEX Robotics\VEXcode Pro V5\sdk/vexv5\libv5rt.a(v5_apiuser.c.obj)
                0x038084e4                vexMotorGearingGet
 .text.vexImuReset
                0x038084fc       0x10 C:\Program Files (x86)\VEX Robotics\VEXcode Pro V5\sdk/vexv5\libv5rt.a(v5_apiuser.c.obj)
                0x038084fc                vexImuReset
 .text.vexImuHeadingGet
                0x0380850c       0x10 C:\Program Files (x86)\VEX Robotics\VEXcode Pro V5\sdk/vexv5\libv5rt.a(v5_apiuser.c.obj)
                0x0380850c                vexImuHeadingGet
 .text.vexImuDegreesGet
                0x0380851c       0x10 C:\Program Files (x86)\VEX Robotics\VEXcode Pro V5\sdk/vexv5\libv5rt.a(v5_apiuser.c.obj)
                0x0380851c                vexImuDegreesGet
 .text.vexImuStatusGet
                0x0380852c       0x10 C:\Program Files (x86)\VEX Robotics\VEXcode Pro V5\sdk/vexv5\libv5rt.a(v5_apiuser.c.obj)
                0x0380852c                vexImuStatusGet
 .text.vexOpticalHueGet
                0x0380853c       0x10 C:\Program Files (x86)\VEX Robotics\VEXcode Pro V5\sdk/vexv5\libv5rt.a(v5_apiuser.c.obj)
                0x0380853c                vexOpticalHueGet
 .text.vexOpticalProximityGet
                0x0380854c       0x10 C:\Program Files (x86)\VEX Robotics\VEXcode Pro V5\sdk/vexv5\libv5rt.a(v5_apiuser.c.obj)
                0x0380854c                vexOpticalProximityGet
 .text.vexOpticalLedPwmSet
                0x0380855c       0x18 C:\Program Files (x86)\VEX Robotics\VEXcode Pro V5\sdk/vexv5\libv5rt.a(v5_apiuser.c.obj)
                0x0380855c                vexOpticalLedPwmSet
 .text.vexOpticalGestureEnable
                0x03808574       0x10 C:\Program Files (x86)\VEX Robotics\VEXcode Pro V5\sdk/vexv5\libv5rt.a(v5_apiuser.c.obj)
                0x03808574                vexOpticalGestureEnable
 .text.vexOpticalGestureDisable
                0x03808584       0x10 C:\Program Files (x86)\VEX Robotics\VEXcode Pro V5\sdk/vexv5\libv5rt.a(v5_apiuser.c.obj)
                0x03808584                vexOpticalGestureDisable
 .text.vexOpticalProximityThreshold
                0x03808594       0x18 C:\Program Files (x86)\VEX Robotics\VEXcode Pro V5\sdk/vexv5\libv5rt.a(v5_apiuser.c.obj)
                0x03808594                vexOpticalProximityThreshold
 .text.vexDistanceDistanceGet
                0x038085ac       0x10 C:\Program Files (x86)\VEX Robotics\VEXcode Pro V5\sdk/vexv5\libv5rt.a(v5_apiuser.c.obj)
                0x038085ac                vexDistanceDistanceGet
 .text.vexEventMaskSet
                0x038085bc       0x28 C:\Program Files (x86)\VEX Robotics\VEXcode Pro V5\sdk/vexv5\libv5rt.a(v5_apiuser.c.obj)
                0x038085bc                vexEventMaskSet
 .text.vexEventMaskGet
                0x038085e4       0x18 C:\Program Files (x86)\VEX Robotics\VEXcode Pro V5\sdk/vexv5\libv5rt.a(v5_apiuser.c.obj)
                0x038085e4                vexEventMaskGet
 .text._ZN3vex6deviceD2Ev
                0x038085fc        0x4 C:\Program Files (x86)\VEX Robotics\VEXcode Pro V5\sdk/vexv5\libv5rt.a(vex_device.cpp.obj)
                0x038085fc                vex::device::~device()
                0x038085fc                vex::device::~device()
 .text._ZN3vex6device5valueEv
                0x03808600        0x8 C:\Program Files (x86)\VEX Robotics\VEXcode Pro V5\sdk/vexv5\libv5rt.a(vex_device.cpp.obj)
                0x03808600                vex::device::value()
 .text._ZN3vex6deviceD0Ev
                0x03808608       0x14 C:\Program Files (x86)\VEX Robotics\VEXcode Pro V5\sdk/vexv5\libv5rt.a(vex_device.cpp.obj)
                0x03808608                vex::device::~device()
 .text._ZN3vex6device4initEl
                0x0380861c       0x30 C:\Program Files (x86)\VEX Robotics\VEXcode Pro V5\sdk/vexv5\libv5rt.a(vex_device.cpp.obj)
                0x0380861c                vex::device::init(long)
 .text._ZN3vex6deviceC2El
                0x0380864c       0x20 C:\Program Files (x86)\VEX Robotics\VEXcode Pro V5\sdk/vexv5\libv5rt.a(vex_device.cpp.obj)
                0x0380864c                vex::device::device(long)
                0x0380864c                vex::device::device(long)
 .text._ZN3vex6device4typeEv
                0x0380866c       0x10 C:\Program Files (x86)\VEX Robotics\VEXcode Pro V5\sdk/vexv5\libv5rt.a(vex_device.cpp.obj)
                0x0380866c                vex::device::type()
 .text._ZN3vex6device9installedEv
                0x0380867c       0x14 C:\Program Files (x86)\VEX Robotics\VEXcode Pro V5\sdk/vexv5\libv5rt.a(vex_device.cpp.obj)
                0x0380867c                vex::device::installed()
 .text.__aeabi_memclr
                0x03808690        0x8 C:\Program Files (x86)\VEX Robotics\VEXcode Pro V5\sdk/vexv5/gcc/libs\libc.a(lib_a-aeabi_memclr.o)
                0x03808690                __aeabi_memclr4
                0x03808690                __aeabi_memclr
                0x03808690                __aeabi_memclr8
 .text.__aeabi_memcpy
                0x03808698        0x4 C:\Program Files (x86)\VEX Robotics\VEXcode Pro V5\sdk/vexv5/gcc/libs\libc.a(lib_a-aeabi_memcpy.o)
                0x03808698                __aeabi_memcpy
                0x03808698                __aeabi_memcpy8
                0x03808698                __aeabi_memcpy4
 .text.__libc_fini_array
                0x0380869c       0x30 C:\Program Files (x86)\VEX Robotics\VEXcode Pro V5\sdk/vexv5/gcc/libs\libc.a(lib_a-fini.o)
                0x0380869c                __libc_fini_array
 .text.__libc_init_array
                0x038086cc       0x58 C:\Program Files (x86)\VEX Robotics\VEXcode Pro V5\sdk/vexv5/gcc/libs\libc.a(lib_a-init.o)
                0x038086cc                __libc_init_array
 .text.memcpy   0x03808724       0xa8 C:\Program Files (x86)\VEX Robotics\VEXcode Pro V5\sdk/vexv5/gcc/libs\libc.a(lib_a-memcpy.o)
                0x03808724                memcpy
 *fill*         0x038087cc        0x4 
 .text.memcpy.__stub
                0x038087d0       0x18 linker stubs
 *(.gnu.linkonce.t.*)
 *(.plt)
 *(.gnu_warning)
 *(.gcc_except_table)
 *(.glue_7)
 .glue_7        0x00000000        0x0 linker stubs
 *(.glue_7t)
 .glue_7t       0x00000000        0x0 linker stubs
 *(.vfp11_veneer)
 .vfp11_veneer  0x00000000        0x0 linker stubs
 *(.ARM.extab)
 *(.gnu.linkonce.armextab.*)

.v4_bx          0x038087e8        0x0
 .v4_bx         0x00000000        0x0 linker stubs

.iplt           0x038087e8        0x0
 .iplt          0x00000000        0x0 build/src/main.o

.init
 *(.init)

.fini
 *(.fini)

.rodata         0x038087e8      0x524
                0x038087e8                __rodata_start = .
 *(.rodata)
 *(.rodata.*)
 .rodata.str1.1
                0x038087e8      0x30c build/src/main.o
 .rodata.str1.1
                0x03808af4       0x2e C:\Program Files (x86)\VEX Robotics\VEXcode Pro V5\sdk/vexv5\libv5rt.a(v5_startup.c.obj)
 *fill*         0x03808b22        0x2 
 .rodata._ZN3vex6PORT20E
                0x03808b24        0x4 C:\Program Files (x86)\VEX Robotics\VEXcode Pro V5\sdk/vexv5\libv5rt.a(vex_global.cpp.obj)
                0x03808b24                vex::PORT20
 .rodata._ZN3vex3fwdE
                0x03808b28        0x4 C:\Program Files (x86)\VEX Robotics\VEXcode Pro V5\sdk/vexv5\libv5rt.a(vex_global.cpp.obj)
                0x03808b28                vex::fwd
 .rodata._ZN3vex5PORT1E
                0x03808b2c        0x4 C:\Program Files (x86)\VEX Robotics\VEXcode Pro V5\sdk/vexv5\libv5rt.a(vex_global.cpp.obj)
                0x03808b2c                vex::PORT1
 .rodata._ZN3vex7reverseE
                0x03808b30        0x4 C:\Program Files (x86)\VEX Robotics\VEXcode Pro V5\sdk/vexv5\libv5rt.a(vex_global.cpp.obj)
                0x03808b30                vex::reverse
 .rodata._ZN3vex4voltE
                0x03808b34        0x4 C:\Program Files (x86)\VEX Robotics\VEXcode Pro V5\sdk/vexv5\libv5rt.a(vex_global.cpp.obj)
                0x03808b34                vex::volt
 .rodata._ZN3vex6PORT10E
                0x03808b38        0x4 C:\Program Files (x86)\VEX Robotics\VEXcode Pro V5\sdk/vexv5\libv5rt.a(vex_global.cpp.obj)
                0x03808b38                vex::PORT10
 .rodata._ZN3vex7forwardE
                0x03808b3c        0x4 C:\Program Files (x86)\VEX Robotics\VEXcode Pro V5\sdk/vexv5\libv5rt.a(vex_global.cpp.obj)
                0x03808b3c                vex::forward
 .rodata._ZN3vex6PORT14E
                0x03808b40        0x4 C:\Program Files (x86)\VEX Robotics\VEXcode Pro V5\sdk/vexv5\libv5rt.a(vex_global.cpp.obj)
                0x03808b40                vex::PORT14
 .rodata._ZN3vex5whiteE
                0x03808b44        0x4 C:\Program Files (x86)\VEX Robotics\VEXcode Pro V5\sdk/vexv5\libv5rt.a(vex_global.cpp.obj)
                0x03808b44                vex::white
 .rodata._ZN3vex3pctE
                0x03808b48        0x4 C:\Program Files (x86)\VEX Robotics\VEXcode Pro V5\sdk/vexv5\libv5rt.a(vex_global.cpp.obj)
                0x03808b48                vex::pct
 .rodata._ZN3vex3secE
                0x03808b4c        0x4 C:\Program Files (x86)\VEX Robotics\VEXcode Pro V5\sdk/vexv5\libv5rt.a(vex_global.cpp.obj)
                0x03808b4c                vex::sec
 .rodata._ZN3vex3redE
                0x03808b50        0x4 C:\Program Files (x86)\VEX Robotics\VEXcode Pro V5\sdk/vexv5\libv5rt.a(vex_global.cpp.obj)
                0x03808b50                vex::red
 .rodata._ZN3vex4msecE
                0x03808b54        0x4 C:\Program Files (x86)\VEX Robotics\VEXcode Pro V5\sdk/vexv5\libv5rt.a(vex_global.cpp.obj)
                0x03808b54                vex::msec
 .rodata._ZN3vex6PORT18E
                0x03808b58        0x4 C:\Program Files (x86)\VEX Robotics\VEXcode Pro V5\sdk/vexv5\libv5rt.a(vex_global.cpp.obj)
                0x03808b58                vex::PORT18
 .rodata._ZN3vex4blueE
                0x03808b5c        0x4 C:\Program Files (x86)\VEX Robotics\VEXcode Pro V5\sdk/vexv5\libv5rt.a(vex_global.cpp.obj)
                0x03808b5c                vex::blue
 .rodata._ZN3vex6mono20E
                0x03808b60        0x4 C:\Program Files (x86)\VEX Robotics\VEXcode Pro V5\sdk/vexv5\libv5rt.a(vex_global.cpp.obj)
                0x03808b60                vex::mono20
 .rodata._ZN3vex5PORT2E
                0x03808b64        0x4 C:\Program Files (x86)\VEX Robotics\VEXcode Pro V5\sdk/vexv5\libv5rt.a(vex_global.cpp.obj)
                0x03808b64                vex::PORT2
 .rodata._ZN3vex3rpmE
                0x03808b68        0x4 C:\Program Files (x86)\VEX Robotics\VEXcode Pro V5\sdk/vexv5\libv5rt.a(vex_global.cpp.obj)
                0x03808b68                vex::rpm
 .rodata._ZN3vex6PORT11E
                0x03808b6c        0x4 C:\Program Files (x86)\VEX Robotics\VEXcode Pro V5\sdk/vexv5\libv5rt.a(vex_global.cpp.obj)
                0x03808b6c                vex::PORT11
 .rodata._ZN3vex7primaryE
                0x03808b70        0x4 C:\Program Files (x86)\VEX Robotics\VEXcode Pro V5\sdk/vexv5\libv5rt.a(vex_global.cpp.obj)
                0x03808b70                vex::primary
 .rodata._ZN3vex3degE
                0x03808b74        0x4 C:\Program Files (x86)\VEX Robotics\VEXcode Pro V5\sdk/vexv5\libv5rt.a(vex_global.cpp.obj)
                0x03808b74                vex::deg
 .rodata._ZN3vex7percentE
                0x03808b78        0x4 C:\Program Files (x86)\VEX Robotics\VEXcode Pro V5\sdk/vexv5\libv5rt.a(vex_global.cpp.obj)
                0x03808b78                vex::percent
 .rodata._ZN3vex6PORT15E
                0x03808b7c        0x4 C:\Program Files (x86)\VEX Robotics\VEXcode Pro V5\sdk/vexv5\libv5rt.a(vex_global.cpp.obj)
                0x03808b7c                vex::PORT15
 .rodata._ZN3vex6PORT19E
                0x03808b80        0x4 C:\Program Files (x86)\VEX Robotics\VEXcode Pro V5\sdk/vexv5\libv5rt.a(vex_global.cpp.obj)
                0x03808b80                vex::PORT19
 .rodata._ZN3vex6PORT22E
                0x03808b84        0x4 C:\Program Files (x86)\VEX Robotics\VEXcode Pro V5\sdk/vexv5\libv5rt.a(vex_global.cpp.obj)
                0x03808b84                vex::PORT22
 .rodata._ZN3vex6orangeE
                0x03808b88        0x4 C:\Program Files (x86)\VEX Robotics\VEXcode Pro V5\sdk/vexv5\libv5rt.a(vex_global.cpp.obj)
                0x03808b88                vex::orange
 .rodata._ZN3vex6PORT12E
                0x03808b8c        0x4 C:\Program Files (x86)\VEX Robotics\VEXcode Pro V5\sdk/vexv5\libv5rt.a(vex_global.cpp.obj)
                0x03808b8c                vex::PORT12
 .rodata._ZN3vex5PORT7E
                0x03808b90        0x4 C:\Program Files (x86)\VEX Robotics\VEXcode Pro V5\sdk/vexv5\libv5rt.a(vex_global.cpp.obj)
                0x03808b90                vex::PORT7
 .rodata._ZN3vex8ratio6_1E
                0x03808b94        0x4 C:\Program Files (x86)\VEX Robotics\VEXcode Pro V5\sdk/vexv5\libv5rt.a(vex_global.cpp.obj)
                0x03808b94                vex::ratio6_1
 .rodata._ZN3vex5brakeE
                0x03808b98        0x4 C:\Program Files (x86)\VEX Robotics\VEXcode Pro V5\sdk/vexv5\libv5rt.a(vex_global.cpp.obj)
                0x03808b98                vex::brake
 .rodata._ZN3vex5coastE
                0x03808b9c        0x4 C:\Program Files (x86)\VEX Robotics\VEXcode Pro V5\sdk/vexv5\libv5rt.a(vex_global.cpp.obj)
                0x03808b9c                vex::coast
 .rodata._ZN3vex6PORT13E
                0x03808ba0        0x4 C:\Program Files (x86)\VEX Robotics\VEXcode Pro V5\sdk/vexv5\libv5rt.a(vex_global.cpp.obj)
                0x03808ba0                vex::PORT13
 .rodata._ZN3vex5PORT8E
                0x03808ba4        0x4 C:\Program Files (x86)\VEX Robotics\VEXcode Pro V5\sdk/vexv5\libv5rt.a(vex_global.cpp.obj)
                0x03808ba4                vex::PORT8
 .rodata._ZTVN3vex5motorE
                0x03808ba8       0x18 C:\Program Files (x86)\VEX Robotics\VEXcode Pro V5\sdk/vexv5\libv5rt.a(vex_motor.cpp.obj)
                0x03808ba8                vtable for vex::motor
 .rodata._ZTVN3vex8inertialE
                0x03808bc0       0x68 C:\Program Files (x86)\VEX Robotics\VEXcode Pro V5\sdk/vexv5\libv5rt.a(vex_imu.cpp.obj)
                0x03808bc0                vtable for vex::inertial
 .rodata._ZTVN3vex7opticalE
                0x03808c28       0x18 C:\Program Files (x86)\VEX Robotics\VEXcode Pro V5\sdk/vexv5\libv5rt.a(vex_optical.cpp.obj)
                0x03808c28                vtable for vex::optical
 .rodata._ZTVN3vex8distanceE
                0x03808c40       0x18 C:\Program Files (x86)\VEX Robotics\VEXcode Pro V5\sdk/vexv5\libv5rt.a(vex_distance.cpp.obj)
                0x03808c40                vtable for vex::distance
 .rodata.CSWTCH.16
                0x03808c58        0xb C:\Program Files (x86)\VEX Robotics\VEXcode Pro V5\sdk/vexv5\libv5rt.a(vex_controller.cpp.obj)
 .rodata.CSWTCH.18
                0x03808c63        0xb C:\Program Files (x86)\VEX Robotics\VEXcode Pro V5\sdk/vexv5\libv5rt.a(vex_controller.cpp.obj)
 .rodata.CSWTCH.24
                0x03808c6e        0x3 C:\Program Files (x86)\VEX Robotics\VEXcode Pro V5\sdk/vexv5\libv5rt.a(vex_controller.cpp.obj)
 .rodata.str1.1
                0x03808c71       0x14 C:\Program Files (x86)\VEX Robotics\VEXcode Pro V5\sdk/vexv5\libv5rt.a(vex_task.cpp.obj)
 .rodata.str1.1
                0x03808c85       0x2d C:\Program Files (x86)\VEX Robotics\VEXcode Pro V5\sdk/vexv5\libv5rt.a(vex_brain.cpp.obj)
 .rodata.CSWTCH.36
                0x03808cb2       0x10 C:\Program Files (x86)\VEX Robotics\VEXcode Pro V5\sdk/vexv5\libv5rt.a(vex_triport.cpp.obj)
 *fill*         0x03808cc2        0x6 
 .rodata._ZTVN3vex7triportE
                0x03808cc8       0x18 C:\Program Files (x86)\VEX Robotics\VEXcode Pro V5\sdk/vexv5\libv5rt.a(vex_triport.cpp.obj)
                0x03808cc8                vtable for vex::triport
 .rodata.CSWTCH.31
                0x03808ce0        0xe C:\Program Files (x86)\VEX Robotics\VEXcode Pro V5\sdk/vexv5\libv5rt.a(vex_triport.cpp.obj)
 *fill*         0x03808cee        0x2 
 .rodata._ZTVN3vex6deviceE
                0x03808cf0       0x18 C:\Program Files (x86)\VEX Robotics\VEXcode Pro V5\sdk/vexv5\libv5rt.a(vex_device.cpp.obj)
                0x03808cf0                vtable for vex::device
 .rodata.str1.4
                0x03808d08        0x4 C:\Program Files (x86)\VEX Robotics\VEXcode Pro V5\sdk/vexv5/gcc/libs\libc.a(lib_a-impure.o)
                                  0x2 (size before relaxing)
 *(.gnu.linkonce.r.*)
                0x03808d0c                __rodata_end = .

.rodata1        0x03808d0c        0x0
                0x03808d0c                __rodata1_start = .
 *(.rodata1)
 *(.rodata1.*)
                0x03808d0c                __rodata1_end = .

.sdata2         0x03808d0c        0x0
                0x03808d0c                __sdata2_start = .
 *(.sdata2)
 *(.sdata2.*)
 *(.gnu.linkonce.s2.*)
                0x03808d0c                __sdata2_end = .

.sbss2          0x03808d0c        0x0
                0x03808d0c                __sbss2_start = .
 *(.sbss2)
 *(.sbss2.*)
 *(.gnu.linkonce.sb2.*)
                0x03808d0c                __sbss2_end = .

.data           0x03808d10      0x484
                0x03808d10                __data_start = .
 *(.data)
 *(.data.*)
 .data.shotD    0x03808d10        0x8 build/src/main.o
                0x03808d10                shotD
 .data.maxShotT
                0x03808d18        0x8 build/src/main.o
                0x03808d18                maxShotT
 .data.recoveryTime
                0x03808d20        0x8 build/src/main.o
                0x03808d20                recoveryTime
 .data.kP       0x03808d28        0x8 build/src/main.o
                0x03808d28                kP
 .data.kP2      0x03808d30        0x8 build/src/main.o
                0x03808d30                kP2
 .data.kPEqui   0x03808d38        0x8 build/src/main.o
                0x03808d38                kPEqui
 .data.kD       0x03808d40        0x8 build/src/main.o
                0x03808d40                kD
 .data.intakeSpeed
                0x03808d48        0x8 build/src/main.o
                0x03808d48                intakeSpeed
 .data.volleySpeed
                0x03808d50        0x8 build/src/main.o
                0x03808d50                volleySpeed
 .data.redAlliance
                0x03808d58        0x1 build/src/main.o
                0x03808d58                redAlliance
 *fill*         0x03808d59        0x3 
 .data.appRunning
                0x03808d5c        0x4 C:\Program Files (x86)\VEX Robotics\VEXcode Pro V5\sdk/vexv5\libv5rt.a(v5_startup.c.obj)
                0x03808d5c                appRunning
 .data.__yoff   0x03808d60        0x4 C:\Program Files (x86)\VEX Robotics\VEXcode Pro V5\sdk/vexv5\libv5rt.a(v5_apijump.c.obj)
 .data._ZN3vex24__default_motor_velocityE
                0x03808d64        0x4 C:\Program Files (x86)\VEX Robotics\VEXcode Pro V5\sdk/vexv5\libv5rt.a(vex_motor.cpp.obj)
                0x03808d64                vex::__default_motor_velocity
 .data.impure_data
                0x03808d68      0x428 C:\Program Files (x86)\VEX Robotics\VEXcode Pro V5\sdk/vexv5/gcc/libs\libc.a(lib_a-impure.o)
 .data._impure_ptr
                0x03809190        0x4 C:\Program Files (x86)\VEX Robotics\VEXcode Pro V5\sdk/vexv5/gcc/libs\libc.a(lib_a-impure.o)
                0x03809190                _impure_ptr
 *(.gnu.linkonce.d.*)
 *(.jcr)
 *(.got)
 *(.got.plt)
                0x03809194                __data_end = .

.igot.plt       0x03809194        0x0
 .igot.plt      0x00000000        0x0 build/src/main.o

.data1          0x03809194        0x0
                0x03809194                __data1_start = .
 *(.data1)
 *(.data1.*)
                0x03809194                __data1_end = .

.got
 *(.got)

.ctors          0x03809194        0x0
                0x03809194                __CTOR_LIST__ = .
                0x03809194                ___CTORS_LIST___ = .
 *crtbegin.o(.ctors)
 *(EXCLUDE_FILE(*crtend.o) .ctors)
 *(SORT(.ctors.*))
 *(.ctors)
                0x03809194                __CTOR_END__ = .
                0x03809194                ___CTORS_END___ = .

.dtors          0x03809194        0x0
                0x03809194                __DTOR_LIST__ = .
                0x03809194                ___DTORS_LIST___ = .
 *crtbegin.o(.dtors)
 *(EXCLUDE_FILE(*crtend.o) .dtors)
 *(SORT(.dtors.*))
 *(.dtors)