Archive member included because of file (symbol)

C:\Program Files (x86)\VEX Robotics\VEXcode Pro V5\sdk/vexv5\libv5rt.a(v5_startup.c.obj)
                              (vexStartup)
C:\Program Files (x86)\VEX Robotics\VEXcode Pro V5\sdk/vexv5\libv5rt.a(v5_util.c.obj)
                              C:\Program Files (x86)\VEX Robotics\VEXcode Pro V5\sdk/vexv5\libv5rt.a(v5_startup.c.obj) (vexStdlibVersionLinked)
C:\Program Files (x86)\VEX Robotics\VEXcode Pro V5\sdk/vexv5\libv5rt.a(v5_apijump.c.obj)
                              C:\Program Files (x86)\VEX Robotics\VEXcode Pro V5\sdk/vexv5\libv5rt.a(v5_startup.c.obj) (vexPrivateApiEnable)
C:\Program Files (x86)\VEX Robotics\VEXcode Pro V5\sdk/vexv5\libv5rt.a(v5_apiversions.c.obj)
                              C:\Program Files (x86)\VEX Robotics\VEXcode Pro V5\sdk/vexv5\libv5rt.a(v5_apijump.c.obj) (vexSystemVersion)
C:\Program Files (x86)\VEX Robotics\VEXcode Pro V5\sdk/vexv5\libv5rt.a(vex_global.cpp.obj)
                              build/src/main.o (vex::wait(double, vex::timeUnits))
C:\Program Files (x86)\VEX Robotics\VEXcode Pro V5\sdk/vexv5\libv5rt.a(vex_motor.cpp.obj)
                              build/src/robot-config.o (vex::motor::~motor())
C:\Program Files (x86)\VEX Robotics\VEXcode Pro V5\sdk/vexv5\libv5rt.a(vex_imu.cpp.obj)
                              build/src/main.o (vex::inertial::setHeading(double, vex::rotationUnits))
C:\Program Files (x86)\VEX Robotics\VEXcode Pro V5\sdk/vexv5\libv5rt.a(vex_optical.cpp.obj)
                              build/src/robot-config.o (vex::optical::~optical())
C:\Program Files (x86)\VEX Robotics\VEXcode Pro V5\sdk/vexv5\libv5rt.a(vex_distance.cpp.obj)
                              build/src/robot-config.o (vex::distance::~distance())
C:\Program Files (x86)\VEX Robotics\VEXcode Pro V5\sdk/vexv5\libv5rt.a(vex_controller.cpp.obj)
                              build/src/robot-config.o (vex::controller::~controller())
C:\Program Files (x86)\VEX Robotics\VEXcode Pro V5\sdk/vexv5\libv5rt.a(vex_task.cpp.obj)
                              build/src/main.o (vex::task::task())
C:\Program Files (x86)\VEX Robotics\VEXcode Pro V5\sdk/vexv5\libv5rt.a(vex_thread.cpp.obj)
                              C:\Program Files (x86)\VEX Robotics\VEXcode Pro V5\sdk/vexv5\libv5rt.a(vex_global.cpp.obj) (vex::this_thread::sleep_for(unsigned long))
C:\Program Files (x86)\VEX Robotics\VEXcode Pro V5\sdk/vexv5\libv5rt.a(vex_event.cpp.obj)
                              C:\Program Files (x86)\VEX Robotics\VEXcode Pro V5\sdk/vexv5\libv5rt.a(vex_imu.cpp.obj) (vex::event::init(unsigned long, unsigned long, void (*)()))
C:\Program Files (x86)\VEX Robotics\VEXcode Pro V5\sdk/vexv5\libv5rt.a(vex_mevent.cpp.obj)
                              C:\Program Files (x86)\VEX Robotics\VEXcode Pro V5\sdk/vexv5\libv5rt.a(vex_controller.cpp.obj) (vex::mevent::mevent(unsigned long, unsigned long))
C:\Program Files (x86)\VEX Robotics\VEXcode Pro V5\sdk/vexv5\libv5rt.a(vex_brain.cpp.obj)
                              build/src/main.o (vex::brain::lcd::setFont(vex::fontType))
C:\Program Files (x86)\VEX Robotics\VEXcode Pro V5\sdk/vexv5\libv5rt.a(vex_competition.cpp.obj)
                              build/src/main.o (vex::competition::competition())
C:\Program Files (x86)\VEX Robotics\VEXcode Pro V5\sdk/vexv5\libv5rt.a(vex_triport.cpp.obj)
                              build/src/robot-config.o (vex::triport::~triport())
C:\Program Files (x86)\VEX Robotics\VEXcode Pro V5\sdk/vexv5\libv5rt.a(vex_color.cpp.obj)
                              build/src/main.o (vex::color::~color())
C:\Program Files (x86)\VEX Robotics\VEXcode Pro V5\sdk/vexv5\libv5rt.a(vex_timer.cpp.obj)
                              build/src/main.o (vex::timer::~timer())
C:\Program Files (x86)\VEX Robotics\VEXcode Pro V5\sdk/vexv5\libv5rt.a(vex_motorgroup.cpp.obj)
                              build/src/robot-config.o (vex::motor_group::motor_group())
C:\Program Files (x86)\VEX Robotics\VEXcode Pro V5\sdk/vexv5\libv5rt.a(v5_apiuser.c.obj)
                              C:\Program Files (x86)\VEX Robotics\VEXcode Pro V5\sdk/vexv5\libv5rt.a(vex_triport.cpp.obj) (vexAdiPortConfigSet)
C:\Program Files (x86)\VEX Robotics\VEXcode Pro V5\sdk/vexv5\libv5rt.a(vex_device.cpp.obj)
                              C:\Program Files (x86)\VEX Robotics\VEXcode Pro V5\sdk/vexv5\libv5rt.a(vex_motor.cpp.obj) (vex::device::~device())
C:\Program Files (x86)\VEX Robotics\VEXcode Pro V5\sdk/vexv5/gcc/libs\libc.a(lib_a-aeabi_memclr.o)
                              build/src/main.o (__aeabi_memclr8)
C:\Program Files (x86)\VEX Robotics\VEXcode Pro V5\sdk/vexv5/gcc/libs\libc.a(lib_a-aeabi_memcpy.o)
                              build/src/main.o (__aeabi_memcpy8)
C:\Program Files (x86)\VEX Robotics\VEXcode Pro V5\sdk/vexv5/gcc/libs\libc.a(lib_a-aeabi_memmove-soft.o)
                              build/src/main.o (__aeabi_memmove8)
C:\Program Files (x86)\VEX Robotics\VEXcode Pro V5\sdk/vexv5/gcc/libs\libc.a(lib_a-aeabi_memset-soft.o)
[...]
Memory Configuration

Name             Origin             Length             Attributes
ps7_ddr_0_S_AXI_BASEADDR 0x03800000         0x04800000
*default*        0x00000000         0xffffffff

Linker script and memory map

                0x00002000                _STACK_SIZE = DEFINED (_STACK_SIZE)?_STACK_SIZE:0x2000
                0x00100000                _HEAP_SIZE = DEFINED (_HEAP_SIZE)?_HEAP_SIZE:0x100000
                0x00000400                _ABORT_STACK_SIZE = DEFINED (_ABORT_STACK_SIZE)?_ABORT_STACK_SIZE:0x400
                0x00000800                _SUPERVISOR_STACK_SIZE = DEFINED (_SUPERVISOR_STACK_SIZE)?_SUPERVISOR_STACK_SIZE:0x800
                0x00000400                _IRQ_STACK_SIZE = DEFINED (_IRQ_STACK_SIZE)?_IRQ_STACK_SIZE:0x400
                0x00000400                _FIQ_STACK_SIZE = DEFINED (_FIQ_STACK_SIZE)?_FIQ_STACK_SIZE:0x400
                0x00000400                _UNDEF_STACK_SIZE = DEFINED (_UNDEF_STACK_SIZE)?_UNDEF_STACK_SIZE:0x400

.text           0x03800000     0x8818
 *(.vectors)
 *(.boot_data)
 .boot_data     0x03800000       0x20 C:\Program Files (x86)\VEX Robotics\VEXcode Pro V5\sdk/vexv5\libv5rt.a(v5_startup.c.obj)
                0x03800000                vexCodeSig
                0x00000020                . = 0x20
 *(.boot)
 .boot          0x03800020       0xbc C:\Program Files (x86)\VEX Robotics\VEXcode Pro V5\sdk/vexv5\libv5rt.a(v5_startup.c.obj)
                0x03800020                vexStartup
                0x03800100                . = ALIGN (0x40)
 *fill*         0x038000dc       0x24 
 *(.freertos_vectors)
 *(.text)
 .text          0x03800100       0x3a C:\Program Files (x86)\VEX Robotics\VEXcode Pro V5\sdk/vexv5/gcc/libs\libc.a(lib_a-aeabi_memmove-soft.o)
                0x03800100                __aeabi_memmove4
                0x03800100                __aeabi_memmove
                0x03800100                __aeabi_memmove8
 .text          0x0380013a       0x9a C:\Program Files (x86)\VEX Robotics\VEXcode Pro V5\sdk/vexv5/gcc/libs\libc.a(lib_a-aeabi_memset-soft.o)
                0x0380013a                __aeabi_memset8
                0x0380013a                __aeabi_memset
                0x0380013a                __aeabi_memset4
 *(.text.*)
 .text._Z11displayInfov
                0x038001d4      0x1b0 build/src/main.o
                0x038001d4                displayInfo()
 *fill*         0x03800384        0x4 
 .text._Z5drivev
                0x03800388      0x790 build/src/main.o
                0x03800388                drive()
 .text._Z15displayTrackingv
                0x03800b18      0x270 build/src/main.o
                0x03800b18                displayTracking()
 .text._Z16inertialAdjustedv
                0x03800d88       0x68 build/src/main.o
                0x03800d88                inertialAdjusted()
 .text._Z13startTrackingv
                0x03800df0      0x358 build/src/main.o
                0x03800df0                startTracking()
 .text._Z4Turndddd
                0x03801148      0x218 build/src/main.o
                0x03801148                Turn(double, double, double, double)
 .text._Z4moveSt9__va_listN3vex13directionTypeEiddd
                0x03801360      0xbf0 build/src/main.o
                0x03801360                move(std::__va_list, vex::directionType, int, double, double, double)
 .text._ZN6BezierC2Ev
                0x03801f50       0xd4 build/src/main.o
                0x03801f50                Bezier::Bezier()
 *fill*         0x03802024        0x4 
 .text._ZN6BezierC2E4PoseS0_ii
                0x03802028      0x268 build/src/main.o
                0x03802028                Bezier::Bezier(Pose, Pose, int, int)
 .text._ZN6Bezier10lengthleftEdd
                0x03802290       0xbc build/src/main.o
                0x03802290                Bezier::lengthleft(double, double)
 .text._ZN6Bezier14closestPointToE5Point
                0x0380234c      0x298 build/src/main.o
                0x0380234c                Bezier::closestPointTo(Point)
 .text._ZN6Bezier8getValueEd
                0x038025e4      0x138 build/src/main.o
                0x038025e4                Bezier::getValue(double)
 *fill*         0x0380271c        0x4 
 .text._ZN6Bezier8getAngleEd
                0x03802720       0xb8 build/src/main.o
                0x03802720                Bezier::getAngle(double)
 .text._ZN6Bezier7displayEi
                0x038027d8      0x140 build/src/main.o
                0x038027d8                Bezier::display(int)
 .text._Z4moveN3vex13directionTypeEiddz
                0x03802918       0x50 build/src/main.o
                0x03802918                move(vex::directionType, int, double, double, ...)
 .text._Z15parallelHandlerv
                0x03802968       0x88 build/src/main.o
                0x03802968                parallelHandler()
 .text._Z12moveParallelN3vex13directionTypeEidz
                0x038029f0       0x84 build/src/main.o
                0x038029f0                moveParallel(vex::directionType, int, double, ...)
 .text._Z12moveParallelN3vex13directionTypeEiddz
                0x03802a74       0x84 build/src/main.o
                0x03802a74                moveParallel(vex::directionType, int, double, double, ...)
 .text._Z10spinRollerbbd
                0x03802af8      0x3b0 build/src/main.o
                0x03802af8                spinRoller(bool, bool, double)
 .text._Z14trackDiscsShotv
                0x03802ea8       0xdc build/src/main.o
                0x03802ea8                trackDiscsShot()
 *fill*         0x03802f84        0x4 
 .text._Z16resetIntakeSpeedv
                0x03802f88       0x70 build/src/main.o
                0x03802f88                resetIntakeSpeed()
 .text._Z14maintain3Discsv
                0x03802ff8      0x26c build/src/main.o
                0x03802ff8                maintain3Discs()
 *fill*         0x03803264        0x4 
 .text._Z11flywheelPIDv
                0x03803268      0x440 build/src/main.o
                0x03803268                flywheelPID()
 .text._Z10rightSide9b
                0x038036a8      0x960 build/src/main.o
                0x038036a8                rightSide9(bool)
 .text._Z20calibrateLineSensorsv
                0x03804008      0x174 build/src/main.o
                0x03804008                calibrateLineSensors()
 .text._Z18calibrateIntertialv
                0x0380417c       0xe4 build/src/main.o
                0x0380417c                calibrateIntertial()
 .text._Z17colorSelectScreenv
                0x03804260      0x188 build/src/main.o
                0x03804260                colorSelectScreen()
 .text._Z9pre_autonv
                0x038043e8       0x44 build/src/main.o
                0x038043e8                pre_auton()
 .text._Z10autonomousv
                0x0380442c       0x50 build/src/main.o
                0x0380442c                autonomous()
 .text._Z11usercontrolv
                0x0380447c        0xc build/src/main.o
                0x0380447c                usercontrol()
 .text.main     0x03804488       0x68 build/src/main.o
                0x03804488                main
 .text._ZN6Bezier19binarySearchMinDistEiPdd5Point
                0x038044f0      0x20c build/src/main.o
                0x038044f0                Bezier::binarySearchMinDist(int, double*, double, Point)
 .text._ZNSt6vectorI5PointSaIS0_EE19_M_emplace_back_auxIJS0_EEEvDpOT_
                0x038046fc       0x8c build/src/main.o
                0x038046fc                void std::vector<Point, std::allocator<Point> >::_M_emplace_back_aux<Point>(Point&&)
 .text._ZNKSt6vectorI5PointSaIS0_EE12_M_check_lenEjPKc
                0x03804788       0x54 build/src/main.o
                0x03804788                std::vector<Point, std::allocator<Point> >::_M_check_len(unsigned int, char const*) const
 .text._ZNSt12_Vector_baseI5PointSaIS0_EE11_M_allocateEj
                0x038047dc       0x30 build/src/main.o
                0x038047dc                std::_Vector_base<Point, std::allocator<Point> >::_M_allocate(unsigned int)
 .text._GLOBAL__sub_I_main.cpp
                0x0380480c       0xa4 build/src/main.o
 .text._ZN3vex11motor_groupC2IJNS_5motorES2_EEERS2_DpRT_
                0x038048b0       0x44 build/src/robot-config.o
                0x038048b0                vex::motor_group::motor_group<vex::motor, vex::motor>(vex::motor&, vex::motor&, vex::motor&)
 .text._Z11vexcodeInitv
                0x038048f4        0x4 build/src/robot-config.o
                0x038048f4                vexcodeInit()
 .text._GLOBAL__sub_I_robot_config.cpp
                0x038048f8      0x52c build/src/robot-config.o
 .text.vexMain  0x03804e24       0xb0 C:\Program Files (x86)\VEX Robotics\VEXcode Pro V5\sdk/vexv5\libv5rt.a(v5_startup.c.obj)
                0x03804e24                vexMain
 .text.__vex_function_prolog
                0x03804ed4       0x18 C:\Program Files (x86)\VEX Robotics\VEXcode Pro V5\sdk/vexv5\libv5rt.a(v5_startup.c.obj)
                0x03804ed4                __vex_function_prolog
 .text._init    0x03804eec        0x4 C:\Program Files (x86)\VEX Robotics\VEXcode Pro V5\sdk/vexv5\libv5rt.a(v5_startup.c.obj)
                0x03804eec                _init
 .text._fini    0x03804ef0        0x4 C:\Program Files (x86)\VEX Robotics\VEXcode Pro V5\sdk/vexv5\libv5rt.a(v5_startup.c.obj)
                0x03804ef0                _fini
 .text.vexStdlibVersionLinked
                0x03804ef4        0xc C:\Program Files (x86)\VEX Robotics\VEXcode Pro V5\sdk/vexv5\libv5rt.a(v5_util.c.obj)
                0x03804ef4                vexStdlibVersionLinked
 .text.vexStdlibVersionVerify
                0x03804f00       0x30 C:\Program Files (x86)\VEX Robotics\VEXcode Pro V5\sdk/vexv5\libv5rt.a(v5_util.c.obj)
                0x03804f00                vexStdlibVersionVerify
 .text.vexPrivateApiEnable
                0x03804f30       0x10 C:\Program Files (x86)\VEX Robotics\VEXcode Pro V5\sdk/vexv5\libv5rt.a(v5_apijump.c.obj)
                0x03804f30                vexPrivateApiEnable
 .text.vexStdlibMismatchError
                0x03804f40       0x3c C:\Program Files (x86)\VEX Robotics\VEXcode Pro V5\sdk/vexv5\libv5rt.a(v5_apijump.c.obj)
                0x03804f40                vexStdlibMismatchError
 .text.vexTaskAdd
                0x03804f7c       0x10 C:\Program Files (x86)\VEX Robotics\VEXcode Pro V5\sdk/vexv5\libv5rt.a(v5_apijump.c.obj)
                0x03804f7c                vexTaskAdd
 .text.vexTasksRun
                0x03804f8c       0x10 C:\Program Files (x86)\VEX Robotics\VEXcode Pro V5\sdk/vexv5\libv5rt.a(v5_apijump.c.obj)
                0x03804f8c                vexTasksRun
 .text.vexTaskYield
                0x03804f9c       0x10 C:\Program Files (x86)\VEX Robotics\VEXcode Pro V5\sdk/vexv5\libv5rt.a(v5_apijump.c.obj)
                0x03804f9c                vexTaskYield
 .text.vexTaskCheckTimeslice
                0x03804fac       0x10 C:\Program Files (x86)\VEX Robotics\VEXcode Pro V5\sdk/vexv5\libv5rt.a(v5_apijump.c.obj)
                0x03804fac                vexTaskCheckTimeslice
 .text.vexTaskGetIndex
                0x03804fbc       0x10 C:\Program Files (x86)\VEX Robotics\VEXcode Pro V5\sdk/vexv5\libv5rt.a(v5_apijump.c.obj)
                0x03804fbc                vexTaskGetIndex
 .text.vexTaskSleep
                0x03804fcc       0x10 C:\Program Files (x86)\VEX Robotics\VEXcode Pro V5\sdk/vexv5\libv5rt.a(v5_apijump.c.obj)
                0x03804fcc                vexTaskSleep
 .text.vexTasksDump
                0x03804fdc       0x1c C:\Program Files (x86)\VEX Robotics\VEXcode Pro V5\sdk/vexv5\libv5rt.a(v5_apijump.c.obj)
                0x03804fdc                vexTasksDump
 .text.vexTaskGetTaskIndex
                0x03804ff8       0x10 C:\Program Files (x86)\VEX Robotics\VEXcode Pro V5\sdk/vexv5\libv5rt.a(v5_apijump.c.obj)
                0x03804ff8                vexTaskGetTaskIndex
 .text.vexTaskStopAll
                0x03805008       0x10 C:\Program Files (x86)\VEX Robotics\VEXcode Pro V5\sdk/vexv5\libv5rt.a(v5_apijump.c.obj)
                0x03805008                vexTaskStopAll
 .text.vexTaskRemoveAllUser
                0x03805018       0x34 C:\Program Files (x86)\VEX Robotics\VEXcode Pro V5\sdk/vexv5\libv5rt.a(v5_apijump.c.obj)
                0x03805018                vexTaskRemoveAllUser
 .text.vexTaskCompletionIdSet
                0x0380504c       0x10 C:\Program Files (x86)\VEX Robotics\VEXcode Pro V5\sdk/vexv5\libv5rt.a(v5_apijump.c.obj)
                0x0380504c                vexTaskCompletionIdSet
 .text.vexTaskStopWithId
                0x0380505c       0x10 C:\Program Files (x86)\VEX Robotics\VEXcode Pro V5\sdk/vexv5\libv5rt.a(v5_apijump.c.obj)
                0x0380505c                vexTaskStopWithId
 .text.vexTaskGetCallbackAndId
                0x0380506c       0x54 C:\Program Files (x86)\VEX Robotics\VEXcode Pro V5\sdk/vexv5\libv5rt.a(v5_apijump.c.obj)
                0x0380506c                vexTaskGetCallbackAndId
 .text.vexCriticalSection
                0x038050c0       0x2c C:\Program Files (x86)\VEX Robotics\VEXcode Pro V5\sdk/vexv5\libv5rt.a(v5_apijump.c.obj)
                0x038050c0                vexCriticalSection
 .text.vexEventAdd
                0x038050ec       0x34 C:\Program Files (x86)\VEX Robotics\VEXcode Pro V5\sdk/vexv5\libv5rt.a(v5_apijump.c.obj)
                0x038050ec                vexEventAdd
 .text.vexEventUserIndexGet
                0x03805120       0x1c C:\Program Files (x86)\VEX Robotics\VEXcode Pro V5\sdk/vexv5\libv5rt.a(v5_apijump.c.obj)
                0x03805120                vexEventUserIndexGet
 .text.vexEventAddWithArg
                0x0380513c       0x3c C:\Program Files (x86)\VEX Robotics\VEXcode Pro V5\sdk/vexv5\libv5rt.a(v5_apijump.c.obj)
                0x0380513c                vexEventAddWithArg
 .text.vexEventsCleanup
                0x03805178       0x2c C:\Program Files (x86)\VEX Robotics\VEXcode Pro V5\sdk/vexv5\libv5rt.a(v5_apijump.c.obj)
                0x03805178                vexEventsCleanup
 .text.vexDebug
                0x038051a4       0x38 C:\Program Files (x86)\VEX Robotics\VEXcode Pro V5\sdk/vexv5\libv5rt.a(v5_apijump.c.obj)
                0x038051a4                vexDebug
 .text.vex_sprintf
                0x038051dc       0x40 C:\Program Files (x86)\VEX Robotics\VEXcode Pro V5\sdk/vexv5\libv5rt.a(v5_apijump.c.obj)
                0x038051dc                vex_sprintf
 .text.vex_vsnprintf
                0x0380521c       0x3c C:\Program Files (x86)\VEX Robotics\VEXcode Pro V5\sdk/vexv5\libv5rt.a(v5_apijump.c.obj)
                0x0380521c                vex_vsnprintf
 .text.vexSystemTimeGet
                0x03805258       0x1c C:\Program Files (x86)\VEX Robotics\VEXcode Pro V5\sdk/vexv5\libv5rt.a(v5_apijump.c.obj)
                0x03805258                vexSystemTimeGet
 .text.vexSystemExitRequest
                0x03805274       0x1c C:\Program Files (x86)\VEX Robotics\VEXcode Pro V5\sdk/vexv5\libv5rt.a(v5_apijump.c.obj)
                0x03805274                vexSystemExitRequest
 .text.vexDeviceGetByIndex
                0x03805290       0x24 C:\Program Files (x86)\VEX Robotics\VEXcode Pro V5\sdk/vexv5\libv5rt.a(v5_apijump.c.obj)
                0x03805290                vexDeviceGetByIndex
 .text.vexControllerGet
                0x038052b4       0x2c C:\Program Files (x86)\VEX Robotics\VEXcode Pro V5\sdk/vexv5\libv5rt.a(v5_apijump.c.obj)
                0x038052b4                vexControllerGet
 .text.vexControllerTextSet
                0x038052e0       0x74 C:\Program Files (x86)\VEX Robotics\VEXcode Pro V5\sdk/vexv5\libv5rt.a(v5_apijump.c.obj)
                0x038052e0                vexControllerTextSet
 .text.vexDeviceAdiPortConfigSet
                0x03805354       0x34 C:\Program Files (x86)\VEX Robotics\VEXcode Pro V5\sdk/vexv5\libv5rt.a(v5_apijump.c.obj)
                0x03805354                vexDeviceAdiPortConfigSet
 .text.vexDeviceAdiPortConfigGet
                0x03805388       0x2c C:\Program Files (x86)\VEX Robotics\VEXcode Pro V5\sdk/vexv5\libv5rt.a(v5_apijump.c.obj)
                0x03805388                vexDeviceAdiPortConfigGet
 .text.vexDeviceAdiValueSet
                0x038053b4       0x34 C:\Program Files (x86)\VEX Robotics\VEXcode Pro V5\sdk/vexv5\libv5rt.a(v5_apijump.c.obj)
                0x038053b4                vexDeviceAdiValueSet
 .text.vexDeviceAdiValueGet
                0x038053e8       0x2c C:\Program Files (x86)\VEX Robotics\VEXcode Pro V5\sdk/vexv5\libv5rt.a(v5_apijump.c.obj)
                0x038053e8                vexDeviceAdiValueGet
 .text.vexDeviceMotorVelocitySet
                0x03805414       0x2c C:\Program Files (x86)\VEX Robotics\VEXcode Pro V5\sdk/vexv5\libv5rt.a(v5_apijump.c.obj)
                0x03805414                vexDeviceMotorVelocitySet
 .text.vexDeviceMotorVoltageSet
                0x03805440       0x2c C:\Program Files (x86)\VEX Robotics\VEXcode Pro V5\sdk/vexv5\libv5rt.a(v5_apijump.c.obj)
                0x03805440                vexDeviceMotorVoltageSet
 .text.vexDeviceMotorVelocityGet
                0x0380546c       0x24 C:\Program Files (x86)\VEX Robotics\VEXcode Pro V5\sdk/vexv5\libv5rt.a(v5_apijump.c.obj)
                0x0380546c                vexDeviceMotorVelocityGet
 .text.vexDeviceMotorActualVelocityGet
                0x03805490       0x24 C:\Program Files (x86)\VEX Robotics\VEXcode Pro V5\sdk/vexv5\libv5rt.a(v5_apijump.c.obj)
                0x03805490                vexDeviceMotorActualVelocityGet
 .text.vexDeviceMotorModeGet
                0x038054b4       0x24 C:\Program Files (x86)\VEX Robotics\VEXcode Pro V5\sdk/vexv5\libv5rt.a(v5_apijump.c.obj)
                0x038054b4                vexDeviceMotorModeGet
 .text.vexDeviceMotorTemperatureGet
                0x038054d8       0x24 C:\Program Files (x86)\VEX Robotics\VEXcode Pro V5\sdk/vexv5\libv5rt.a(v5_apijump.c.obj)
                0x038054d8                vexDeviceMotorTemperatureGet
 .text.vexDeviceMotorZeroPositionFlagGet
                0x038054fc       0x24 C:\Program Files (x86)\VEX Robotics\VEXcode Pro V5\sdk/vexv5\libv5rt.a(v5_apijump.c.obj)
                0x038054fc                vexDeviceMotorZeroPositionFlagGet
 .text.vexDeviceMotorReverseFlagSet
                0x03805520       0x2c C:\Program Files (x86)\VEX Robotics\VEXcode Pro V5\sdk/vexv5\libv5rt.a(v5_apijump.c.obj)
                0x03805520                vexDeviceMotorReverseFlagSet
 .text.vexDeviceMotorEncoderUnitsSet
                0x0380554c       0x2c C:\Program Files (x86)\VEX Robotics\VEXcode Pro V5\sdk/vexv5\libv5rt.a(v5_apijump.c.obj)
                0x0380554c                vexDeviceMotorEncoderUnitsSet
 .text.vexDeviceMotorBrakeModeSet
                0x03805578       0x2c C:\Program Files (x86)\VEX Robotics\VEXcode Pro V5\sdk/vexv5\libv5rt.a(v5_apijump.c.obj)
                0x03805578                vexDeviceMotorBrakeModeSet
 .text.vexDeviceMotorPositionSet
                0x038055a4       0x34 C:\Program Files (x86)\VEX Robotics\VEXcode Pro V5\sdk/vexv5\libv5rt.a(v5_apijump.c.obj)
                0x038055a4                vexDeviceMotorPositionSet
 .text.vexDeviceMotorRelativeTargetSet
                0x038055d8       0x3c C:\Program Files (x86)\VEX Robotics\VEXcode Pro V5\sdk/vexv5\libv5rt.a(v5_apijump.c.obj)
                0x038055d8                vexDeviceMotorRelativeTargetSet
 .text.vexDeviceMotorGearingSet
                0x03805614       0x2c C:\Program Files (x86)\VEX Robotics\VEXcode Pro V5\sdk/vexv5\libv5rt.a(v5_apijump.c.obj)
                0x03805614                vexDeviceMotorGearingSet
 .text.vexDeviceMotorGearingGet
                0x03805640       0x24 C:\Program Files (x86)\VEX Robotics\VEXcode Pro V5\sdk/vexv5\libv5rt.a(v5_apijump.c.obj)
                0x03805640                vexDeviceMotorGearingGet
 .text.vexDeviceImuReset
                0x03805664       0x24 C:\Program Files (x86)\VEX Robotics\VEXcode Pro V5\sdk/vexv5\libv5rt.a(v5_apijump.c.obj)
                0x03805664                vexDeviceImuReset
 .text.vexDeviceImuHeadingGet
                0x03805688       0x24 C:\Program Files (x86)\VEX Robotics\VEXcode Pro V5\sdk/vexv5\libv5rt.a(v5_apijump.c.obj)
                0x03805688                vexDeviceImuHeadingGet
 .text.vexDeviceImuDegreesGet
                0x038056ac       0x24 C:\Program Files (x86)\VEX Robotics\VEXcode Pro V5\sdk/vexv5\libv5rt.a(v5_apijump.c.obj)
                0x038056ac                vexDeviceImuDegreesGet
 .text.vexDeviceImuStatusGet
                0x038056d0       0x24 C:\Program Files (x86)\VEX Robotics\VEXcode Pro V5\sdk/vexv5\libv5rt.a(v5_apijump.c.obj)
                0x038056d0                vexDeviceImuStatusGet
 .text.vexDeviceOpticalHueGet
                0x038056f4       0x24 C:\Program Files (x86)\VEX Robotics\VEXcode Pro V5\sdk/vexv5\libv5rt.a(v5_apijump.c.obj)
                0x038056f4                vexDeviceOpticalHueGet
 .text.vexDeviceOpticalProximityGet
                0x03805718       0x24 C:\Program Files (x86)\VEX Robotics\VEXcode Pro V5\sdk/vexv5\libv5rt.a(v5_apijump.c.obj)
                0x03805718                vexDeviceOpticalProximityGet
 .text.vexDeviceOpticalLedPwmSet
                0x0380573c       0x2c C:\Program Files (x86)\VEX Robotics\VEXcode Pro V5\sdk/vexv5\libv5rt.a(v5_apijump.c.obj)
                0x0380573c                vexDeviceOpticalLedPwmSet
 .text.vexDeviceOpticalGestureEnable
                0x03805768       0x24 C:\Program Files (x86)\VEX Robotics\VEXcode Pro V5\sdk/vexv5\libv5rt.a(v5_apijump.c.obj)
                0x03805768                vexDeviceOpticalGestureEnable
 .text.vexDeviceOpticalGestureDisable
                0x0380578c       0x24 C:\Program Files (x86)\VEX Robotics\VEXcode Pro V5\sdk/vexv5\libv5rt.a(v5_apijump.c.obj)
                0x0380578c                vexDeviceOpticalGestureDisable
 .text.vexDeviceOpticalProximityThreshold
                0x038057b0       0x2c C:\Program Files (x86)\VEX Robotics\VEXcode Pro V5\sdk/vexv5\libv5rt.a(v5_apijump.c.obj)
                0x038057b0                vexDeviceOpticalProximityThreshold
 .text.vexDeviceDistanceDistanceGet
                0x038057dc       0x24 C:\Program Files (x86)\VEX Robotics\VEXcode Pro V5\sdk/vexv5\libv5rt.a(v5_apijump.c.obj)
                0x038057dc                vexDeviceDistanceDistanceGet
 .text.vexDisplayForegroundColor
                0x03805800       0x24 C:\Program Files (x86)\VEX Robotics\VEXcode Pro V5\sdk/vexv5\libv5rt.a(v5_apijump.c.obj)
                0x03805800                vexDisplayForegroundColor
 .text.vexDisplayBackgroundColor
                0x03805824       0x24 C:\Program Files (x86)\VEX Robotics\VEXcode Pro V5\sdk/vexv5\libv5rt.a(v5_apijump.c.obj)
                0x03805824                vexDisplayBackgroundColor
 .text.vexDisplayBackgroundColorGet
                0x03805848       0x1c C:\Program Files (x86)\VEX Robotics\VEXcode Pro V5\sdk/vexv5\libv5rt.a(v5_apijump.c.obj)
                0x03805848                vexDisplayBackgroundColorGet
 .text.vexDisplayPixelSet
                0x03805864       0x38 C:\Program Files (x86)\VEX Robotics\VEXcode Pro V5\sdk/vexv5\libv5rt.a(v5_apijump.c.obj)
                0x03805864                vexDisplayPixelSet
 .text.vexDisplayLineDraw
                0x0380589c       0x4c C:\Program Files (x86)\VEX Robotics\VEXcode Pro V5\sdk/vexv5\libv5rt.a(v5_apijump.c.obj)
                0x0380589c                vexDisplayLineDraw
 .text.vexDisplayRectDraw
                0x038058e8       0x4c C:\Program Files (x86)\VEX Robotics\VEXcode Pro V5\sdk/vexv5\libv5rt.a(v5_apijump.c.obj)
                0x038058e8                vexDisplayRectDraw
 .text.vexDisplayRectClear
                0x03805934       0x4c C:\Program Files (x86)\VEX Robotics\VEXcode Pro V5\sdk/vexv5\libv5rt.a(v5_apijump.c.obj)
                0x03805934                vexDisplayRectClear
 .text.vexDisplayCircleDraw
                0x03805980       0x40 C:\Program Files (x86)\VEX Robotics\VEXcode Pro V5\sdk/vexv5\libv5rt.a(v5_apijump.c.obj)
                0x03805980                vexDisplayCircleDraw
 .text.vexDisplayCircleClear
                0x038059c0       0x40 C:\Program Files (x86)\VEX Robotics\VEXcode Pro V5\sdk/vexv5\libv5rt.a(v5_apijump.c.obj)
                0x038059c0                vexDisplayCircleClear
 .text.vexDisplayVPrintf
                0x03805a00       0x50 C:\Program Files (x86)\VEX Robotics\VEXcode Pro V5\sdk/vexv5\libv5rt.a(v5_apijump.c.obj)
                0x03805a00                vexDisplayVPrintf
 .text.vexDisplayTextReference
                0x03805a50       0x24 C:\Program Files (x86)\VEX Robotics\VEXcode Pro V5\sdk/vexv5\libv5rt.a(v5_apijump.c.obj)
                0x03805a50                vexDisplayTextReference
 .text.vexDisplayTextSize
                0x03805a74       0x2c C:\Program Files (x86)\VEX Robotics\VEXcode Pro V5\sdk/vexv5\libv5rt.a(v5_apijump.c.obj)
                0x03805a74                vexDisplayTextSize
 .text.vexDisplayFontNamedSet
                0x03805aa0       0x24 C:\Program Files (x86)\VEX Robotics\VEXcode Pro V5\sdk/vexv5\libv5rt.a(v5_apijump.c.obj)
                0x03805aa0                vexDisplayFontNamedSet
 .text.vexDisplayStringWidthGet
                0x03805ac4       0x24 C:\Program Files (x86)\VEX Robotics\VEXcode Pro V5\sdk/vexv5\libv5rt.a(v5_apijump.c.obj)
                0x03805ac4                vexDisplayStringWidthGet
 .text.vexDisplayPenSizeGet
                0x03805ae8       0x1c C:\Program Files (x86)\VEX Robotics\VEXcode Pro V5\sdk/vexv5\libv5rt.a(v5_apijump.c.obj)
                0x03805ae8                vexDisplayPenSizeGet
 .text.vexSystemStdlibImpureDataAddr
                0x03805b04       0x28 C:\Program Files (x86)\VEX Robotics\VEXcode Pro V5\sdk/vexv5\libv5rt.a(v5_apijump.c.obj)
                0x03805b04                vexSystemStdlibImpureDataAddr
 .text.vexSystemStdlibImpureDataSize
                0x03805b2c       0x28 C:\Program Files (x86)\VEX Robotics\VEXcode Pro V5\sdk/vexv5\libv5rt.a(v5_apijump.c.obj)
                0x03805b2c                vexSystemStdlibImpureDataSize
 .text.vexSystemSaveUserData
                0x03805b54       0x3c C:\Program Files (x86)\VEX Robotics\VEXcode Pro V5\sdk/vexv5\libv5rt.a(v5_apijump.c.obj)
                0x03805b54                vexSystemSaveUserData
 .text.vexTouchDataGet
                0x03805b90       0x10 C:\Program Files (x86)\VEX Robotics\VEXcode Pro V5\sdk/vexv5\libv5rt.a(v5_apijump.c.obj)
                0x03805b90                vexTouchDataGet
 .text.vexDisplayThemeIdGet
                0x03805ba0       0x38 C:\Program Files (x86)\VEX Robotics\VEXcode Pro V5\sdk/vexv5\libv5rt.a(v5_apijump.c.obj)
                0x03805ba0                vexDisplayThemeIdGet
 .text.vexDeviceEventMaskSet
                0x03805bd8       0x48 C:\Program Files (x86)\VEX Robotics\VEXcode Pro V5\sdk/vexv5\libv5rt.a(v5_apijump.c.obj)
                0x03805bd8                vexDeviceEventMaskSet
 .text.vexDeviceEventMaskGet
                0x03805c20       0x3c C:\Program Files (x86)\VEX Robotics\VEXcode Pro V5\sdk/vexv5\libv5rt.a(v5_apijump.c.obj)
                0x03805c20                vexDeviceEventMaskGet
 .text.vexSystemVersion
                0x03805c5c       0x10 C:\Program Files (x86)\VEX Robotics\VEXcode Pro V5\sdk/vexv5\libv5rt.a(v5_apiversions.c.obj)
                0x03805c5c                vexSystemVersion
 .text.vexStdlibVersion
                0x03805c6c       0x10 C:\Program Files (x86)\VEX Robotics\VEXcode Pro V5\sdk/vexv5\libv5rt.a(v5_apiversions.c.obj)
                0x03805c6c                vexStdlibVersion
 *fill*         0x03805c7c        0x4 
 .text._ZN3vex4waitEdNS_9timeUnitsE
                0x03805c80       0x30 C:\Program Files (x86)\VEX Robotics\VEXcode Pro V5\sdk/vexv5\libv5rt.a(vex_global.cpp.obj)
                0x03805c80                vex::wait(double, vex::timeUnits)
 .text._ZN3vex5motorD2Ev
                0x03805cb0       0x20 C:\Program Files (x86)\VEX Robotics\VEXcode Pro V5\sdk/vexv5\libv5rt.a(vex_motor.cpp.obj)
                0x03805cb0                vex::motor::~motor()
                0x03805cb0                vex::motor::~motor()
 .text._ZN3vex5motorD0Ev
                0x03805cd0       0x1c C:\Program Files (x86)\VEX Robotics\VEXcode Pro V5\sdk/vexv5\libv5rt.a(vex_motor.cpp.obj)
                0x03805cd0                vex::motor::~motor()
 .text._ZN3vex5motor9installedEv
                0x03805cec       0x18 C:\Program Files (x86)\VEX Robotics\VEXcode Pro V5\sdk/vexv5\libv5rt.a(vex_motor.cpp.obj)
                0x03805cec                vex::motor::installed()
 .text._ZN3vex5motor15defaultStoppingENS_9brakeTypeE
                0x03805d04       0x30 C:\Program Files (x86)\VEX Robotics\VEXcode Pro V5\sdk/vexv5\libv5rt.a(vex_motor.cpp.obj)
                0x03805d04                vex::motor::defaultStopping(vex::brakeType)
 .text._ZN3vex5motorC2El
                0x03805d34       0x78 C:\Program Files (x86)\VEX Robotics\VEXcode Pro V5\sdk/vexv5\libv5rt.a(vex_motor.cpp.obj)
                0x03805d34                vex::motor::motor(long)
                0x03805d34                vex::motor::motor(long)
 .text._ZN3vex5motorC2ElNS_11gearSettingEb
                0x03805dac       0x34 C:\Program Files (x86)\VEX Robotics\VEXcode Pro V5\sdk/vexv5\libv5rt.a(vex_motor.cpp.obj)
                0x03805dac                vex::motor::motor(long, vex::gearSetting, bool)
                0x03805dac                vex::motor::motor(long, vex::gearSetting, bool)
 .text._ZN3vex5motor4spinENS_13directionTypeEdNS_12voltageUnitsE
                0x03805de0       0x50 C:\Program Files (x86)\VEX Robotics\VEXcode Pro V5\sdk/vexv5\libv5rt.a(vex_motor.cpp.obj)
                0x03805de0                vex::motor::spin(vex::directionType, double, vex::voltageUnits)
 .text._ZN3vex5motor14isSpinningModeEv
                0x03805e30       0x48 C:\Program Files (x86)\VEX Robotics\VEXcode Pro V5\sdk/vexv5\libv5rt.a(vex_motor.cpp.obj)
                0x03805e30                vex::motor::isSpinningMode()
 .text._ZN3vex5motor4stopENS_9brakeTypeE
                0x03805e78       0x30 C:\Program Files (x86)\VEX Robotics\VEXcode Pro V5\sdk/vexv5\libv5rt.a(vex_motor.cpp.obj)
                0x03805e78                vex::motor::stop(vex::brakeType)
 .text._ZN3vex5motor4stopEv
                0x03805ea8        0x8 C:\Program Files (x86)\VEX Robotics\VEXcode Pro V5\sdk/vexv5\libv5rt.a(vex_motor.cpp.obj)
                0x03805ea8                vex::motor::stop()
 .text._ZN3vex5motor11temperatureENS_16temperatureUnitsE
                0x03805eb0       0x40 C:\Program Files (x86)\VEX Robotics\VEXcode Pro V5\sdk/vexv5\libv5rt.a(vex_motor.cpp.obj)
                0x03805eb0                vex::motor::temperature(vex::temperatureUnits)
 .text._ZN3vex5motor16velocityToScaledEdNS_13velocityUnitsE
                0x03805ef0       0x5c C:\Program Files (x86)\VEX Robotics\VEXcode Pro V5\sdk/vexv5\libv5rt.a(vex_motor.cpp.obj)
                0x03805ef0                vex::motor::velocityToScaled(double, vex::velocityUnits)
 .text._ZN3vex5motor8velocityENS_13velocityUnitsE
                0x03805f4c       0x30 C:\Program Files (x86)\VEX Robotics\VEXcode Pro V5\sdk/vexv5\libv5rt.a(vex_motor.cpp.obj)
                0x03805f4c                vex::motor::velocity(vex::velocityUnits)
 .text._ZN3vex5motor5valueEv
                0x03805f7c       0x1c C:\Program Files (x86)\VEX Robotics\VEXcode Pro V5\sdk/vexv5\libv5rt.a(vex_motor.cpp.obj)
                0x03805f7c                vex::motor::value()
 .text._ZN3vex5motor16scaledToVelocityEdNS_13velocityUnitsE
                0x03805f98       0xa4 C:\Program Files (x86)\VEX Robotics\VEXcode Pro V5\sdk/vexv5\libv5rt.a(vex_motor.cpp.obj)
                0x03805f98                vex::motor::scaledToVelocity(double, vex::velocityUnits)
 .text._ZN3vex5motor4spinENS_13directionTypeEdNS_13velocityUnitsE
                0x0380603c       0x5c C:\Program Files (x86)\VEX Robotics\VEXcode Pro V5\sdk/vexv5\libv5rt.a(vex_motor.cpp.obj)
                0x0380603c                vex::motor::spin(vex::directionType, double, vex::velocityUnits)
 .text._ZN3vex5motor16setRotationUnitsENS_13rotationUnitsE
                0x03806098       0x1c C:\Program Files (x86)\VEX Robotics\VEXcode Pro V5\sdk/vexv5\libv5rt.a(vex_motor.cpp.obj)
                0x03806098                vex::motor::setRotationUnits(vex::rotationUnits)
 .text._ZN3vex5motor9rotateForEdNS_13rotationUnitsEdNS_13velocityUnitsEb
                0x038060b4       0xf4 C:\Program Files (x86)\VEX Robotics\VEXcode Pro V5\sdk/vexv5\libv5rt.a(vex_motor.cpp.obj)
                0x038060b4                vex::motor::rotateFor(double, vex::rotationUnits, double, vex::velocityUnits, bool)
 .text._ZN3vex5motor9rotateForENS_13directionTypeEdNS_13rotationUnitsEdNS_13velocityUnitsEb
                0x038061a8       0x34 C:\Program Files (x86)\VEX Robotics\VEXcode Pro V5\sdk/vexv5\libv5rt.a(vex_motor.cpp.obj)
                0x038061a8                vex::motor::rotateFor(vex::directionType, double, vex::rotationUnits, double, vex::velocityUnits, bool)
 .text._ZN3vex5motor14startRotateForENS_13directionTypeEdNS_13rotationUnitsEdNS_13velocityUnitsE
                0x038061dc       0x34 C:\Program Files (x86)\VEX Robotics\VEXcode Pro V5\sdk/vexv5\libv5rt.a(vex_motor.cpp.obj)
                0x038061dc                vex::motor::startRotateFor(vex::directionType, double, vex::rotationUnits, double, vex::velocityUnits)
 .text._ZN3vex8inertial11getTurnTypeEv
                0x03806210        0x8 C:\Program Files (x86)\VEX Robotics\VEXcode Pro V5\sdk/vexv5\libv5rt.a(vex_imu.cpp.obj)
                0x03806210                vex::inertial::getTurnType()
 .text._ZThn16_N3vex8inertial11getTurnTypeEv
                0x03806218        0x8 C:\Program Files (x86)\VEX Robotics\VEXcode Pro V5\sdk/vexv5\libv5rt.a(vex_imu.cpp.obj)
                0x03806218                non-virtual thunk to vex::inertial::getTurnType()
 .text._ZN3vex8inertial10setHeadingEdNS_13rotationUnitsE
                0x03806220       0x58 C:\Program Files (x86)\VEX Robotics\VEXcode Pro V5\sdk/vexv5\libv5rt.a(vex_imu.cpp.obj)
                0x03806220                vex::inertial::setHeading(double, vex::rotationUnits)
 .text._ZThn16_N3vex8inertial10setHeadingEdNS_13rotationUnitsE
                0x03806278        0x8 C:\Program Files (x86)\VEX Robotics\VEXcode Pro V5\sdk/vexv5\libv5rt.a(vex_imu.cpp.obj)
                0x03806278                non-virtual thunk to vex::inertial::setHeading(double, vex::rotationUnits)
 .text._ZN3vex8inertial11setRotationEdNS_13rotationUnitsE
                0x03806280       0x58 C:\Program Files (x86)\VEX Robotics\VEXcode Pro V5\sdk/vexv5\libv5rt.a(vex_imu.cpp.obj)
                0x03806280                vex::inertial::setRotation(double, vex::rotationUnits)
 .text._ZThn16_N3vex8inertial11setRotationEdNS_13rotationUnitsE
                0x038062d8        0x8 C:\Program Files (x86)\VEX Robotics\VEXcode Pro V5\sdk/vexv5\libv5rt.a(vex_imu.cpp.obj)
                0x038062d8                non-virtual thunk to vex::inertial::setRotation(double, vex::rotationUnits)
 .text._ZN3vex8inertialD2Ev
                0x038062e0       0x20 C:\Program Files (x86)\VEX Robotics\VEXcode Pro V5\sdk/vexv5\libv5rt.a(vex_imu.cpp.obj)
                0x038062e0                vex::inertial::~inertial()
                0x038062e0                vex::inertial::~inertial()
 .text._ZThn16_N3vex8inertialD1Ev
                0x03806300        0x8 C:\Program Files (x86)\VEX Robotics\VEXcode Pro V5\sdk/vexv5\libv5rt.a(vex_imu.cpp.obj)
                0x03806300                non-virtual thunk to vex::inertial::~inertial()
 .text._ZN3vex8inertialD0Ev
                0x03806308       0x1c C:\Program Files (x86)\VEX Robotics\VEXcode Pro V5\sdk/vexv5\libv5rt.a(vex_imu.cpp.obj)
                0x03806308                vex::inertial::~inertial()
 .text._ZThn16_N3vex8inertialD0Ev
                0x03806324        0x8 C:\Program Files (x86)\VEX Robotics\VEXcode Pro V5\sdk/vexv5\libv5rt.a(vex_imu.cpp.obj)
                0x03806324                non-virtual thunk to vex::inertial::~inertial()
 .text._ZN3vex8inertial9installedEv
                0x0380632c       0x18 C:\Program Files (x86)\VEX Robotics\VEXcode Pro V5\sdk/vexv5\libv5rt.a(vex_imu.cpp.obj)
                0x0380632c                vex::inertial::installed()
 .text._ZN3vex8inertial5angleENS_13rotationUnitsE
                0x03806344       0x6c C:\Program Files (x86)\VEX Robotics\VEXcode Pro V5\sdk/vexv5\libv5rt.a(vex_imu.cpp.obj)
                0x03806344                vex::inertial::angle(vex::rotationUnits)
 .text._ZThn16_N3vex8inertial5angleENS_13rotationUnitsE
                0x038063b0        0x8 C:\Program Files (x86)\VEX Robotics\VEXcode Pro V5\sdk/vexv5\libv5rt.a(vex_imu.cpp.obj)
                0x038063b0                non-virtual thunk to vex::inertial::angle(vex::rotationUnits)
 .text._ZN3vex8inertial7headingENS_13rotationUnitsE
                0x038063b8        0x4 C:\Program Files (x86)\VEX Robotics\VEXcode Pro V5\sdk/vexv5\libv5rt.a(vex_imu.cpp.obj)
                0x038063b8                vex::inertial::heading(vex::rotationUnits)
 .text._ZThn16_N3vex8inertial7headingENS_13rotationUnitsE
                0x038063bc        0x8 C:\Program Files (x86)\VEX Robotics\VEXcode Pro V5\sdk/vexv5\libv5rt.a(vex_imu.cpp.obj)
                0x038063bc                non-virtual thunk to vex::inertial::heading(vex::rotationUnits)
 .text._ZN3vex8inertial5valueEv
                0x038063c4       0x1c C:\Program Files (x86)\VEX Robotics\VEXcode Pro V5\sdk/vexv5\libv5rt.a(vex_imu.cpp.obj)
                0x038063c4                vex::inertial::value()
 .text._ZN3vex8inertial8rotationENS_13rotationUnitsE
                0x038063e0       0x48 C:\Program Files (x86)\VEX Robotics\VEXcode Pro V5\sdk/vexv5\libv5rt.a(vex_imu.cpp.obj)
                0x038063e0                vex::inertial::rotation(vex::rotationUnits)
 .text._ZThn16_N3vex8inertial8rotationENS_13rotationUnitsE
                0x03806428        0x8 C:\Program Files (x86)\VEX Robotics\VEXcode Pro V5\sdk/vexv5\libv5rt.a(vex_imu.cpp.obj)
                0x03806428                non-virtual thunk to vex::inertial::rotation(vex::rotationUnits)
 .text._ZN3vex8inertial13isCalibratingEv
                0x03806430       0x38 C:\Program Files (x86)\VEX Robotics\VEXcode Pro V5\sdk/vexv5\libv5rt.a(vex_imu.cpp.obj)
                0x03806430                vex::inertial::isCalibrating()
 .text._ZThn16_N3vex8inertial13isCalibratingEv
                0x03806468        0x8 C:\Program Files (x86)\VEX Robotics\VEXcode Pro V5\sdk/vexv5\libv5rt.a(vex_imu.cpp.obj)
                0x03806468                non-virtual thunk to vex::inertial::isCalibrating()
 .text._ZN3vex8inertialC2ElNS_8turnTypeE
                0x03806470       0x4c C:\Program Files (x86)\VEX Robotics\VEXcode Pro V5\sdk/vexv5\libv5rt.a(vex_imu.cpp.obj)
                0x03806470                vex::inertial::inertial(long, vex::turnType)
                0x03806470                vex::inertial::inertial(long, vex::turnType)
 .text._ZN3vex8inertial16startCalibrationEl
                0x038064bc       0x20 C:\Program Files (x86)\VEX Robotics\VEXcode Pro V5\sdk/vexv5\libv5rt.a(vex_imu.cpp.obj)
                0x038064bc                vex::inertial::startCalibration(long)
 .text._ZN3vex8inertial9calibrateEl
                0x038064dc        0xc C:\Program Files (x86)\VEX Robotics\VEXcode Pro V5\sdk/vexv5\libv5rt.a(vex_imu.cpp.obj)
                0x038064dc                vex::inertial::calibrate(long)
                0x038064e0                non-virtual thunk to vex::inertial::calibrate(long)
 .text._ZN3vex7opticalD2Ev
                0x038064e8       0x20 C:\Program Files (x86)\VEX Robotics\VEXcode Pro V5\sdk/vexv5\libv5rt.a(vex_optical.cpp.obj)
                0x038064e8                vex::optical::~optical()
                0x038064e8                vex::optical::~optical()
 .text._ZN3vex7opticalD0Ev
                0x03806508       0x1c C:\Program Files (x86)\VEX Robotics\VEXcode Pro V5\sdk/vexv5\libv5rt.a(vex_optical.cpp.obj)
                0x03806508                vex::optical::~optical()
 .text._ZN3vex7optical9installedEv
                0x03806524       0x18 C:\Program Files (x86)\VEX Robotics\VEXcode Pro V5\sdk/vexv5\libv5rt.a(vex_optical.cpp.obj)
                0x03806524                vex::optical::installed()
 .text._ZN3vex7optical3hueEv
                0x0380653c        0x8 C:\Program Files (x86)\VEX Robotics\VEXcode Pro V5\sdk/vexv5\libv5rt.a(vex_optical.cpp.obj)
                0x0380653c                vex::optical::hue()
 .text._ZN3vex7optical5valueEv
                0x03806544       0x18 C:\Program Files (x86)\VEX Robotics\VEXcode Pro V5\sdk/vexv5\libv5rt.a(vex_optical.cpp.obj)
                0x03806544                vex::optical::value()
 .text._ZN3vex7optical12isNearObjectEv
                0x0380655c       0x24 C:\Program Files (x86)\VEX Robotics\VEXcode Pro V5\sdk/vexv5\libv5rt.a(vex_optical.cpp.obj)
                0x0380655c                vex::optical::isNearObject()
 .text._ZN3vex7optical13setLightPowerElNS_12percentUnitsE
                0x03806580       0x2c C:\Program Files (x86)\VEX Robotics\VEXcode Pro V5\sdk/vexv5\libv5rt.a(vex_optical.cpp.obj)
                0x03806580                vex::optical::setLightPower(long, vex::percentUnits)
 .text._ZN3vex7optical13gestureEnableEv
                0x038065ac        0x8 C:\Program Files (x86)\VEX Robotics\VEXcode Pro V5\sdk/vexv5\libv5rt.a(vex_optical.cpp.obj)
                0x038065ac                vex::optical::gestureEnable()
 .text._ZN3vex7optical14gestureDisableEv
                0x038065b4        0x8 C:\Program Files (x86)\VEX Robotics\VEXcode Pro V5\sdk/vexv5\libv5rt.a(vex_optical.cpp.obj)
                0x038065b4                vex::optical::gestureDisable()
 .text._ZN3vex7opticalC2Elb
                0x038065bc       0x54 C:\Program Files (x86)\VEX Robotics\VEXcode Pro V5\sdk/vexv5\libv5rt.a(vex_optical.cpp.obj)
                0x038065bc                vex::optical::optical(long, bool)
                0x038065bc                vex::optical::optical(long, bool)
 .text._ZN3vex8distanceD2Ev
                0x03806610       0x20 C:\Program Files (x86)\VEX Robotics\VEXcode Pro V5\sdk/vexv5\libv5rt.a(vex_distance.cpp.obj)
                0x03806610                vex::distance::~distance()
                0x03806610                vex::distance::~distance()
 .text._ZN3vex8distanceD0Ev
                0x03806630       0x1c C:\Program Files (x86)\VEX Robotics\VEXcode Pro V5\sdk/vexv5\libv5rt.a(vex_distance.cpp.obj)
                0x03806630                vex::distance::~distance()
 .text._ZN3vex8distance9installedEv
                0x0380664c       0x18 C:\Program Files (x86)\VEX Robotics\VEXcode Pro V5\sdk/vexv5\libv5rt.a(vex_distance.cpp.obj)
                0x0380664c                vex::distance::installed()
 .text._ZN3vex8distance5valueEv
                0x03806664        0x8 C:\Program Files (x86)\VEX Robotics\VEXcode Pro V5\sdk/vexv5\libv5rt.a(vex_distance.cpp.obj)
                0x03806664                vex::distance::value()
 .text._ZN3vex8distanceC2El
                0x0380666c       0x20 C:\Program Files (x86)\VEX Robotics\VEXcode Pro V5\sdk/vexv5\libv5rt.a(vex_distance.cpp.obj)
                0x0380666c                vex::distance::distance(long)
                0x0380666c                vex::distance::distance(long)
 .text._ZN3vex10controllerD2Ev
                0x0380668c        0x4 C:\Program Files (x86)\VEX Robotics\VEXcode Pro V5\sdk/vexv5\libv5rt.a(vex_controller.cpp.obj)
                0x0380668c                vex::controller::~controller()
                0x0380668c                vex::controller::~controller()
 .text._ZN3vex10controller5valueE19_V5_ControllerIndex
                0x03806690        0x8 C:\Program Files (x86)\VEX Robotics\VEXcode Pro V5\sdk/vexv5\libv5rt.a(vex_controller.cpp.obj)
                0x03806690                vex::controller::value(_V5_ControllerIndex)
 .text._ZNK3vex10controller6button8pressingEv
                0x03806698       0xc8 C:\Program Files (x86)\VEX Robotics\VEXcode Pro V5\sdk/vexv5\libv5rt.a(vex_controller.cpp.obj)
                0x03806698                vex::controller::button::pressing() const
 .text._ZNK3vex10controller6button21_buttonToPressedEventEv
                0x03806760       0x20 C:\Program Files (x86)\VEX Robotics\VEXcode Pro V5\sdk/vexv5\libv5rt.a(vex_controller.cpp.obj)
                0x03806760                vex::controller::button::_buttonToPressedEvent() const
 .text._ZNK3vex10controller6button22_buttonToReleasedEventEv
                0x03806780       0x20 C:\Program Files (x86)\VEX Robotics\VEXcode Pro V5\sdk/vexv5\libv5rt.a(vex_controller.cpp.obj)
                0x03806780                vex::controller::button::_buttonToReleasedEvent() const
 .text._ZN3vex10controller6buttonC2ENS0_11tButtonTypeEPS0_
                0x038067a0       0x48 C:\Program Files (x86)\VEX Robotics\VEXcode Pro V5\sdk/vexv5\libv5rt.a(vex_controller.cpp.obj)
                0x038067a0                vex::controller::button::button(vex::controller::tButtonType, vex::controller*)
                0x038067a0                vex::controller::button::button(vex::controller::tButtonType, vex::controller*)
 .text._ZNK3vex10controller4axis5valueEv
                0x038067e8       0x58 C:\Program Files (x86)\VEX Robotics\VEXcode Pro V5\sdk/vexv5\libv5rt.a(vex_controller.cpp.obj)
                0x038067e8                vex::controller::axis::value() const
 .text._ZNK3vex10controller4axis8positionENS_12percentUnitsE
                0x03806840       0x1c C:\Program Files (x86)\VEX Robotics\VEXcode Pro V5\sdk/vexv5\libv5rt.a(vex_controller.cpp.obj)
                0x03806840                vex::controller::axis::position(vex::percentUnits) const
 .text._ZNK3vex10controller4axis23_joystickToChangedEventEv
                0x0380685c       0x20 C:\Program Files (x86)\VEX Robotics\VEXcode Pro V5\sdk/vexv5\libv5rt.a(vex_controller.cpp.obj)
                0x0380685c                vex::controller::axis::_joystickToChangedEvent() const
 .text._ZN3vex10controller4axisC2ENS0_9tAxisTypeEPS0_
                0x0380687c       0x2c C:\Program Files (x86)\VEX Robotics\VEXcode Pro V5\sdk/vexv5\libv5rt.a(vex_controller.cpp.obj)
                0x0380687c                vex::controller::axis::axis(vex::controller::tAxisType, vex::controller*)
                0x0380687c                vex::controller::axis::axis(vex::controller::tAxisType, vex::controller*)
 .text._ZN3vex10controllerC2ENS_14controllerTypeE
                0x038068a8      0x16c C:\Program Files (x86)\VEX Robotics\VEXcode Pro V5\sdk/vexv5\libv5rt.a(vex_controller.cpp.obj)
                0x038068a8                vex::controller::controller(vex::controllerType)
                0x038068a8                vex::controller::controller(vex::controllerType)
 .text._ZN3vex10controller3lcd15getControllerIdEv
                0x03806a14       0x10 C:\Program Files (x86)\VEX Robotics\VEXcode Pro V5\sdk/vexv5\libv5rt.a(vex_controller.cpp.obj)
                0x03806a14                vex::controller::lcd::getControllerId()
 .text._ZN3vex10controller3lcd5printEPKcz
                0x03806a24       0x80 C:\Program Files (x86)\VEX Robotics\VEXcode Pro V5\sdk/vexv5\libv5rt.a(vex_controller.cpp.obj)
                0x03806a24                vex::controller::lcd::print(char const*, ...)
 .text._ZN3vex4taskC2Ev
                0x03806aa4       0x28 C:\Program Files (x86)\VEX Robotics\VEXcode Pro V5\sdk/vexv5\libv5rt.a(vex_task.cpp.obj)
                0x03806aa4                vex::task::task()
                0x03806aa4                vex::task::task()
 .text._ZN3vex4taskC2EPFivE
                0x03806acc       0x5c C:\Program Files (x86)\VEX Robotics\VEXcode Pro V5\sdk/vexv5\libv5rt.a(vex_task.cpp.obj)
                0x03806acc                vex::task::task(int (*)())
                0x03806acc                vex::task::task(int (*)())
 .text._ZN3vex4taskD2Ev
                0x03806b28        0x4 C:\Program Files (x86)\VEX Robotics\VEXcode Pro V5\sdk/vexv5\libv5rt.a(vex_task.cpp.obj)
                0x03806b28                vex::task::~task()
                0x03806b28                vex::task::~task()
 .text._ZN3vex4task4stopERKS0_
                0x03806b2c       0x18 C:\Program Files (x86)\VEX Robotics\VEXcode Pro V5\sdk/vexv5\libv5rt.a(vex_task.cpp.obj)
                0x03806b2c                vex::task::stop(vex::task const&)
 .text._ZN3vex4task4stopEPvi
                0x03806b44       0x1c C:\Program Files (x86)\VEX Robotics\VEXcode Pro V5\sdk/vexv5\libv5rt.a(vex_task.cpp.obj)
                0x03806b44                vex::task::stop(void*, int)
 .text._ZN3vex4task6_indexEPFivE
                0x03806b60       0x14 C:\Program Files (x86)\VEX Robotics\VEXcode Pro V5\sdk/vexv5\libv5rt.a(vex_task.cpp.obj)
                0x03806b60                vex::task::_index(int (*)())
 .text._ZN3vex4task8_stopAllEv
                0x03806b74       0x3c C:\Program Files (x86)\VEX Robotics\VEXcode Pro V5\sdk/vexv5\libv5rt.a(vex_task.cpp.obj)
                0x03806b74                vex::task::_stopAll()
 .text._ZN3vex11this_thread9sleep_forEm
                0x03806bb0        0x4 C:\Program Files (x86)\VEX Robotics\VEXcode Pro V5\sdk/vexv5\libv5rt.a(vex_thread.cpp.obj)
                0x03806bb0                vex::this_thread::sleep_for(unsigned long)
 .text._ZN3vex5event4initEmmPFvvE
                0x03806bb4        0x4 C:\Program Files (x86)\VEX Robotics\VEXcode Pro V5\sdk/vexv5\libv5rt.a(vex_event.cpp.obj)
                0x03806bb4                vex::event::init(unsigned long, unsigned long, void (*)())
 .text._ZN3vex5event4initEmmPFvPvES1_
                0x03806bb8        0x4 C:\Program Files (x86)\VEX Robotics\VEXcode Pro V5\sdk/vexv5\libv5rt.a(vex_event.cpp.obj)
                0x03806bb8                vex::event::init(unsigned long, unsigned long, void (*)(void*), void*)
 .text._ZN3vex5event9userindexEv
                0x03806bbc        0x4 C:\Program Files (x86)\VEX Robotics\VEXcode Pro V5\sdk/vexv5\libv5rt.a(vex_event.cpp.obj)
                0x03806bbc                vex::event::userindex()
 .text._ZZN3vex6meventC4EmmENUlvE_4_FUNEv
                0x03806bc0        0x4 C:\Program Files (x86)\VEX Robotics\VEXcode Pro V5\sdk/vexv5\libv5rt.a(vex_mevent.cpp.obj)
 .text._ZN3vex6meventC2Emm
                0x03806bc4       0x70 C:\Program Files (x86)\VEX Robotics\VEXcode Pro V5\sdk/vexv5\libv5rt.a(vex_mevent.cpp.obj)
                0x03806bc4                vex::mevent::mevent(unsigned long, unsigned long)
                0x03806bc4                vex::mevent::mevent(unsigned long, unsigned long)
 .text._ZN3vex5brain9_getIndexEv
                0x03806c34       0x10 C:\Program Files (x86)\VEX Robotics\VEXcode Pro V5\sdk/vexv5\libv5rt.a(vex_brain.cpp.obj)
                0x03806c34                vex::brain::_getIndex()
 .text._ZN3vex5brain3lcd9setCursorEll
                0x03806c44       0x44 C:\Program Files (x86)\VEX Robotics\VEXcode Pro V5\sdk/vexv5\libv5rt.a(vex_brain.cpp.obj)
                0x03806c44                vex::brain::lcd::setCursor(long, long)
 .text._ZN3vex5brain3lcd7setFontENS_8fontTypeE
                0x03806c88      0x23c C:\Program Files (x86)\VEX Robotics\VEXcode Pro V5\sdk/vexv5\libv5rt.a(vex_brain.cpp.obj)
                0x03806c88                vex::brain::lcd::setFont(vex::fontType)
 .text._ZN3vex5brain3lcdC2Ev
                0x03806ec4       0x94 C:\Program Files (x86)\VEX Robotics\VEXcode Pro V5\sdk/vexv5\libv5rt.a(vex_brain.cpp.obj)
                0x03806ec4                vex::brain::lcd::lcd()
                0x03806ec4                vex::brain::lcd::lcd()
 .text._ZN3vex5brainC2Ev
                0x03806f58       0x3c C:\Program Files (x86)\VEX Robotics\VEXcode Pro V5\sdk/vexv5\libv5rt.a(vex_brain.cpp.obj)
                0x03806f58                vex::brain::brain()
                0x03806f58                vex::brain::brain()
 .text._ZN3vex5brain3lcd11setPenColorERKNS_5colorE
                0x03806f94       0x14 C:\Program Files (x86)\VEX Robotics\VEXcode Pro V5\sdk/vexv5\libv5rt.a(vex_brain.cpp.obj)
                0x03806f94                vex::brain::lcd::setPenColor(vex::color const&)
 .text._ZN3vex5brain3lcd7printAtEllPKcz
                0x03806fa8       0x54 C:\Program Files (x86)\VEX Robotics\VEXcode Pro V5\sdk/vexv5\libv5rt.a(vex_brain.cpp.obj)
                0x03806fa8                vex::brain::lcd::printAt(long, long, char const*, ...)
 .text._ZN3vex5brain3lcd12_clearScreenEm
                0x03806ffc       0x38 C:\Program Files (x86)\VEX Robotics\VEXcode Pro V5\sdk/vexv5\libv5rt.a(vex_brain.cpp.obj)
                0x03806ffc                vex::brain::lcd::_clearScreen(unsigned long)
 .text._ZN3vex5brain3lcd11clearScreenERKNS_5colorE
                0x03807034       0x20 C:\Program Files (x86)\VEX Robotics\VEXcode Pro V5\sdk/vexv5\libv5rt.a(vex_brain.cpp.obj)
                0x03807034                vex::brain::lcd::clearScreen(vex::color const&)
 .text._ZN3vex5brain3lcd11clearScreenEv
                0x03807054       0x2c C:\Program Files (x86)\VEX Robotics\VEXcode Pro V5\sdk/vexv5\libv5rt.a(vex_brain.cpp.obj)
                0x03807054                vex::brain::lcd::clearScreen()
 .text._ZN3vex5brain3lcd9drawPixelEii
                0x03807080       0x14 C:\Program Files (x86)\VEX Robotics\VEXcode Pro V5\sdk/vexv5\libv5rt.a(vex_brain.cpp.obj)
                0x03807080                vex::brain::lcd::drawPixel(int, int)
 .text._ZN3vex5brain3lcd8drawLineEiiii
                0x03807094      0x2c4 C:\Program Files (x86)\VEX Robotics\VEXcode Pro V5\sdk/vexv5\libv5rt.a(vex_brain.cpp.obj)
                0x03807094                vex::brain::lcd::drawLine(int, int, int, int)
 .text._ZN3vex5brain3lcd13drawRectangleEiiii
                0x03807358       0xdc C:\Program Files (x86)\VEX Robotics\VEXcode Pro V5\sdk/vexv5\libv5rt.a(vex_brain.cpp.obj)
                0x03807358                vex::brain::lcd::drawRectangle(int, int, int, int)
 .text._ZN3vex5brain3lcd14_drawRectangleEiiiim
                0x03807434       0x74 C:\Program Files (x86)\VEX Robotics\VEXcode Pro V5\sdk/vexv5\libv5rt.a(vex_brain.cpp.obj)
                0x03807434                vex::brain::lcd::_drawRectangle(int, int, int, int, unsigned long)
 .text._ZN3vex5brain3lcd13drawRectangleEiiiiRKNS_5colorE
                0x038074a8       0x68 C:\Program Files (x86)\VEX Robotics\VEXcode Pro V5\sdk/vexv5\libv5rt.a(vex_brain.cpp.obj)
                0x038074a8                vex::brain::lcd::drawRectangle(int, int, int, int, vex::color const&)
 .text._ZN3vex5brain3lcd10drawCircleEiii
                0x03807510       0xa4 C:\Program Files (x86)\VEX Robotics\VEXcode Pro V5\sdk/vexv5\libv5rt.a(vex_brain.cpp.obj)
                0x03807510                vex::brain::lcd::drawCircle(int, int, int)
 .text._ZN3vex5brain3lcd11_drawCircleEiiim
                0x038075b4       0x60 C:\Program Files (x86)\VEX Robotics\VEXcode Pro V5\sdk/vexv5\libv5rt.a(vex_brain.cpp.obj)
                0x038075b4                vex::brain::lcd::_drawCircle(int, int, int, unsigned long)
 .text._ZN3vex5brain3lcd10drawCircleEiiiRKNS_5colorE
                0x03807614       0x60 C:\Program Files (x86)\VEX Robotics\VEXcode Pro V5\sdk/vexv5\libv5rt.a(vex_brain.cpp.obj)
                0x03807614                vex::brain::lcd::drawCircle(int, int, int, vex::color const&)
 .text._ZN3vex5brain3lcd9xPositionEv
                0x03807674       0x24 C:\Program Files (x86)\VEX Robotics\VEXcode Pro V5\sdk/vexv5\libv5rt.a(vex_brain.cpp.obj)
                0x03807674                vex::brain::lcd::xPosition()
 .text._ZN3vex5brain3lcd9yPositionEv
                0x03807698       0x24 C:\Program Files (x86)\VEX Robotics\VEXcode Pro V5\sdk/vexv5\libv5rt.a(vex_brain.cpp.obj)
                0x03807698                vex::brain::lcd::yPosition()
 .text._ZN3vex5brain3lcd10rowToPixelEl
                0x038076bc       0x34 C:\Program Files (x86)\VEX Robotics\VEXcode Pro V5\sdk/vexv5\libv5rt.a(vex_brain.cpp.obj)
                0x038076bc                vex::brain::lcd::rowToPixel(long)
 .text._ZN3vex5brain3lcd5printEPKcz
                0x038076f0       0xb8 C:\Program Files (x86)\VEX Robotics\VEXcode Pro V5\sdk/vexv5\libv5rt.a(vex_brain.cpp.obj)
                0x038076f0                vex::brain::lcd::print(char const*, ...)
 .text._ZN3vex5brainD2Ev
                0x038077a8       0x20 C:\Program Files (x86)\VEX Robotics\VEXcode Pro V5\sdk/vexv5\libv5rt.a(vex_brain.cpp.obj)
                0x038077a8                vex::brain::~brain()
                0x038077a8                vex::brain::~brain()
 .text._ZN3vex11competition8_disableEPv
                0x038077c8       0xa4 C:\Program Files (x86)\VEX Robotics\VEXcode Pro V5\sdk/vexv5\libv5rt.a(vex_competition.cpp.obj)
                0x038077c8                vex::competition::_disable(void*)
 .text._ZN3vex11competition11_autonomousEv
                0x0380786c       0x80 C:\Program Files (x86)\VEX Robotics\VEXcode Pro V5\sdk/vexv5\libv5rt.a(vex_competition.cpp.obj)
                0x0380786c                vex::competition::_autonomous()
 .text._ZN3vex11competition14_drivercontrolEv
                0x038078ec       0x80 C:\Program Files (x86)\VEX Robotics\VEXcode Pro V5\sdk/vexv5\libv5rt.a(vex_competition.cpp.obj)
                0x038078ec                vex::competition::_drivercontrol()
 .text._ZN3vex11competitionC2Ev
                0x0380796c      0x13c C:\Program Files (x86)\VEX Robotics\VEXcode Pro V5\sdk/vexv5\libv5rt.a(vex_competition.cpp.obj)
                0x0380796c                vex::competition::competition()
                0x0380796c                vex::competition::competition()
 .text._ZN3vex11competitionD2Ev
                0x03807aa8        0x4 C:\Program Files (x86)\VEX Robotics\VEXcode Pro V5\sdk/vexv5\libv5rt.a(vex_competition.cpp.obj)
                0x03807aa8                vex::competition::~competition()
                0x03807aa8                vex::competition::~competition()
 .text._ZN3vex11competition10autonomousEPFvvE
                0x03807aac       0x44 C:\Program Files (x86)\VEX Robotics\VEXcode Pro V5\sdk/vexv5\libv5rt.a(vex_competition.cpp.obj)
                0x03807aac                vex::competition::autonomous(void (*)())
 .text._ZN3vex11competition13drivercontrolEPFvvE
                0x03807af0       0x44 C:\Program Files (x86)\VEX Robotics\VEXcode Pro V5\sdk/vexv5\libv5rt.a(vex_competition.cpp.obj)
                0x03807af0                vex::competition::drivercontrol(void (*)())
 .text._ZN3vex7triportD2Ev
                0x03807b34       0x38 C:\Program Files (x86)\VEX Robotics\VEXcode Pro V5\sdk/vexv5\libv5rt.a(vex_triport.cpp.obj)
                0x03807b34                vex::triport::~triport()
                0x03807b34                vex::triport::~triport()
 .text._ZN3vex7triportD0Ev
                0x03807b6c       0x1c C:\Program Files (x86)\VEX Robotics\VEXcode Pro V5\sdk/vexv5\libv5rt.a(vex_triport.cpp.obj)
                0x03807b6c                vex::triport::~triport()
 .text._ZN3vex7triport9installedEv
                0x03807b88       0x18 C:\Program Files (x86)\VEX Robotics\VEXcode Pro V5\sdk/vexv5\libv5rt.a(vex_triport.cpp.obj)
                0x03807b88                vex::triport::installed()
 .text._ZN3vex7triport4portC2ElPS0_
                0x03807ba0       0x74 C:\Program Files (x86)\VEX Robotics\VEXcode Pro V5\sdk/vexv5\libv5rt.a(vex_triport.cpp.obj)
                0x03807ba0                vex::triport::port::port(long, vex::triport*)
                0x03807ba0                vex::triport::port::port(long, vex::triport*)
 .text._ZN3vex7triportC2El
                0x03807c14       0xf0 C:\Program Files (x86)\VEX Robotics\VEXcode Pro V5\sdk/vexv5\libv5rt.a(vex_triport.cpp.obj)
                0x03807c14                vex::triport::triport(long)
                0x03807c14                vex::triport::triport(long)
 .text._ZN3vex7triport4port4typeENS_11triportTypeE
                0x03807d04       0x30 C:\Program Files (x86)\VEX Robotics\VEXcode Pro V5\sdk/vexv5\libv5rt.a(vex_triport.cpp.obj)
                0x03807d04                vex::triport::port::type(vex::triportType)
 .text._ZN3vex7triport4port4typeEv
                0x03807d34       0x38 C:\Program Files (x86)\VEX Robotics\VEXcode Pro V5\sdk/vexv5\libv5rt.a(vex_triport.cpp.obj)
                0x03807d34                vex::triport::port::type()
 .text._ZN3vex7triport4port5valueEv
                0x03807d6c       0x14 C:\Program Files (x86)\VEX Robotics\VEXcode Pro V5\sdk/vexv5\libv5rt.a(vex_triport.cpp.obj)
                0x03807d6c                vex::triport::port::value()
 .text._ZN3vex7triport4port5valueEl
                0x03807d80       0x18 C:\Program Files (x86)\VEX Robotics\VEXcode Pro V5\sdk/vexv5\libv5rt.a(vex_triport.cpp.obj)
                0x03807d80                vex::triport::port::value(long)
 .text._ZN3vex7triport4port11setRotationEdNS_13rotationUnitsE
                0x03807d98       0x50 C:\Program Files (x86)\VEX Robotics\VEXcode Pro V5\sdk/vexv5\libv5rt.a(vex_triport.cpp.obj)
                0x03807d98                vex::triport::port::setRotation(double, vex::rotationUnits)
 .text._ZN3vex7triport4port13resetRotationEv
                0x03807de8       0x20 C:\Program Files (x86)\VEX Robotics\VEXcode Pro V5\sdk/vexv5\libv5rt.a(vex_triport.cpp.obj)
                0x03807de8                vex::triport::port::resetRotation()
 .text._ZN3vex7triport4port8rotationENS_13rotationUnitsE
                0x03807e08       0x40 C:\Program Files (x86)\VEX Robotics\VEXcode Pro V5\sdk/vexv5\libv5rt.a(vex_triport.cpp.obj)
                0x03807e08                vex::triport::port::rotation(vex::rotationUnits)
 .text._ZN3vex7triport4port14_convertAnalogENS_11analogUnitsE
                0x03807e48       0x58 C:\Program Files (x86)\VEX Robotics\VEXcode Pro V5\sdk/vexv5\libv5rt.a(vex_triport.cpp.obj)
                0x03807e48                vex::triport::port::_convertAnalog(vex::analogUnits)
 .text._ZN3vex11__trideviceC2ERNS_7triport4portENS_11triportTypeE
                0x03807ea0       0x5c C:\Program Files (x86)\VEX Robotics\VEXcode Pro V5\sdk/vexv5\libv5rt.a(vex_triport.cpp.obj)
                0x03807ea0                vex::__tridevice::__tridevice(vex::triport::port&, vex::triportType)
                0x03807ea0                vex::__tridevice::__tridevice(vex::triport::port&, vex::triportType)
 .text._ZN3vex11__tridevice14_convertAnalogENS_11analogUnitsE
                0x03807efc        0x8 C:\Program Files (x86)\VEX Robotics\VEXcode Pro V5\sdk/vexv5\libv5rt.a(vex_triport.cpp.obj)
                0x03807efc                vex::__tridevice::_convertAnalog(vex::analogUnits)
 .text._ZN3vex11digital_outC2ERNS_7triport4portE
                0x03807f04       0x18 C:\Program Files (x86)\VEX Robotics\VEXcode Pro V5\sdk/vexv5\libv5rt.a(vex_triport.cpp.obj)
                0x03807f04                vex::digital_out::digital_out(vex::triport::port&)
                0x03807f04                vex::digital_out::digital_out(vex::triport::port&)
 .text._ZN3vex11digital_outD2Ev
                0x03807f1c        0x4 C:\Program Files (x86)\VEX Robotics\VEXcode Pro V5\sdk/vexv5\libv5rt.a(vex_triport.cpp.obj)
                0x03807f1c                vex::digital_out::~digital_out()
                0x03807f1c                vex::digital_out::~digital_out()
 .text._ZN3vex11digital_out3setEb
                0x03807f20        0x8 C:\Program Files (x86)\VEX Robotics\VEXcode Pro V5\sdk/vexv5\libv5rt.a(vex_triport.cpp.obj)
                0x03807f20                vex::digital_out::set(bool)
 .text._ZN3vex4lineC2ERNS_7triport4portE
                0x03807f28       0x20 C:\Program Files (x86)\VEX Robotics\VEXcode Pro V5\sdk/vexv5\libv5rt.a(vex_triport.cpp.obj)
                0x03807f28                vex::line::line(vex::triport::port&)
                0x03807f28                vex::line::line(vex::triport::port&)
 .text._ZN3vex4lineD2Ev
                0x03807f48        0x4 C:\Program Files (x86)\VEX Robotics\VEXcode Pro V5\sdk/vexv5\libv5rt.a(vex_triport.cpp.obj)
                0x03807f48                vex::line::~line()
                0x03807f48                vex::line::~line()
 .text._ZN3vex4line12reflectivityENS_12percentUnitsE
                0x03807f4c       0x30 C:\Program Files (x86)\VEX Robotics\VEXcode Pro V5\sdk/vexv5\libv5rt.a(vex_triport.cpp.obj)
                0x03807f4c                vex::line::reflectivity(vex::percentUnits)
 .text._ZN3vex7encoderC2ERNS_7triport4portE
                0x03807f7c       0x20 C:\Program Files (x86)\VEX Robotics\VEXcode Pro V5\sdk/vexv5\libv5rt.a(vex_triport.cpp.obj)
                0x03807f7c                vex::encoder::encoder(vex::triport::port&)
                0x03807f7c                vex::encoder::encoder(vex::triport::port&)
 .text._ZN3vex7encoderD2Ev
                0x03807f9c        0x4 C:\Program Files (x86)\VEX Robotics\VEXcode Pro V5\sdk/vexv5\libv5rt.a(vex_triport.cpp.obj)
                0x03807f9c                vex::encoder::~encoder()
                0x03807f9c                vex::encoder::~encoder()
 .text._ZN3vex7encoder13resetRotationEv
                0x03807fa0        0x8 C:\Program Files (x86)\VEX Robotics\VEXcode Pro V5\sdk/vexv5\libv5rt.a(vex_triport.cpp.obj)
                0x03807fa0                vex::encoder::resetRotation()
 .text._ZN3vex7encoder8positionENS_13rotationUnitsE
                0x03807fa8        0x8 C:\Program Files (x86)\VEX Robotics\VEXcode Pro V5\sdk/vexv5\libv5rt.a(vex_triport.cpp.obj)
                0x03807fa8                vex::encoder::position(vex::rotationUnits)
 .text._ZN3vex5colorD2Ev
                0x03807fb0        0x4 C:\Program Files (x86)\VEX Robotics\VEXcode Pro V5\sdk/vexv5\libv5rt.a(vex_color.cpp.obj)
                0x03807fb0                vex::color::~color()
                0x03807fb0                vex::color::~color()
 .text._ZN3vex5colorC2Ehhh
                0x03807fb4       0x1c C:\Program Files (x86)\VEX Robotics\VEXcode Pro V5\sdk/vexv5\libv5rt.a(vex_color.cpp.obj)
                0x03807fb4                vex::color::color(unsigned char, unsigned char, unsigned char)
                0x03807fb4                vex::color::color(unsigned char, unsigned char, unsigned char)
 .text._ZNK3vex5colorcvmEv
                0x03807fd0        0x8 C:\Program Files (x86)\VEX Robotics\VEXcode Pro V5\sdk/vexv5\libv5rt.a(vex_color.cpp.obj)
                0x03807fd0                vex::color::operator unsigned long() const
 .text._ZNK3vex5color13isTransparentEv
                0x03807fd8        0x8 C:\Program Files (x86)\VEX Robotics\VEXcode Pro V5\sdk/vexv5\libv5rt.a(vex_color.cpp.obj)
                0x03807fd8                vex::color::isTransparent() const
 .text.startup._GLOBAL__sub_I__ZN3vex5color5blackE
                0x03807fe0      0x164 C:\Program Files (x86)\VEX Robotics\VEXcode Pro V5\sdk/vexv5\libv5rt.a(vex_color.cpp.obj)
 .text._ZN3vex5timerD2Ev
                0x03808144        0x4 C:\Program Files (x86)\VEX Robotics\VEXcode Pro V5\sdk/vexv5\libv5rt.a(vex_timer.cpp.obj)
                0x03808144                vex::timer::~timer()
                0x03808144                vex::timer::~timer()
 .text._ZN3vex5timer5clearEv
                0x03808148       0x1c C:\Program Files (x86)\VEX Robotics\VEXcode Pro V5\sdk/vexv5\libv5rt.a(vex_timer.cpp.obj)
                0x03808148                vex::timer::clear()
 .text._ZN3vex5timerC2Ev
                0x03808164       0x14 C:\Program Files (x86)\VEX Robotics\VEXcode Pro V5\sdk/vexv5\libv5rt.a(vex_timer.cpp.obj)
                0x03808164                vex::timer::timer()
                0x03808164                vex::timer::timer()
 .text._ZN3vex5timer5resetEv
                0x03808178        0x4 C:\Program Files (x86)\VEX Robotics\VEXcode Pro V5\sdk/vexv5\libv5rt.a(vex_timer.cpp.obj)
                0x03808178                vex::timer::reset()
 .text._ZNK3vex5timer4timeEv
                0x0380817c       0x1c C:\Program Files (x86)\VEX Robotics\VEXcode Pro V5\sdk/vexv5\libv5rt.a(vex_timer.cpp.obj)
                0x0380817c                vex::timer::time() const
 .text._ZNK3vex5timer4timeENS_9timeUnitsE
                0x03808198       0x40 C:\Program Files (x86)\VEX Robotics\VEXcode Pro V5\sdk/vexv5\libv5rt.a(vex_timer.cpp.obj)
                0x03808198                vex::timer::time(vex::timeUnits) const
 .text._ZNK3vex5timer5valueEv
                0x038081d8        0x8 C:\Program Files (x86)\VEX Robotics\VEXcode Pro V5\sdk/vexv5\libv5rt.a(vex_timer.cpp.obj)
                0x038081d8                vex::timer::value() const
 .text._ZN3vex11motor_group18motor_group_motorsC2Ev
                0x038081e0       0x28 C:\Program Files (x86)\VEX Robotics\VEXcode Pro V5\sdk/vexv5\libv5rt.a(vex_motorgroup.cpp.obj)
                0x038081e0                vex::motor_group::motor_group_motors::motor_group_motors()
                0x038081e0                vex::motor_group::motor_group_motors::motor_group_motors()
 .text._ZN3vex11motor_groupC2Ev
                0x03808208       0x1c C:\Program Files (x86)\VEX Robotics\VEXcode Pro V5\sdk/vexv5\libv5rt.a(vex_motorgroup.cpp.obj)
                0x03808208                vex::motor_group::motor_group()
                0x03808208                vex::motor_group::motor_group()
 .text._ZN3vex11motor_groupD2Ev
                0x03808224        0x4 C:\Program Files (x86)\VEX Robotics\VEXcode Pro V5\sdk/vexv5\libv5rt.a(vex_motorgroup.cpp.obj)
                0x03808224                vex::motor_group::~motor_group()
                0x03808224                vex::motor_group::~motor_group()
 .text._ZN3vex11motor_group9_addMotorERNS_5motorE
                0x03808228       0x20 C:\Program Files (x86)\VEX Robotics\VEXcode Pro V5\sdk/vexv5\libv5rt.a(vex_motorgroup.cpp.obj)
                0x03808228                vex::motor_group::_addMotor(vex::motor&)
 .text._ZN3vex11motor_group4spinENS_13directionTypeEdNS_12voltageUnitsE
                0x03808248       0x54 C:\Program Files (x86)\VEX Robotics\VEXcode Pro V5\sdk/vexv5\libv5rt.a(vex_motorgroup.cpp.obj)
                0x03808248                vex::motor_group::spin(vex::directionType, double, vex::voltageUnits)
 .text._ZN3vex11motor_group4stopENS_9brakeTypeE
                0x0380829c       0x38 C:\Program Files (x86)\VEX Robotics\VEXcode Pro V5\sdk/vexv5\libv5rt.a(vex_motorgroup.cpp.obj)
                0x0380829c                vex::motor_group::stop(vex::brakeType)
 .text.vexAdiPortConfigSet
                0x038082d4       0x28 C:\Program Files (x86)\VEX Robotics\VEXcode Pro V5\sdk/vexv5\libv5rt.a(v5_apiuser.c.obj)
                0x038082d4                vexAdiPortConfigSet
 .text.vexAdiPortConfigGet
                0x038082fc       0x28 C:\Program Files (x86)\VEX Robotics\VEXcode Pro V5\sdk/vexv5\libv5rt.a(v5_apiuser.c.obj)
                0x038082fc                vexAdiPortConfigGet
 .text.vexAdiValueSet
                0x03808324       0x28 C:\Program Files (x86)\VEX Robotics\VEXcode Pro V5\sdk/vexv5\libv5rt.a(v5_apiuser.c.obj)
                0x03808324                vexAdiValueSet
 .text.vexAdiValueGet
                0x0380834c       0x20 C:\Program Files (x86)\VEX Robotics\VEXcode Pro V5\sdk/vexv5\libv5rt.a(v5_apiuser.c.obj)
                0x0380834c                vexAdiValueGet
 .text.vexMotorVelocitySet
                0x0380836c       0x20 C:\Program Files (x86)\VEX Robotics\VEXcode Pro V5\sdk/vexv5\libv5rt.a(v5_apiuser.c.obj)
                0x0380836c                vexMotorVelocitySet
 .text.vexMotorVoltageSet
                0x0380838c       0x20 C:\Program Files (x86)\VEX Robotics\VEXcode Pro V5\sdk/vexv5\libv5rt.a(v5_apiuser.c.obj)
                0x0380838c                vexMotorVoltageSet
 .text.vexMotorVelocityGet
                0x038083ac       0x18 C:\Program Files (x86)\VEX Robotics\VEXcode Pro V5\sdk/vexv5\libv5rt.a(v5_apiuser.c.obj)
                0x038083ac                vexMotorVelocityGet
 .text.vexMotorActualVelocityGet
                0x038083c4       0x24 C:\Program Files (x86)\VEX Robotics\VEXcode Pro V5\sdk/vexv5\libv5rt.a(v5_apiuser.c.obj)
                0x038083c4                vexMotorActualVelocityGet
 .text.vexMotorModeGet
                0x038083e8       0x18 C:\Program Files (x86)\VEX Robotics\VEXcode Pro V5\sdk/vexv5\libv5rt.a(v5_apiuser.c.obj)
                0x038083e8                vexMotorModeGet
 .text.vexMotorTemperatureGet
                0x03808400       0x24 C:\Program Files (x86)\VEX Robotics\VEXcode Pro V5\sdk/vexv5\libv5rt.a(v5_apiuser.c.obj)
                0x03808400                vexMotorTemperatureGet
 .text.vexMotorZeroPositionFlagGet
                0x03808424       0x18 C:\Program Files (x86)\VEX Robotics\VEXcode Pro V5\sdk/vexv5\libv5rt.a(v5_apiuser.c.obj)
                0x03808424                vexMotorZeroPositionFlagGet
 .text.vexMotorReverseFlagSet
                0x0380843c       0x20 C:\Program Files (x86)\VEX Robotics\VEXcode Pro V5\sdk/vexv5\libv5rt.a(v5_apiuser.c.obj)
                0x0380843c                vexMotorReverseFlagSet
 .text.vexMotorEncoderUnitsSet
                0x0380845c       0x20 C:\Program Files (x86)\VEX Robotics\VEXcode Pro V5\sdk/vexv5\libv5rt.a(v5_apiuser.c.obj)
                0x0380845c                vexMotorEncoderUnitsSet
 .text.vexMotorBrakeModeSet
                0x0380847c       0x20 C:\Program Files (x86)\VEX Robotics\VEXcode Pro V5\sdk/vexv5\libv5rt.a(v5_apiuser.c.obj)
                0x0380847c                vexMotorBrakeModeSet
 .text.vexMotorPositionSet
                0x0380849c       0x28 C:\Program Files (x86)\VEX Robotics\VEXcode Pro V5\sdk/vexv5\libv5rt.a(v5_apiuser.c.obj)
                0x0380849c                vexMotorPositionSet
 .text.vexMotorRelativeTargetSet
                0x038084c4       0x30 C:\Program Files (x86)\VEX Robotics\VEXcode Pro V5\sdk/vexv5\libv5rt.a(v5_apiuser.c.obj)
                0x038084c4                vexMotorRelativeTargetSet
 .text.vexMotorGearingSet
                0x038084f4       0x20 C:\Program Files (x86)\VEX Robotics\VEXcode Pro V5\sdk/vexv5\libv5rt.a(v5_apiuser.c.obj)
                0x038084f4                vexMotorGearingSet
 .text.vexMotorGearingGet
                0x03808514       0x18 C:\Program Files (x86)\VEX Robotics\VEXcode Pro V5\sdk/vexv5\libv5rt.a(v5_apiuser.c.obj)
                0x03808514                vexMotorGearingGet
 .text.vexImuReset
                0x0380852c       0x10 C:\Program Files (x86)\VEX Robotics\VEXcode Pro V5\sdk/vexv5\libv5rt.a(v5_apiuser.c.obj)
                0x0380852c                vexImuReset
 .text.vexImuHeadingGet
                0x0380853c       0x10 C:\Program Files (x86)\VEX Robotics\VEXcode Pro V5\sdk/vexv5\libv5rt.a(v5_apiuser.c.obj)
                0x0380853c                vexImuHeadingGet
 .text.vexImuDegreesGet
                0x0380854c       0x10 C:\Program Files (x86)\VEX Robotics\VEXcode Pro V5\sdk/vexv5\libv5rt.a(v5_apiuser.c.obj)
                0x0380854c                vexImuDegreesGet
 .text.vexImuStatusGet
                0x0380855c       0x10 C:\Program Files (x86)\VEX Robotics\VEXcode Pro V5\sdk/vexv5\libv5rt.a(v5_apiuser.c.obj)
                0x0380855c                vexImuStatusGet
 .text.vexOpticalHueGet
                0x0380856c       0x10 C:\Program Files (x86)\VEX Robotics\VEXcode Pro V5\sdk/vexv5\libv5rt.a(v5_apiuser.c.obj)
                0x0380856c                vexOpticalHueGet
 .text.vexOpticalProximityGet
                0x0380857c       0x10 C:\Program Files (x86)\VEX Robotics\VEXcode Pro V5\sdk/vexv5\libv5rt.a(v5_apiuser.c.obj)
                0x0380857c                vexOpticalProximityGet
 .text.vexOpticalLedPwmSet
                0x0380858c       0x18 C:\Program Files (x86)\VEX Robotics\VEXcode Pro V5\sdk/vexv5\libv5rt.a(v5_apiuser.c.obj)
                0x0380858c                vexOpticalLedPwmSet
 .text.vexOpticalGestureEnable
                0x038085a4       0x10 C:\Program Files (x86)\VEX Robotics\VEXcode Pro V5\sdk/vexv5\libv5rt.a(v5_apiuser.c.obj)
                0x038085a4                vexOpticalGestureEnable
 .text.vexOpticalGestureDisable
                0x038085b4       0x10 C:\Program Files (x86)\VEX Robotics\VEXcode Pro V5\sdk/vexv5\libv5rt.a(v5_apiuser.c.obj)
                0x038085b4                vexOpticalGestureDisable
 .text.vexOpticalProximityThreshold
                0x038085c4       0x18 C:\Program Files (x86)\VEX Robotics\VEXcode Pro V5\sdk/vexv5\libv5rt.a(v5_apiuser.c.obj)
                0x038085c4                vexOpticalProximityThreshold
 .text.vexDistanceDistanceGet
                0x038085dc       0x10 C:\Program Files (x86)\VEX Robotics\VEXcode Pro V5\sdk/vexv5\libv5rt.a(v5_apiuser.c.obj)
                0x038085dc                vexDistanceDistanceGet
 .text.vexEventMaskSet
                0x038085ec       0x28 C:\Program Files (x86)\VEX Robotics\VEXcode Pro V5\sdk/vexv5\libv5rt.a(v5_apiuser.c.obj)
                0x038085ec                vexEventMaskSet
 .text.vexEventMaskGet
                0x03808614       0x18 C:\Program Files (x86)\VEX Robotics\VEXcode Pro V5\sdk/vexv5\libv5rt.a(v5_apiuser.c.obj)
                0x03808614                vexEventMaskGet
 .text._ZN3vex6deviceD2Ev
                0x0380862c        0x4 C:\Program Files (x86)\VEX Robotics\VEXcode Pro V5\sdk/vexv5\libv5rt.a(vex_device.cpp.obj)
                0x0380862c                vex::device::~device()
                0x0380862c                vex::device::~device()
 .text._ZN3vex6device5valueEv
                0x03808630        0x8 C:\Program Files (x86)\VEX Robotics\VEXcode Pro V5\sdk/vexv5\libv5rt.a(vex_device.cpp.obj)
                0x03808630                vex::device::value()
 .text._ZN3vex6deviceD0Ev
                0x03808638       0x14 C:\Program Files (x86)\VEX Robotics\VEXcode Pro V5\sdk/vexv5\libv5rt.a(vex_device.cpp.obj)
                0x03808638                vex::device::~device()
 .text._ZN3vex6device4initEl
                0x0380864c       0x30 C:\Program Files (x86)\VEX Robotics\VEXcode Pro V5\sdk/vexv5\libv5rt.a(vex_device.cpp.obj)
                0x0380864c                vex::device::init(long)
 .text._ZN3vex6deviceC2El
                0x0380867c       0x20 C:\Program Files (x86)\VEX Robotics\VEXcode Pro V5\sdk/vexv5\libv5rt.a(vex_device.cpp.obj)
                0x0380867c                vex::device::device(long)
                0x0380867c                vex::device::device(long)
 .text._ZN3vex6device4typeEv
                0x0380869c       0x10 C:\Program Files (x86)\VEX Robotics\VEXcode Pro V5\sdk/vexv5\libv5rt.a(vex_device.cpp.obj)
                0x0380869c                vex::device::type()
 .text._ZN3vex6device9installedEv
                0x038086ac       0x14 C:\Program Files (x86)\VEX Robotics\VEXcode Pro V5\sdk/vexv5\libv5rt.a(vex_device.cpp.obj)
                0x038086ac                vex::device::installed()
 .text.__aeabi_memclr
                0x038086c0        0x8 C:\Program Files (x86)\VEX Robotics\VEXcode Pro V5\sdk/vexv5/gcc/libs\libc.a(lib_a-aeabi_memclr.o)
                0x038086c0                __aeabi_memclr4
                0x038086c0                __aeabi_memclr
                0x038086c0                __aeabi_memclr8
 .text.__aeabi_memcpy
                0x038086c8        0x4 C:\Program Files (x86)\VEX Robotics\VEXcode Pro V5\sdk/vexv5/gcc/libs\libc.a(lib_a-aeabi_memcpy.o)
                0x038086c8                __aeabi_memcpy
                0x038086c8                __aeabi_memcpy8
                0x038086c8                __aeabi_memcpy4
 .text.__libc_fini_array
                0x038086cc       0x30 C:\Program Files (x86)\VEX Robotics\VEXcode Pro V5\sdk/vexv5/gcc/libs\libc.a(lib_a-fini.o)
                0x038086cc                __libc_fini_array
 .text.__libc_init_array
                0x038086fc       0x58 C:\Program Files (x86)\VEX Robotics\VEXcode Pro V5\sdk/vexv5/gcc/libs\libc.a(lib_a-init.o)
                0x038086fc                __libc_init_array
 .text.memcpy   0x03808754       0xa8 C:\Program Files (x86)\VEX Robotics\VEXcode Pro V5\sdk/vexv5/gcc/libs\libc.a(lib_a-memcpy.o)
                0x03808754                memcpy
 *fill*         0x038087fc        0x4 
 .text.memcpy.__stub
                0x03808800       0x18 linker stubs
 *(.gnu.linkonce.t.*)
 *(.plt)
 *(.gnu_warning)
 *(.gcc_except_table)
 *(.glue_7)
 .glue_7        0x00000000        0x0 linker stubs
 *(.glue_7t)
 .glue_7t       0x00000000        0x0 linker stubs
 *(.vfp11_veneer)
 .vfp11_veneer  0x00000000        0x0 linker stubs
 *(.ARM.extab)
 *(.gnu.linkonce.armextab.*)

.v4_bx          0x03808818        0x0
 .v4_bx         0x00000000        0x0 linker stubs

.iplt           0x03808818        0x0
 .iplt          0x00000000        0x0 build/src/main.o

.init
 *(.init)

.fini
 *(.fini)

.rodata         0x03808818      0x524
                0x03808818                __rodata_start = .
 *(.rodata)
 *(.rodata.*)
 .rodata.str1.1
                0x03808818      0x30c build/src/main.o
 .rodata.str1.1
                0x03808b24       0x2e C:\Program Files (x86)\VEX Robotics\VEXcode Pro V5\sdk/vexv5\libv5rt.a(v5_startup.c.obj)
 *fill*         0x03808b52        0x2 
 .rodata._ZN3vex6PORT20E
                0x03808b54        0x4 C:\Program Files (x86)\VEX Robotics\VEXcode Pro V5\sdk/vexv5\libv5rt.a(vex_global.cpp.obj)
                0x03808b54                vex::PORT20
 .rodata._ZN3vex3fwdE
                0x03808b58        0x4 C:\Program Files (x86)\VEX Robotics\VEXcode Pro V5\sdk/vexv5\libv5rt.a(vex_global.cpp.obj)
                0x03808b58                vex::fwd
 .rodata._ZN3vex5PORT1E
                0x03808b5c        0x4 C:\Program Files (x86)\VEX Robotics\VEXcode Pro V5\sdk/vexv5\libv5rt.a(vex_global.cpp.obj)
                0x03808b5c                vex::PORT1
 .rodata._ZN3vex7reverseE
                0x03808b60        0x4 C:\Program Files (x86)\VEX Robotics\VEXcode Pro V5\sdk/vexv5\libv5rt.a(vex_global.cpp.obj)
                0x03808b60                vex::reverse
 .rodata._ZN3vex4voltE
                0x03808b64        0x4 C:\Program Files (x86)\VEX Robotics\VEXcode Pro V5\sdk/vexv5\libv5rt.a(vex_global.cpp.obj)
                0x03808b64                vex::volt
 .rodata._ZN3vex6PORT10E
                0x03808b68        0x4 C:\Program Files (x86)\VEX Robotics\VEXcode Pro V5\sdk/vexv5\libv5rt.a(vex_global.cpp.obj)
                0x03808b68                vex::PORT10
 .rodata._ZN3vex7forwardE
                0x03808b6c        0x4 C:\Program Files (x86)\VEX Robotics\VEXcode Pro V5\sdk/vexv5\libv5rt.a(vex_global.cpp.obj)
                0x03808b6c                vex::forward
 .rodata._ZN3vex6PORT14E
                0x03808b70        0x4 C:\Program Files (x86)\VEX Robotics\VEXcode Pro V5\sdk/vexv5\libv5rt.a(vex_global.cpp.obj)
                0x03808b70                vex::PORT14
 .rodata._ZN3vex5whiteE
                0x03808b74        0x4 C:\Program Files (x86)\VEX Robotics\VEXcode Pro V5\sdk/vexv5\libv5rt.a(vex_global.cpp.obj)
                0x03808b74                vex::white
 .rodata._ZN3vex3pctE
                0x03808b78        0x4 C:\Program Files (x86)\VEX Robotics\VEXcode Pro V5\sdk/vexv5\libv5rt.a(vex_global.cpp.obj)
                0x03808b78                vex::pct
 .rodata._ZN3vex3secE
                0x03808b7c        0x4 C:\Program Files (x86)\VEX Robotics\VEXcode Pro V5\sdk/vexv5\libv5rt.a(vex_global.cpp.obj)
                0x03808b7c                vex::sec
 .rodata._ZN3vex3redE
                0x03808b80        0x4 C:\Program Files (x86)\VEX Robotics\VEXcode Pro V5\sdk/vexv5\libv5rt.a(vex_global.cpp.obj)
                0x03808b80                vex::red
 .rodata._ZN3vex4msecE
                0x03808b84        0x4 C:\Program Files (x86)\VEX Robotics\VEXcode Pro V5\sdk/vexv5\libv5rt.a(vex_global.cpp.obj)
                0x03808b84                vex::msec
 .rodata._ZN3vex6PORT18E
                0x03808b88        0x4 C:\Program Files (x86)\VEX Robotics\VEXcode Pro V5\sdk/vexv5\libv5rt.a(vex_global.cpp.obj)
                0x03808b88                vex::PORT18
 .rodata._ZN3vex4blueE
                0x03808b8c        0x4 C:\Program Files (x86)\VEX Robotics\VEXcode Pro V5\sdk/vexv5\libv5rt.a(vex_global.cpp.obj)
                0x03808b8c                vex::blue
 .rodata._ZN3vex6mono20E
                0x03808b90        0x4 C:\Program Files (x86)\VEX Robotics\VEXcode Pro V5\sdk/vexv5\libv5rt.a(vex_global.cpp.obj)
                0x03808b90                vex::mono20
 .rodata._ZN3vex5PORT2E
                0x03808b94        0x4 C:\Program Files (x86)\VEX Robotics\VEXcode Pro V5\sdk/vexv5\libv5rt.a(vex_global.cpp.obj)
                0x03808b94                vex::PORT2
 .rodata._ZN3vex3rpmE
                0x03808b98        0x4 C:\Program Files (x86)\VEX Robotics\VEXcode Pro V5\sdk/vexv5\libv5rt.a(vex_global.cpp.obj)
                0x03808b98                vex::rpm
 .rodata._ZN3vex6PORT11E
                0x03808b9c        0x4 C:\Program Files (x86)\VEX Robotics\VEXcode Pro V5\sdk/vexv5\libv5rt.a(vex_global.cpp.obj)
                0x03808b9c                vex::PORT11
 .rodata._ZN3vex7primaryE
                0x03808ba0        0x4 C:\Program Files (x86)\VEX Robotics\VEXcode Pro V5\sdk/vexv5\libv5rt.a(vex_global.cpp.obj)
                0x03808ba0                vex::primary
 .rodata._ZN3vex3degE
                0x03808ba4        0x4 C:\Program Files (x86)\VEX Robotics\VEXcode Pro V5\sdk/vexv5\libv5rt.a(vex_global.cpp.obj)
                0x03808ba4                vex::deg
 .rodata._ZN3vex7percentE
                0x03808ba8        0x4 C:\Program Files (x86)\VEX Robotics\VEXcode Pro V5\sdk/vexv5\libv5rt.a(vex_global.cpp.obj)
                0x03808ba8                vex::percent
 .rodata._ZN3vex6PORT15E
                0x03808bac        0x4 C:\Program Files (x86)\VEX Robotics\VEXcode Pro V5\sdk/vexv5\libv5rt.a(vex_global.cpp.obj)
                0x03808bac                vex::PORT15
 .rodata._ZN3vex6PORT19E
                0x03808bb0        0x4 C:\Program Files (x86)\VEX Robotics\VEXcode Pro V5\sdk/vexv5\libv5rt.a(vex_global.cpp.obj)
                0x03808bb0                vex::PORT19
 .rodata._ZN3vex6PORT22E
                0x03808bb4        0x4 C:\Program Files (x86)\VEX Robotics\VEXcode Pro V5\sdk/vexv5\libv5rt.a(vex_global.cpp.obj)
                0x03808bb4                vex::PORT22
 .rodata._ZN3vex6orangeE
                0x03808bb8        0x4 C:\Program Files (x86)\VEX Robotics\VEXcode Pro V5\sdk/vexv5\libv5rt.a(vex_global.cpp.obj)
                0x03808bb8                vex::orange
 .rodata._ZN3vex6PORT12E
                0x03808bbc        0x4 C:\Program Files (x86)\VEX Robotics\VEXcode Pro V5\sdk/vexv5\libv5rt.a(vex_global.cpp.obj)
                0x03808bbc                vex::PORT12
 .rodata._ZN3vex5PORT7E
                0x03808bc0        0x4 C:\Program Files (x86)\VEX Robotics\VEXcode Pro V5\sdk/vexv5\libv5rt.a(vex_global.cpp.obj)
                0x03808bc0                vex::PORT7
 .rodata._ZN3vex8ratio6_1E
                0x03808bc4        0x4 C:\Program Files (x86)\VEX Robotics\VEXcode Pro V5\sdk/vexv5\libv5rt.a(vex_global.cpp.obj)
                0x03808bc4                vex::ratio6_1
 .rodata._ZN3vex5brakeE
                0x03808bc8        0x4 C:\Program Files (x86)\VEX Robotics\VEXcode Pro V5\sdk/vexv5\libv5rt.a(vex_global.cpp.obj)
                0x03808bc8                vex::brake
 .rodata._ZN3vex5coastE
                0x03808bcc        0x4 C:\Program Files (x86)\VEX Robotics\VEXcode Pro V5\sdk/vexv5\libv5rt.a(vex_global.cpp.obj)
                0x03808bcc                vex::coast
 .rodata._ZN3vex6PORT13E
                0x03808bd0        0x4 C:\Program Files (x86)\VEX Robotics\VEXcode Pro V5\sdk/vexv5\libv5rt.a(vex_global.cpp.obj)
                0x03808bd0                vex::PORT13
 .rodata._ZN3vex5PORT8E
                0x03808bd4        0x4 C:\Program Files (x86)\VEX Robotics\VEXcode Pro V5\sdk/vexv5\libv5rt.a(vex_global.cpp.obj)
                0x03808bd4                vex::PORT8
 .rodata._ZTVN3vex5motorE
                0x03808bd8       0x18 C:\Program Files (x86)\VEX Robotics\VEXcode Pro V5\sdk/vexv5\libv5rt.a(vex_motor.cpp.obj)
                0x03808bd8                vtable for vex::motor
 .rodata._ZTVN3vex8inertialE
                0x03808bf0       0x68 C:\Program Files (x86)\VEX Robotics\VEXcode Pro V5\sdk/vexv5\libv5rt.a(vex_imu.cpp.obj)
                0x03808bf0                vtable for vex::inertial
 .rodata._ZTVN3vex7opticalE
                0x03808c58       0x18 C:\Program Files (x86)\VEX Robotics\VEXcode Pro V5\sdk/vexv5\libv5rt.a(vex_optical.cpp.obj)
                0x03808c58                vtable for vex::optical
 .rodata._ZTVN3vex8distanceE
                0x03808c70       0x18 C:\Program Files (x86)\VEX Robotics\VEXcode Pro V5\sdk/vexv5\libv5rt.a(vex_distance.cpp.obj)
                0x03808c70                vtable for vex::distance
 .rodata.CSWTCH.16
                0x03808c88        0xb C:\Program Files (x86)\VEX Robotics\VEXcode Pro V5\sdk/vexv5\libv5rt.a(vex_controller.cpp.obj)
 .rodata.CSWTCH.18
                0x03808c93        0xb C:\Program Files (x86)\VEX Robotics\VEXcode Pro V5\sdk/vexv5\libv5rt.a(vex_controller.cpp.obj)
 .rodata.CSWTCH.24
                0x03808c9e        0x3 C:\Program Files (x86)\VEX Robotics\VEXcode Pro V5\sdk/vexv5\libv5rt.a(vex_controller.cpp.obj)
 .rodata.str1.1
                0x03808ca1       0x14 C:\Program Files (x86)\VEX Robotics\VEXcode Pro V5\sdk/vexv5\libv5rt.a(vex_task.cpp.obj)
 .rodata.str1.1
                0x03808cb5       0x2d C:\Program Files (x86)\VEX Robotics\VEXcode Pro V5\sdk/vexv5\libv5rt.a(vex_brain.cpp.obj)
 .rodata.CSWTCH.36
                0x03808ce2       0x10 C:\Program Files (x86)\VEX Robotics\VEXcode Pro V5\sdk/vexv5\libv5rt.a(vex_triport.cpp.obj)
 *fill*         0x03808cf2        0x6 
 .rodata._ZTVN3vex7triportE
                0x03808cf8       0x18 C:\Program Files (x86)\VEX Robotics\VEXcode Pro V5\sdk/vexv5\libv5rt.a(vex_triport.cpp.obj)
                0x03808cf8                vtable for vex::triport
 .rodata.CSWTCH.31
                0x03808d10        0xe C:\Program Files (x86)\VEX Robotics\VEXcode Pro V5\sdk/vexv5\libv5rt.a(vex_triport.cpp.obj)
 *fill*         0x03808d1e        0x2 
 .rodata._ZTVN3vex6deviceE
                0x03808d20       0x18 C:\Program Files (x86)\VEX Robotics\VEXcode Pro V5\sdk/vexv5\libv5rt.a(vex_device.cpp.obj)
                0x03808d20                vtable for vex::device
 .rodata.str1.4
                0x03808d38        0x4 C:\Program Files (x86)\VEX Robotics\VEXcode Pro V5\sdk/vexv5/gcc/libs\libc.a(lib_a-impure.o)
                                  0x2 (size before relaxing)
 *(.gnu.linkonce.r.*)
                0x03808d3c                __rodata_end = .

.rodata1        0x03808d3c        0x0
                0x03808d3c                __rodata1_start = .
 *(.rodata1)
 *(.rodata1.*)
                0x03808d3c                __rodata1_end = .

.sdata2         0x03808d3c        0x0
                0x03808d3c                __sdata2_start = .
 *(.sdata2)
 *(.sdata2.*)
 *(.gnu.linkonce.s2.*)
                0x03808d3c                __sdata2_end = .

.sbss2          0x03808d3c        0x0
                0x03808d3c                __sbss2_start = .
 *(.sbss2)
 *(.sbss2.*)
 *(.gnu.linkonce.sb2.*)
                0x03808d3c                __sbss2_end = .

.data           0x03808d40      0x484
                0x03808d40                __data_start = .
 *(.data)
 *(.data.*)
 .data.shotD    0x03808d40        0x8 build/src/main.o
                0x03808d40                shotD
 .data.maxShotT
                0x03808d48        0x8 build/src/main.o
                0x03808d48                maxShotT
 .data.recoveryTime
                0x03808d50        0x8 build/src/main.o
                0x03808d50                recoveryTime
 .data.kP       0x03808d58        0x8 build/src/main.o
                0x03808d58                kP
 .data.kP2      0x03808d60        0x8 build/src/main.o
                0x03808d60                kP2
 .data.kPEqui   0x03808d68        0x8 build/src/main.o
                0x03808d68                kPEqui
 .data.kD       0x03808d70        0x8 build/src/main.o
                0x03808d70                kD
 .data.intakeSpeed
                0x03808d78        0x8 build/src/main.o
                0x03808d78                intakeSpeed
 .data.volleySpeed
                0x03808d80        0x8 build/src/main.o
                0x03808d80                volleySpeed
 .data.redAlliance
                0x03808d88        0x1 build/src/main.o
                0x03808d88                redAlliance
 *fill*         0x03808d89        0x3 
 .data.appRunning
                0x03808d8c        0x4 C:\Program Files (x86)\VEX Robotics\VEXcode Pro V5\sdk/vexv5\libv5rt.a(v5_startup.c.obj)
                0x03808d8c                appRunning
 .data.__yoff   0x03808d90        0x4 C:\Program Files (x86)\VEX Robotics\VEXcode Pro V5\sdk/vexv5\libv5rt.a(v5_apijump.c.obj)
 .data._ZN3vex24__default_motor_velocityE
                0x03808d94        0x4 C:\Program Files (x86)\VEX Robotics\VEXcode Pro V5\sdk/vexv5\libv5rt.a(vex_motor.cpp.obj)
                0x03808d94                vex::__default_motor_velocity
 .data.impure_data
                0x03808d98      0x428 C:\Program Files (x86)\VEX Robotics\VEXcode Pro V5\sdk/vexv5/gcc/libs\libc.a(lib_a-impure.o)
 .data._impure_ptr
                0x038091c0        0x4 C:\Program Files (x86)\VEX Robotics\VEXcode Pro V5\sdk/vexv5/gcc/libs\libc.a(lib_a-impure.o)
                0x038091c0                _impure_ptr
 *(.gnu.linkonce.d.*)
 *(.jcr)
 *(.got)
 *(.got.plt)
                0x038091c4                __data_end = .

.igot.plt       0x038091c4        0x0
 .igot.plt      0x00000000        0x0 build/src/main.o

.data1          0x038091c4        0x0
                0x038091c4                __data1_start = .
 *(.data1)
 *(.data1.*)
                0x038091c4                __data1_end = .

.got
 *(.got)

.ctors          0x038091c4        0x0
                0x038091c4                __CTOR_LIST__ = .
                0x038091c4                ___CTORS_LIST___ = .
 *crtbegin.o(.ctors)
 *(EXCLUDE_FILE(*crtend.o) .ctors)
 *(SORT(.ctors.*))
 *(.ctors)
                0x038091c4                __CTOR_END__ = .
                0x038091c4                ___CTORS_END___ = .

.dtors          0x038091c4        0x0
                0x038091c4                __DTOR_LIST__ = .
                0x038091c4                ___DTORS_LIST___ = .
 *crtbegin.o(.dtors)
 *(EXCLUDE_FILE(*crtend.o) .dtors)
 *(SORT(.dtors.*))
 *(.dtors)
                0x038091c4                __DTOR_END__ = .
                0x038091c4                ___DTORS_END___ = .

.fixup          0x038091c4        0x0